###############################################################################
#
# IAR ELF Linker V9.40.1.364/W64 for ARM                  30/Jan/2026  22:06:24
# Copyright 2007-2023 IAR Systems AB.
#
#    Output file  =
#        D:\AStudyWorkS\CodeWorksSpaces\IAR940worksspaces\E07_CYT2BL3\project\iar\Debug_m4\Exe\cyt2bl3.out
#    Map file     =
#        D:\AStudyWorkS\CodeWorksSpaces\IAR940worksspaces\E07_CYT2BL3\project\iar\Debug_m4\List\cyt2bl3.map
#    Command line =
#        -f
#        D:\AStudyWorkS\CodeWorksSpaces\IAR940worksspaces\E07_CYT2BL3\project\iar\Debug_m4\Exe\cyt2bl3.out.rsp
#        (D:\AStudyWorkS\CodeWorksSpaces\IAR940worksspaces\E07_CYT2BL3\project\iar\Debug_m4\Obj\user_8514941877209965082.dir\cm4_isr.o
#        D:\AStudyWorkS\CodeWorksSpaces\IAR940worksspaces\E07_CYT2BL3\project\iar\Debug_m4\Obj\adc_11722776235721520015.dir\cy_adc.o
#        D:\AStudyWorkS\CodeWorksSpaces\IAR940worksspaces\E07_CYT2BL3\project\iar\Debug_m4\Obj\button_4990804375159372270.dir\cy_button.o
#        D:\AStudyWorkS\CodeWorksSpaces\IAR940worksspaces\E07_CYT2BL3\project\iar\Debug_m4\Obj\canfd_1800690984773873875.dir\cy_canfd.o
#        D:\AStudyWorkS\CodeWorksSpaces\IAR940worksspaces\E07_CYT2BL3\project\iar\Debug_m4\Obj\cpu_15938736945165268644.dir\cy_cpu.o
#        D:\AStudyWorkS\CodeWorksSpaces\IAR940worksspaces\E07_CYT2BL3\project\iar\Debug_m4\Obj\crypto_1190170608956581615.dir\cy_crypto_config.o
#        D:\AStudyWorkS\CodeWorksSpaces\IAR940worksspaces\E07_CYT2BL3\project\iar\Debug_m4\Obj\evtgen_3404189088603873129.dir\cy_evtgen.o
#        D:\AStudyWorkS\CodeWorksSpaces\IAR940worksspaces\E07_CYT2BL3\project\iar\Debug_m4\Obj\flash_8529866181315662935.dir\cy_flash.o
#        D:\AStudyWorkS\CodeWorksSpaces\IAR940worksspaces\E07_CYT2BL3\project\iar\Debug_m4\Obj\gpio_3999404635324069351.dir\cy_gpio.o
#        D:\AStudyWorkS\CodeWorksSpaces\IAR940worksspaces\E07_CYT2BL3\project\iar\Debug_m4\Obj\rev_b_6162237342861132223.dir\cy_interrupt_map.o
#        D:\AStudyWorkS\CodeWorksSpaces\IAR940worksspaces\E07_CYT2BL3\project\iar\Debug_m4\Obj\ipc_10145506163450686023.dir\cy_ipc_drv.o
#        D:\AStudyWorkS\CodeWorksSpaces\IAR940worksspaces\E07_CYT2BL3\project\iar\Debug_m4\Obj\ipc_10145506163450686023.dir\cy_ipc_pipe.o
#        D:\AStudyWorkS\CodeWorksSpaces\IAR940worksspaces\E07_CYT2BL3\project\iar\Debug_m4\Obj\ipc_10145506163450686023.dir\cy_ipc_sema.o
#        D:\AStudyWorkS\CodeWorksSpaces\IAR940worksspaces\E07_CYT2BL3\project\iar\Debug_m4\Obj\lin_18429031207028094880.dir\cy_lin.o
#        D:\AStudyWorkS\CodeWorksSpaces\IAR940worksspaces\E07_CYT2BL3\project\iar\Debug_m4\Obj\lvd_6353935867039560245.dir\cy_lvd.o
#        D:\AStudyWorkS\CodeWorksSpaces\IAR940worksspaces\E07_CYT2BL3\project\iar\Debug_m4\Obj\mcwdt_4052485907822033969.dir\cy_mcwdt.o
#        D:\AStudyWorkS\CodeWorksSpaces\IAR940worksspaces\E07_CYT2BL3\project\iar\Debug_m4\Obj\dma_12106025507578611576.dir\cy_mdma.o
#        D:\AStudyWorkS\CodeWorksSpaces\IAR940worksspaces\E07_CYT2BL3\project\iar\Debug_m4\Obj\mpu_5663187252346826382.dir\cy_mpu.o
#        D:\AStudyWorkS\CodeWorksSpaces\IAR940worksspaces\E07_CYT2BL3\project\iar\Debug_m4\Obj\flash_864493325053435817.dir\cy_mw_flash.o
#        D:\AStudyWorkS\CodeWorksSpaces\IAR940worksspaces\E07_CYT2BL3\project\iar\Debug_m4\Obj\dma_12106025507578611576.dir\cy_pdma.o
#        D:\AStudyWorkS\CodeWorksSpaces\IAR940worksspaces\E07_CYT2BL3\project\iar\Debug_m4\Obj\prot_10722960861768657883.dir\cy_prot.o
#        D:\AStudyWorkS\CodeWorksSpaces\IAR940worksspaces\E07_CYT2BL3\project\iar\Debug_m4\Obj\scb_15490842639181808494.dir\cy_scb_common.o
#        D:\AStudyWorkS\CodeWorksSpaces\IAR940worksspaces\E07_CYT2BL3\project\iar\Debug_m4\Obj\scb_15490842639181808494.dir\cy_scb_ezi2c.o
#        D:\AStudyWorkS\CodeWorksSpaces\IAR940worksspaces\E07_CYT2BL3\project\iar\Debug_m4\Obj\scb_15490842639181808494.dir\cy_scb_i2c.o
#        D:\AStudyWorkS\CodeWorksSpaces\IAR940worksspaces\E07_CYT2BL3\project\iar\Debug_m4\Obj\scb_15490842639181808494.dir\cy_scb_spi.o
#        D:\AStudyWorkS\CodeWorksSpaces\IAR940worksspaces\E07_CYT2BL3\project\iar\Debug_m4\Obj\scb_15490842639181808494.dir\cy_scb_uart.o
#        D:\AStudyWorkS\CodeWorksSpaces\IAR940worksspaces\E07_CYT2BL3\project\iar\Debug_m4\Obj\semihosting_143864889731838620.dir\cy_semihosting.o
#        D:\AStudyWorkS\CodeWorksSpaces\IAR940worksspaces\E07_CYT2BL3\project\iar\Debug_m4\Obj\smartio_5451710003740070188.dir\cy_smartio.o
#        D:\AStudyWorkS\CodeWorksSpaces\IAR940worksspaces\E07_CYT2BL3\project\iar\Debug_m4\Obj\smif_427648126384146252.dir\cy_smif.o
#        D:\AStudyWorkS\CodeWorksSpaces\IAR940worksspaces\E07_CYT2BL3\project\iar\Debug_m4\Obj\smif_427648126384146252.dir\cy_smif_memslot.o
#        D:\AStudyWorkS\CodeWorksSpaces\IAR940worksspaces\E07_CYT2BL3\project\iar\Debug_m4\Obj\smif_427648126384146252.dir\cy_smif_ver_specific.o
#        D:\AStudyWorkS\CodeWorksSpaces\IAR940worksspaces\E07_CYT2BL3\project\iar\Debug_m4\Obj\srom_13018798572330080582.dir\cy_srom.o
#        D:\AStudyWorkS\CodeWorksSpaces\IAR940worksspaces\E07_CYT2BL3\project\iar\Debug_m4\Obj\sw_timer_4215635015939382130.dir\cy_sw_tmr.o
#        D:\AStudyWorkS\CodeWorksSpaces\IAR940worksspaces\E07_CYT2BL3\project\iar\Debug_m4\Obj\sysclk_16149231235676103872.dir\cy_sysclk.o
#        D:\AStudyWorkS\CodeWorksSpaces\IAR940worksspaces\E07_CYT2BL3\project\iar\Debug_m4\Obj\sysflt_12293435975120599261.dir\cy_sysflt.o
#        D:\AStudyWorkS\CodeWorksSpaces\IAR940worksspaces\E07_CYT2BL3\project\iar\Debug_m4\Obj\sysint_7435970359207984181.dir\cy_sysint.o
#        D:\AStudyWorkS\CodeWorksSpaces\IAR940worksspaces\E07_CYT2BL3\project\iar\Debug_m4\Obj\syslib_16330585751512546975.dir\cy_syslib.o
#        D:\AStudyWorkS\CodeWorksSpaces\IAR940worksspaces\E07_CYT2BL3\project\iar\Debug_m4\Obj\syslib_16330585751512546975.dir\cy_syslib_iar.o
#        D:\AStudyWorkS\CodeWorksSpaces\IAR940worksspaces\E07_CYT2BL3\project\iar\Debug_m4\Obj\syspm_10887939769544754770.dir\cy_syspm.o
#        D:\AStudyWorkS\CodeWorksSpaces\IAR940worksspaces\E07_CYT2BL3\project\iar\Debug_m4\Obj\sysreset_14586141425677365288.dir\cy_sysreset.o
#        D:\AStudyWorkS\CodeWorksSpaces\IAR940worksspaces\E07_CYT2BL3\project\iar\Debug_m4\Obj\sysrtc_10747768817563771611.dir\cy_sysrtc.o
#        D:\AStudyWorkS\CodeWorksSpaces\IAR940worksspaces\E07_CYT2BL3\project\iar\Debug_m4\Obj\systick_16016591671695740695.dir\cy_systick.o
#        D:\AStudyWorkS\CodeWorksSpaces\IAR940worksspaces\E07_CYT2BL3\project\iar\Debug_m4\Obj\syswdt_9118657615806274156.dir\cy_syswdt.o
#        D:\AStudyWorkS\CodeWorksSpaces\IAR940worksspaces\E07_CYT2BL3\project\iar\Debug_m4\Obj\tcpwm_422923530147891246.dir\cy_tcpwm.o
#        D:\AStudyWorkS\CodeWorksSpaces\IAR940worksspaces\E07_CYT2BL3\project\iar\Debug_m4\Obj\tcpwm_422923530147891246.dir\cy_tcpwm_counter.o
#        D:\AStudyWorkS\CodeWorksSpaces\IAR940worksspaces\E07_CYT2BL3\project\iar\Debug_m4\Obj\tcpwm_422923530147891246.dir\cy_tcpwm_pwm.o
#        D:\AStudyWorkS\CodeWorksSpaces\IAR940worksspaces\E07_CYT2BL3\project\iar\Debug_m4\Obj\tcpwm_422923530147891246.dir\cy_tcpwm_quaddec.o
#        D:\AStudyWorkS\CodeWorksSpaces\IAR940worksspaces\E07_CYT2BL3\project\iar\Debug_m4\Obj\tcpwm_422923530147891246.dir\cy_tcpwm_sr.o
#        D:\AStudyWorkS\CodeWorksSpaces\IAR940worksspaces\E07_CYT2BL3\project\iar\Debug_m4\Obj\trigmux_9729677290734583340.dir\cy_trigmux.o
#        D:\AStudyWorkS\CodeWorksSpaces\IAR940worksspaces\E07_CYT2BL3\project\iar\Debug_m4\Obj\user_8514941877209965082.dir\main_cm4.o
#        D:\AStudyWorkS\CodeWorksSpaces\IAR940worksspaces\E07_CYT2BL3\project\iar\Debug_m4\Obj\zf_components_14936052685886095442.dir\seekfree_assistant.o
#        D:\AStudyWorkS\CodeWorksSpaces\IAR940worksspaces\E07_CYT2BL3\project\iar\Debug_m4\Obj\zf_components_14936052685886095442.dir\seekfree_assistant_interface.o
#        D:\AStudyWorkS\CodeWorksSpaces\IAR940worksspaces\E07_CYT2BL3\project\iar\Debug_m4\Obj\code_17896468042025673432.dir\small_driver_uart_control.o
#        D:\AStudyWorkS\CodeWorksSpaces\IAR940worksspaces\E07_CYT2BL3\project\iar\Debug_m4\Obj\startup_479057977785470282.dir\startup.o
#        D:\AStudyWorkS\CodeWorksSpaces\IAR940worksspaces\E07_CYT2BL3\project\iar\Debug_m4\Obj\startup_479057977785470282.dir\startup_cm4.o
#        D:\AStudyWorkS\CodeWorksSpaces\IAR940worksspaces\E07_CYT2BL3\project\iar\Debug_m4\Obj\rev_b_4986922561640112550.dir\system_tviibe4m_cm4.o
#        D:\AStudyWorkS\CodeWorksSpaces\IAR940worksspaces\E07_CYT2BL3\project\iar\Debug_m4\Obj\zf_common_1201165462030747823.dir\zf_common_clock.o
#        D:\AStudyWorkS\CodeWorksSpaces\IAR940worksspaces\E07_CYT2BL3\project\iar\Debug_m4\Obj\zf_common_1201165462030747823.dir\zf_common_debug.o
#        D:\AStudyWorkS\CodeWorksSpaces\IAR940worksspaces\E07_CYT2BL3\project\iar\Debug_m4\Obj\zf_common_1201165462030747823.dir\zf_common_fifo.o
#        D:\AStudyWorkS\CodeWorksSpaces\IAR940worksspaces\E07_CYT2BL3\project\iar\Debug_m4\Obj\zf_common_1201165462030747823.dir\zf_common_font.o
#        D:\AStudyWorkS\CodeWorksSpaces\IAR940worksspaces\E07_CYT2BL3\project\iar\Debug_m4\Obj\zf_common_1201165462030747823.dir\zf_common_function.o
#        D:\AStudyWorkS\CodeWorksSpaces\IAR940worksspaces\E07_CYT2BL3\project\iar\Debug_m4\Obj\zf_common_1201165462030747823.dir\zf_common_interrupt.o
#        D:\AStudyWorkS\CodeWorksSpaces\IAR940worksspaces\E07_CYT2BL3\project\iar\Debug_m4\Obj\zf_device_6570275422786408770.dir\zf_device_ble6a20.o
#        D:\AStudyWorkS\CodeWorksSpaces\IAR940worksspaces\E07_CYT2BL3\project\iar\Debug_m4\Obj\zf_device_6570275422786408770.dir\zf_device_dl1a.o
#        D:\AStudyWorkS\CodeWorksSpaces\IAR940worksspaces\E07_CYT2BL3\project\iar\Debug_m4\Obj\zf_device_6570275422786408770.dir\zf_device_dl1b.o
#        D:\AStudyWorkS\CodeWorksSpaces\IAR940worksspaces\E07_CYT2BL3\project\iar\Debug_m4\Obj\zf_device_6570275422786408770.dir\zf_device_gnss.o
#        D:\AStudyWorkS\CodeWorksSpaces\IAR940worksspaces\E07_CYT2BL3\project\iar\Debug_m4\Obj\zf_device_6570275422786408770.dir\zf_device_icm20602.o
#        D:\AStudyWorkS\CodeWorksSpaces\IAR940worksspaces\E07_CYT2BL3\project\iar\Debug_m4\Obj\zf_device_6570275422786408770.dir\zf_device_imu660ra.o
#        D:\AStudyWorkS\CodeWorksSpaces\IAR940worksspaces\E07_CYT2BL3\project\iar\Debug_m4\Obj\zf_device_6570275422786408770.dir\zf_device_imu963ra.o
#        D:\AStudyWorkS\CodeWorksSpaces\IAR940worksspaces\E07_CYT2BL3\project\iar\Debug_m4\Obj\zf_device_6570275422786408770.dir\zf_device_ips114.o
#        D:\AStudyWorkS\CodeWorksSpaces\IAR940worksspaces\E07_CYT2BL3\project\iar\Debug_m4\Obj\zf_device_6570275422786408770.dir\zf_device_ips200.o
#        D:\AStudyWorkS\CodeWorksSpaces\IAR940worksspaces\E07_CYT2BL3\project\iar\Debug_m4\Obj\zf_device_6570275422786408770.dir\zf_device_ips200pro.o
#        D:\AStudyWorkS\CodeWorksSpaces\IAR940worksspaces\E07_CYT2BL3\project\iar\Debug_m4\Obj\zf_device_6570275422786408770.dir\zf_device_key.o
#        D:\AStudyWorkS\CodeWorksSpaces\IAR940worksspaces\E07_CYT2BL3\project\iar\Debug_m4\Obj\zf_device_6570275422786408770.dir\zf_device_menc15a.o
#        D:\AStudyWorkS\CodeWorksSpaces\IAR940worksspaces\E07_CYT2BL3\project\iar\Debug_m4\Obj\zf_device_6570275422786408770.dir\zf_device_mt9v03x.o
#        D:\AStudyWorkS\CodeWorksSpaces\IAR940worksspaces\E07_CYT2BL3\project\iar\Debug_m4\Obj\zf_device_6570275422786408770.dir\zf_device_oled.o
#        D:\AStudyWorkS\CodeWorksSpaces\IAR940worksspaces\E07_CYT2BL3\project\iar\Debug_m4\Obj\zf_device_6570275422786408770.dir\zf_device_tft180.o
#        D:\AStudyWorkS\CodeWorksSpaces\IAR940worksspaces\E07_CYT2BL3\project\iar\Debug_m4\Obj\zf_device_6570275422786408770.dir\zf_device_tsl1401.o
#        D:\AStudyWorkS\CodeWorksSpaces\IAR940worksspaces\E07_CYT2BL3\project\iar\Debug_m4\Obj\zf_device_6570275422786408770.dir\zf_device_type.o
#        D:\AStudyWorkS\CodeWorksSpaces\IAR940worksspaces\E07_CYT2BL3\project\iar\Debug_m4\Obj\zf_device_6570275422786408770.dir\zf_device_uart_receiver.o
#        D:\AStudyWorkS\CodeWorksSpaces\IAR940worksspaces\E07_CYT2BL3\project\iar\Debug_m4\Obj\zf_device_6570275422786408770.dir\zf_device_wifi_uart.o
#        D:\AStudyWorkS\CodeWorksSpaces\IAR940worksspaces\E07_CYT2BL3\project\iar\Debug_m4\Obj\zf_device_6570275422786408770.dir\zf_device_wireless_uart.o
#        D:\AStudyWorkS\CodeWorksSpaces\IAR940worksspaces\E07_CYT2BL3\project\iar\Debug_m4\Obj\zf_driver_11922370083829174090.dir\zf_driver_adc.o
#        D:\AStudyWorkS\CodeWorksSpaces\IAR940worksspaces\E07_CYT2BL3\project\iar\Debug_m4\Obj\zf_driver_11922370083829174090.dir\zf_driver_delay.o
#        D:\AStudyWorkS\CodeWorksSpaces\IAR940worksspaces\E07_CYT2BL3\project\iar\Debug_m4\Obj\zf_driver_11922370083829174090.dir\zf_driver_encoder.o
#        D:\AStudyWorkS\CodeWorksSpaces\IAR940worksspaces\E07_CYT2BL3\project\iar\Debug_m4\Obj\zf_driver_11922370083829174090.dir\zf_driver_exti.o
#        D:\AStudyWorkS\CodeWorksSpaces\IAR940worksspaces\E07_CYT2BL3\project\iar\Debug_m4\Obj\zf_driver_11922370083829174090.dir\zf_driver_flash.o
#        D:\AStudyWorkS\CodeWorksSpaces\IAR940worksspaces\E07_CYT2BL3\project\iar\Debug_m4\Obj\zf_driver_11922370083829174090.dir\zf_driver_gpio.o
#        D:\AStudyWorkS\CodeWorksSpaces\IAR940worksspaces\E07_CYT2BL3\project\iar\Debug_m4\Obj\zf_driver_11922370083829174090.dir\zf_driver_pit.o
#        D:\AStudyWorkS\CodeWorksSpaces\IAR940worksspaces\E07_CYT2BL3\project\iar\Debug_m4\Obj\zf_driver_11922370083829174090.dir\zf_driver_pwm.o
#        D:\AStudyWorkS\CodeWorksSpaces\IAR940worksspaces\E07_CYT2BL3\project\iar\Debug_m4\Obj\zf_driver_11922370083829174090.dir\zf_driver_soft_iic.o
#        D:\AStudyWorkS\CodeWorksSpaces\IAR940worksspaces\E07_CYT2BL3\project\iar\Debug_m4\Obj\zf_driver_11922370083829174090.dir\zf_driver_soft_spi.o
#        D:\AStudyWorkS\CodeWorksSpaces\IAR940worksspaces\E07_CYT2BL3\project\iar\Debug_m4\Obj\zf_driver_11922370083829174090.dir\zf_driver_spi.o
#        D:\AStudyWorkS\CodeWorksSpaces\IAR940worksspaces\E07_CYT2BL3\project\iar\Debug_m4\Obj\zf_driver_11922370083829174090.dir\zf_driver_timer.o
#        D:\AStudyWorkS\CodeWorksSpaces\IAR940worksspaces\E07_CYT2BL3\project\iar\Debug_m4\Obj\zf_driver_11922370083829174090.dir\zf_driver_uart.o
#        --no_out_extension -o
#        D:\AStudyWorkS\CodeWorksSpaces\IAR940worksspaces\E07_CYT2BL3\project\iar\Debug_m4\Exe\cyt2bl3.out
#        --config_def _CORE_cm4_=0 --config_def _LINK_flash_=0 --map
#        D:\AStudyWorkS\CodeWorksSpaces\IAR940worksspaces\E07_CYT2BL3\project\iar\Debug_m4\List\cyt2bl3.map
#        --config
#        D:\AStudyWorkS\CodeWorksSpaces\IAR940worksspaces\E07_CYT2BL3\project\iar\project_config\..\icf\linker_directives_tviibe4m.icf
#        --semihosting
#        D:\AStudyWorkS\CodeWorksSpaces\IAR940worksspaces\E07_CYT2BL3\project\iar\project_config\..\..\..\libraries\zf_device\zf_device_config.a
#        --entry __iar_program_start --vfe --text_out locale --cpu=Cortex-M4
#        --fpu=VFPv4_sp) --dependencies=n
#        D:\AStudyWorkS\CodeWorksSpaces\IAR940worksspaces\E07_CYT2BL3\project\iar\Debug_m4\Exe\cyt2bl3.out.iar_deps
#
###############################################################################

*******************************************************************************
*** RUNTIME MODEL ATTRIBUTES
***

CppFlavor       = *
__CPP_Runtime   = 1
__SystemLibrary = DLib
__dlib_version  = 6


*******************************************************************************
*** HEAP SELECTION
***

The basic heap was selected because --advanced_heap
was not specified and the application did not appear to
be primarily optimized for speed.


*******************************************************************************
*** PLACEMENT SUMMARY
***

"A0":  place at start of [from 0x1008'0000 to 0x1040'ffff] { section .intvec };
"P1":  place in [from 0x1008'0000 to 0x1040'ffff] { ro };
"P2":  place in [from 0x802'0000 to 0x807'ffff] { rw };
define block HEAP with size = 1K, alignment = 8 { };
define block CSTACK with size = 8K, alignment = 8 { };
define block HEAP_STACK { block HEAP, last block CSTACK };
"A1":  place at end of [from 0x802'0000 to 0x807'ffff] { block HEAP_STACK };
do not initialize { section .intvec_ram };
initialize by copy { rw };

No sections matched the following patterns:

  ro section .sflash_app_prot  in "P6"
  ro section .sflash_nar       in "P4"
  ro section .sflash_pkey      in "P5"
  ro section .sflash_toc2      in "P7"
  ro section .sflash_uf_rows   in "P3"
  ro section .work_flash       in "P8"
  section .global_ram_data     in "P9"


  Section            Kind         Address    Size  Object
  -------            ----         -------    ----  ------
"P2", part 1 of 3:                          0x63c
  P2-1                         0x802'0000   0x63c  <Init block>
    .data            inited    0x802'0000   0x5fc  cy_interrupt_map.o [19]
    .data            inited    0x802'05fc     0x4  cy_interrupt_map.o [19]
    .data            inited    0x802'0600    0x1c  zf_driver_uart.o [42]
    .data            inited    0x802'061c    0x1c  zf_driver_uart.o [42]
    .data            inited    0x802'0638     0x1  main_cm4.o [38]
    .data            inited    0x802'0639     0x1  zf_common_debug.o [39]
    .data            inited    0x802'063a     0x1  zf_driver_delay.o [42]
    .data            inited    0x802'063b     0x1  zf_driver_delay.o [42]
                             - 0x802'063c   0x63c

"P2", part 2 of 3:                          0x2f8
  .bss               zero      0x802'063c   0x188  zf_driver_uart.o [42]
  .bss               zero      0x802'07c4    0x70  cy_syslib.o [30]
  .bss               zero      0x802'0834    0x40  zf_common_debug.o [39]
  .bss               zero      0x802'0874    0x18  cy_sysclk.o [27]
  .bss               zero      0x802'088c    0x18  cy_syslib.o [30]
  .bss               zero      0x802'08a4    0x18  zf_common_debug.o [39]
  .bss               zero      0x802'08bc    0x14  small_driver_uart_control.o [4]
  .bss               zero      0x802'08d0    0x14  small_driver_uart_control.o [4]
  .bss               zero      0x802'08e4    0x14  zf_common_debug.o [39]
  .bss               zero      0x802'08f8     0x8  zf_driver_uart.o [42]
  .bss               zero      0x802'0900     0x8  zf_driver_uart.o [42]
  .bss               zero      0x802'0908     0x4  cy_syslib.o [30]
  .bss               zero      0x802'090c     0x4  system_tviibe4m_cm4.o [18]
  .bss               zero      0x802'0910     0x4  system_tviibe4m_cm4.o [18]
  .bss               zero      0x802'0914     0x4  system_tviibe4m_cm4.o [18]
  .bss               zero      0x802'0918     0x4  system_tviibe4m_cm4.o [18]
  .bss               zero      0x802'091c     0x4  system_tviibe4m_cm4.o [18]
  .bss               zero      0x802'0920     0x4  zf_common_clock.o [39]
  .bss               zero      0x802'0924     0x4  zf_common_interrupt.o [39]
  .bss               zero      0x802'0928     0x4  xfail_s.o [43]
  .bss               zero      0x802'092c     0x1  cy_sysclk.o [27]
  .bss               zero      0x802'092d     0x1  main_cm4.o [38]
  .bss               zero      0x802'092e     0x1  zf_common_debug.o [39]
  .bss               zero      0x802'092f     0x1  zf_common_debug.o [39]
  .bss               zero      0x802'0930     0x1  zf_common_debug.o [39]
                             - 0x802'0931   0x2f5

"P2", part 3 of 3:                           0x80
  .intvec_ram        uninit    0x802'0c00    0x80  startup_cm4.o [25]
                             - 0x802'0c80    0x80

"A1":                                      0x2000
  HEAP_STACK                   0x807'e000  0x2000  <Block>
    CSTACK                     0x807'e000  0x2000  <Block>
      CSTACK         uninit    0x807'e000  0x2000  <Block tail>
                             - 0x808'0000  0x2000

"A0":                                        0x80
  .intvec            ro code  0x1008'0000    0x80  startup_cm4.o [25]
                            - 0x1008'0080    0x80

"P1":                                      0x4b34
  .text              ro code  0x1008'0080   0xeae  xprintffull_nomb.o [43]
  .text              ro code  0x1008'0f2e    0x7e  lz77_init_single.o [45]
  .text              ro code  0x1008'0fac    0x16  strchr.o [45]
  .text              ro code  0x1008'0fc2     0xa  xsprout.o [43]
  .text              ro code  0x1008'0fcc    0x40  xfail_s.o [43]
  .text              ro code  0x1008'100c    0x36  strlen.o [45]
  .text              ro code  0x1008'1044    0x58  memchr.o [45]
  .text              ro code  0x1008'109c    0xa6  ABImemcpy.o [45]
  .text              ro code  0x1008'1144    0x70  frexp.o [44]
  .text              ro code  0x1008'11b4    0x34  DblCmpLe.o [44]
  .text              ro code  0x1008'11e8    0x34  DblCmpGe.o [44]
  .text              ro code  0x1008'121c   0x13a  ldexp.o [44]
  .text              ro code  0x1008'1358    0x36  DblToS32.o [44]
  .text              ro code  0x1008'1390    0x22  S32ToDbl.o [44]
  .text              ro code  0x1008'13b4   0x24e  DblAddSub.o [44]
  .text              ro code  0x1008'1604   0x246  DblDiv.o [44]
  .text              ro code  0x1008'184c    0x22  DblToU32.o [44]
  .text              ro code  0x1008'1870    0x1c  U32ToDbl.o [44]
  .text              ro code  0x1008'188c   0x1aa  DblMul.o [44]
  .text              ro code  0x1008'1a38   0x230  I64DivMod.o [45]
  .text              ro code  0x1008'1c68     0x6  abort.o [43]
  .text              ro code  0x1008'1c70     0x2  I64DivZer.o [45]
  .text              ro code  0x1008'1c74    0x14  exit.o [46]
  .text              ro code  0x1008'1c88   0x868  zf_driver_uart.o [42]
  .text              ro code  0x1008'24f0   0x438  zf_common_debug.o [39]
  .text              ro code  0x1008'2928     0x6  ABImemclr4.o [45]
  .text              ro code  0x1008'2930    0x66  ABImemset.o [45]
  .text              ro code  0x1008'2998   0x198  cy_gpio.o [11]
  .text              ro code  0x1008'2b30   0x314  cy_scb_uart.o [20]
  .text              ro code  0x1008'2e44    0xe2  zf_common_interrupt.o [39]
  .text              ro code  0x1008'2f28    0x40  sprintf.o [43]
  .text              ro code  0x1008'2f68   0x200  zf_common_fifo.o [39]
  .text              ro code  0x1008'3168    0x32  ABImemset48.o [45]
  .text              ro code  0x1008'319c    0x20  zf_driver_pwm.o [42]
  .text              ro code  0x1008'31bc    0x5c  cy_sysint.o [29]
  .text              ro code  0x1008'3218   0x678  cy_sysclk.o [27]
  .text              ro code  0x1008'3890    0x70  strncpy.o [45]
  .text              ro code  0x1008'3900    0xa8  cy_syslib.o [30]
  .text              ro code  0x1008'39a8     0x2  cy_syslib.o [30]
  .text              ro code  0x1008'39ac   0x220  zf_driver_delay.o [42]
  .text              ro code  0x1008'3bcc   0x1a2  cy_tcpwm_counter.o [36]
  .text              ro code  0x1008'3d6e     0xc  cy_tcpwm.o [36]
  .text              ro code  0x1008'3d7c   0x21c  small_driver_uart_control.o [4]
  .text              ro code  0x1008'3f98   0x198  cy_interrupt_map.o [19]
  .text              ro code  0x1008'4130   0x170  startup.o [25]
  .text              ro code  0x1008'42a0    0xec  system_tviibe4m_cm4.o [18]
  .text              ro code  0x1008'438c     0x8  startup_cm4.o [25]
  .text              ro code  0x1008'4394     0x6  startup_cm4.o [25]
  .text              ro code  0x1008'439c    0xcc  main_cm4.o [38]
  .text              ro code  0x1008'4468    0x1c  zf_common_clock.o [39]
  .text              ro code  0x1008'4484    0x28  printf.o [43]
  .rodata            const    0x1008'44ac    0x78  system_tviibe4m_cm4.o [18]
  .rodata            const    0x1008'4524    0x74  cy_sysclk.o [27]
  .rodata            const    0x1008'4598    0x74  cy_sysclk.o [27]
  .rodata            const    0x1008'460c    0x64  zf_common_fifo.o [39]
  .rodata            const    0x1008'4670    0x64  zf_driver_uart.o [42]
  .text              ro code  0x1008'46d4    0x62  cm4_isr.o [38]
  .text              ro code  0x1008'4738    0x44  startup_cm4.o [25]
  .text              ro code  0x1008'477c    0x38  zero_init3.o [45]
  .rodata            const    0x1008'47b4    0x30  main_cm4.o [38]
  .rodata            const    0x1008'47e4    0x30  main_cm4.o [38]
  .text              ro code  0x1008'4814    0x28  data_init.o [45]
  .text              ro code  0x1008'483c    0x22  fpinit_M.o [44]
  .iar.init_table    const    0x1008'4860    0x20  - Linker created -
  .text              ro code  0x1008'4880    0x20  startup_cm4.o [25]
  .text              ro code  0x1008'48a0    0x20  putchar.o [43]
  .text              ro code  0x1008'48c0    0x1e  cy_syslib_iar.o [30]
  .text              ro code  0x1008'48e0    0x1e  cmain.o [45]
  .text              ro code  0x1008'4900     0x4  startup_cm4.o [25]
  .text              ro code  0x1008'4904     0x4  exit.o [43]
  .text              ro code  0x1008'4908     0xa  cexit.o [45]
  .rodata            const    0x1008'4914    0x1c  zf_common_debug.o [39]
  .text              ro code  0x1008'4930    0x1c  startup_cm4.o [25]
  .text              ro code  0x1008'494c    0x1c  cstartup_M.o [45]
  .rodata            const    0x1008'4968    0x18  system_tviibe4m_cm4.o [18]
  .rodata            const    0x1008'4980    0x18  zf_common_debug.o [39]
  .text              ro code  0x1008'4998    0x16  xprout.o [43]
  .rodata            const    0x1008'49b0    0x10  zf_common_debug.o [39]
  .rodata            const    0x1008'49c0    0x10  zf_common_debug.o [39]
  .rodata            const    0x1008'49d0     0xc  zf_common_debug.o [39]
  .rodata            const    0x1008'49dc     0xc  zf_common_debug.o [39]
  .text              ro code  0x1008'49e8     0xc  cy_syslib.o [30]
  .rodata            const    0x1008'49f4     0x8  startup.o [25]
  .rodata            const    0x1008'49fc     0x4  cy_interrupt_map.o [19]
  .rodata            const    0x1008'4a00     0x4  cy_interrupt_map.o [19]
  .rodata            const    0x1008'4a04     0x4  cy_interrupt_map.o [19]
  .rodata            const    0x1008'4a08     0x4  cy_interrupt_map.o [19]
  .rodata            const    0x1008'4a0c     0x4  cy_interrupt_map.o [19]
  .rodata            const    0x1008'4a10     0x4  cy_interrupt_map.o [19]
  .rodata            const    0x1008'4a14     0x4  cy_interrupt_map.o [19]
  .rodata            const    0x1008'4a18     0x4  cy_interrupt_map.o [19]
  .rodata            const    0x1008'4a1c     0x4  cy_scb_uart.o [20]
  .rodata            const    0x1008'4a20     0x4  cy_scb_uart.o [20]
  .rodata            const    0x1008'4a24     0x4  cy_scb_uart.o [20]
  .rodata            const    0x1008'4a28     0x4  cy_scb_uart.o [20]
  .rodata            const    0x1008'4a2c     0x4  cy_scb_uart.o [20]
  .rodata            const    0x1008'4a30     0x4  cy_scb_uart.o [20]
  .rodata            const    0x1008'4a34     0x4  cy_scb_uart.o [20]
  .rodata            const    0x1008'4a38     0x4  cy_scb_uart.o [20]
  .rodata            const    0x1008'4a3c     0x4  cy_scb_uart.o [20]
  .rodata            const    0x1008'4a40     0x4  cy_scb_uart.o [20]
  .rodata            const    0x1008'4a44     0x4  cy_sysint.o [29]
  .rodata            const    0x1008'4a48     0x4  cy_tcpwm_counter.o [36]
  .rodata            const    0x1008'4a4c     0x4  cy_tcpwm_counter.o [36]
  .rodata            const    0x1008'4a50     0x4  cy_tcpwm_counter.o [36]
  .rodata            const    0x1008'4a54     0x4  cy_tcpwm_counter.o [36]
  .rodata            const    0x1008'4a58     0x4  cy_tcpwm_counter.o [36]
  .text              ro code  0x1008'4a5c     0x4  startup_cm4.o [25]
  .text              ro code  0x1008'4a60     0x4  startup_cm4.o [25]
  .text              ro code  0x1008'4a64     0x4  startup_cm4.o [25]
  .text              ro code  0x1008'4a68     0x4  startup_cm4.o [25]
  .text              ro code  0x1008'4a6c     0x4  startup_cm4.o [25]
  .text              ro code  0x1008'4a70     0x4  startup_cm4.o [25]
  .text              ro code  0x1008'4a74     0x4  startup_cm4.o [25]
  .text              ro code  0x1008'4a78     0x4  startup_cm4.o [25]
  .text              ro code  0x1008'4a7c     0x4  startup_cm4.o [25]
  .text              ro code  0x1008'4a80     0x4  startup_cm4.o [25]
  .text              ro code  0x1008'4a84     0x4  startup_cm4.o [25]
  .text              ro code  0x1008'4a88     0x4  startup_cm4.o [25]
  .text              ro code  0x1008'4a8c     0x4  startup_cm4.o [25]
  .text              ro code  0x1008'4a90     0x4  startup_cm4.o [25]
  .text              ro code  0x1008'4a94     0x4  startup_cm4.o [25]
  .rodata            const    0x1008'4a98     0x0  zero_init3.o [45]
  .rodata            const    0x1008'4a98     0x0  lz77_init_single.o [45]
  Initializer bytes  const    0x1008'4a98    0x52  <for P2-1>
                            - 0x1008'4aea  0x4a6a

Unused ranges:

         From           To       Size
         ----           --       ----
   0x802'0934   0x802'0bff      0x2cc
   0x802'0c80   0x807'dfff   0x5'd380
  0x1008'4bb4  0x1040'ffff  0x38'b44c


*******************************************************************************
*** INIT TABLE
***

          Address      Size
          -------      ----
Zero (__iar_zero_init3)
    1 destination range, total size 0x2f5:
           0x802'063c  0x2f5

Copy/lz77 (__iar_lz77_init_single3)
    1 source range, total size 0x52 (5% of destination):
          0x1008'4a98   0x52
    1 destination range, total size 0x63c:
           0x802'0000  0x63c



*******************************************************************************
*** MODULE SUMMARY
***

    Module                       ro code  ro data  rw data
    ------                       -------  -------  -------
command line/config:
    ------------------------------------------------------
    Total:

D:\AStudyWorkS\CodeWorksSpaces\IAR940worksspaces\E07_CYT2BL3\project\iar\Debug_m4\Obj\adc_11722776235721520015.dir: [1]
    ------------------------------------------------------
    Total:

D:\AStudyWorkS\CodeWorksSpaces\IAR940worksspaces\E07_CYT2BL3\project\iar\Debug_m4\Obj\button_4990804375159372270.dir: [2]
    ------------------------------------------------------
    Total:

D:\AStudyWorkS\CodeWorksSpaces\IAR940worksspaces\E07_CYT2BL3\project\iar\Debug_m4\Obj\canfd_1800690984773873875.dir: [3]
    ------------------------------------------------------
    Total:

D:\AStudyWorkS\CodeWorksSpaces\IAR940worksspaces\E07_CYT2BL3\project\iar\Debug_m4\Obj\code_17896468042025673432.dir: [4]
    small_driver_uart_control.o      540                40
    ------------------------------------------------------
    Total:                           540                40

D:\AStudyWorkS\CodeWorksSpaces\IAR940worksspaces\E07_CYT2BL3\project\iar\Debug_m4\Obj\cpu_15938736945165268644.dir: [5]
    ------------------------------------------------------
    Total:

D:\AStudyWorkS\CodeWorksSpaces\IAR940worksspaces\E07_CYT2BL3\project\iar\Debug_m4\Obj\crypto_1190170608956581615.dir: [6]
    ------------------------------------------------------
    Total:

D:\AStudyWorkS\CodeWorksSpaces\IAR940worksspaces\E07_CYT2BL3\project\iar\Debug_m4\Obj\dma_12106025507578611576.dir: [7]
    ------------------------------------------------------
    Total:

D:\AStudyWorkS\CodeWorksSpaces\IAR940worksspaces\E07_CYT2BL3\project\iar\Debug_m4\Obj\evtgen_3404189088603873129.dir: [8]
    ------------------------------------------------------
    Total:

D:\AStudyWorkS\CodeWorksSpaces\IAR940worksspaces\E07_CYT2BL3\project\iar\Debug_m4\Obj\flash_8529866181315662935.dir: [9]
    ------------------------------------------------------
    Total:

D:\AStudyWorkS\CodeWorksSpaces\IAR940worksspaces\E07_CYT2BL3\project\iar\Debug_m4\Obj\flash_864493325053435817.dir: [10]
    ------------------------------------------------------
    Total:

D:\AStudyWorkS\CodeWorksSpaces\IAR940worksspaces\E07_CYT2BL3\project\iar\Debug_m4\Obj\gpio_3999404635324069351.dir: [11]
    cy_gpio.o                        408
    ------------------------------------------------------
    Total:                           408

D:\AStudyWorkS\CodeWorksSpaces\IAR940worksspaces\E07_CYT2BL3\project\iar\Debug_m4\Obj\ipc_10145506163450686023.dir: [12]
    ------------------------------------------------------
    Total:

D:\AStudyWorkS\CodeWorksSpaces\IAR940worksspaces\E07_CYT2BL3\project\iar\Debug_m4\Obj\lin_18429031207028094880.dir: [13]
    ------------------------------------------------------
    Total:

D:\AStudyWorkS\CodeWorksSpaces\IAR940worksspaces\E07_CYT2BL3\project\iar\Debug_m4\Obj\lvd_6353935867039560245.dir: [14]
    ------------------------------------------------------
    Total:

D:\AStudyWorkS\CodeWorksSpaces\IAR940worksspaces\E07_CYT2BL3\project\iar\Debug_m4\Obj\mcwdt_4052485907822033969.dir: [15]
    ------------------------------------------------------
    Total:

D:\AStudyWorkS\CodeWorksSpaces\IAR940worksspaces\E07_CYT2BL3\project\iar\Debug_m4\Obj\mpu_5663187252346826382.dir: [16]
    ------------------------------------------------------
    Total:

D:\AStudyWorkS\CodeWorksSpaces\IAR940worksspaces\E07_CYT2BL3\project\iar\Debug_m4\Obj\prot_10722960861768657883.dir: [17]
    ------------------------------------------------------
    Total:

D:\AStudyWorkS\CodeWorksSpaces\IAR940worksspaces\E07_CYT2BL3\project\iar\Debug_m4\Obj\rev_b_4986922561640112550.dir: [18]
    system_tviibe4m_cm4.o            236      144       20
    ------------------------------------------------------
    Total:                           236      144       20

D:\AStudyWorkS\CodeWorksSpaces\IAR940worksspaces\E07_CYT2BL3\project\iar\Debug_m4\Obj\rev_b_6162237342861132223.dir: [19]
    cy_interrupt_map.o               408      110    1'536
    ------------------------------------------------------
    Total:                           408      110    1'536

D:\AStudyWorkS\CodeWorksSpaces\IAR940worksspaces\E07_CYT2BL3\project\iar\Debug_m4\Obj\scb_15490842639181808494.dir: [20]
    cy_scb_uart.o                    788       40
    ------------------------------------------------------
    Total:                           788       40

D:\AStudyWorkS\CodeWorksSpaces\IAR940worksspaces\E07_CYT2BL3\project\iar\Debug_m4\Obj\semihosting_143864889731838620.dir: [21]
    ------------------------------------------------------
    Total:

D:\AStudyWorkS\CodeWorksSpaces\IAR940worksspaces\E07_CYT2BL3\project\iar\Debug_m4\Obj\smartio_5451710003740070188.dir: [22]
    ------------------------------------------------------
    Total:

D:\AStudyWorkS\CodeWorksSpaces\IAR940worksspaces\E07_CYT2BL3\project\iar\Debug_m4\Obj\smif_427648126384146252.dir: [23]
    ------------------------------------------------------
    Total:

D:\AStudyWorkS\CodeWorksSpaces\IAR940worksspaces\E07_CYT2BL3\project\iar\Debug_m4\Obj\srom_13018798572330080582.dir: [24]
    ------------------------------------------------------
    Total:

D:\AStudyWorkS\CodeWorksSpaces\IAR940worksspaces\E07_CYT2BL3\project\iar\Debug_m4\Obj\startup_479057977785470282.dir: [25]
    startup.o                        368        8
    startup_cm4.o                    334               128
    ------------------------------------------------------
    Total:                           702        8      128

D:\AStudyWorkS\CodeWorksSpaces\IAR940worksspaces\E07_CYT2BL3\project\iar\Debug_m4\Obj\sw_timer_4215635015939382130.dir: [26]
    ------------------------------------------------------
    Total:

D:\AStudyWorkS\CodeWorksSpaces\IAR940worksspaces\E07_CYT2BL3\project\iar\Debug_m4\Obj\sysclk_16149231235676103872.dir: [27]
    cy_sysclk.o                    1'656      232       25
    ------------------------------------------------------
    Total:                         1'656      232       25

D:\AStudyWorkS\CodeWorksSpaces\IAR940worksspaces\E07_CYT2BL3\project\iar\Debug_m4\Obj\sysflt_12293435975120599261.dir: [28]
    ------------------------------------------------------
    Total:

D:\AStudyWorkS\CodeWorksSpaces\IAR940worksspaces\E07_CYT2BL3\project\iar\Debug_m4\Obj\sysint_7435970359207984181.dir: [29]
    cy_sysint.o                       92        4
    ------------------------------------------------------
    Total:                            92        4

D:\AStudyWorkS\CodeWorksSpaces\IAR940worksspaces\E07_CYT2BL3\project\iar\Debug_m4\Obj\syslib_16330585751512546975.dir: [30]
    cy_syslib.o                      182               140
    cy_syslib_iar.o                   30
    ------------------------------------------------------
    Total:                           212               140

D:\AStudyWorkS\CodeWorksSpaces\IAR940worksspaces\E07_CYT2BL3\project\iar\Debug_m4\Obj\syspm_10887939769544754770.dir: [31]
    ------------------------------------------------------
    Total:

D:\AStudyWorkS\CodeWorksSpaces\IAR940worksspaces\E07_CYT2BL3\project\iar\Debug_m4\Obj\sysreset_14586141425677365288.dir: [32]
    ------------------------------------------------------
    Total:

D:\AStudyWorkS\CodeWorksSpaces\IAR940worksspaces\E07_CYT2BL3\project\iar\Debug_m4\Obj\sysrtc_10747768817563771611.dir: [33]
    ------------------------------------------------------
    Total:

D:\AStudyWorkS\CodeWorksSpaces\IAR940worksspaces\E07_CYT2BL3\project\iar\Debug_m4\Obj\systick_16016591671695740695.dir: [34]
    ------------------------------------------------------
    Total:

D:\AStudyWorkS\CodeWorksSpaces\IAR940worksspaces\E07_CYT2BL3\project\iar\Debug_m4\Obj\syswdt_9118657615806274156.dir: [35]
    ------------------------------------------------------
    Total:

D:\AStudyWorkS\CodeWorksSpaces\IAR940worksspaces\E07_CYT2BL3\project\iar\Debug_m4\Obj\tcpwm_422923530147891246.dir: [36]
    cy_tcpwm.o                        12
    cy_tcpwm_counter.o               418       20
    ------------------------------------------------------
    Total:                           430       20

D:\AStudyWorkS\CodeWorksSpaces\IAR940worksspaces\E07_CYT2BL3\project\iar\Debug_m4\Obj\trigmux_9729677290734583340.dir: [37]
    ------------------------------------------------------
    Total:

D:\AStudyWorkS\CodeWorksSpaces\IAR940worksspaces\E07_CYT2BL3\project\iar\Debug_m4\Obj\user_8514941877209965082.dir: [38]
    cm4_isr.o                         98
    main_cm4.o                       204       96        2
    ------------------------------------------------------
    Total:                           302       96        2

D:\AStudyWorkS\CodeWorksSpaces\IAR940worksspaces\E07_CYT2BL3\project\iar\Debug_m4\Obj\zf_common_1201165462030747823.dir: [39]
    zf_common_clock.o                 28                 4
    zf_common_debug.o              1'080      108      112
    zf_common_fifo.o                 512      100
    zf_common_interrupt.o            226                 4
    ------------------------------------------------------
    Total:                         1'846      208      120

D:\AStudyWorkS\CodeWorksSpaces\IAR940worksspaces\E07_CYT2BL3\project\iar\Debug_m4\Obj\zf_components_14936052685886095442.dir: [40]
    ------------------------------------------------------
    Total:

D:\AStudyWorkS\CodeWorksSpaces\IAR940worksspaces\E07_CYT2BL3\project\iar\Debug_m4\Obj\zf_device_6570275422786408770.dir: [41]
    ------------------------------------------------------
    Total:

D:\AStudyWorkS\CodeWorksSpaces\IAR940worksspaces\E07_CYT2BL3\project\iar\Debug_m4\Obj\zf_driver_11922370083829174090.dir: [42]
    zf_driver_delay.o                544        1        2
    zf_driver_pwm.o                   32
    zf_driver_uart.o               2'152      103      464
    ------------------------------------------------------
    Total:                         2'728      104      466

dl7M_tln.a: [43]
    abort.o                            6
    exit.o                             4
    printf.o                          40
    putchar.o                         32
    sprintf.o                         64
    xfail_s.o                         64                 4
    xprintffull_nomb.o             3'758
    xprout.o                          22
    xsprout.o                         10
    ------------------------------------------------------
    Total:                         4'000                 4

m7M_tls.a: [44]
    DblAddSub.o                      590
    DblCmpGe.o                        52
    DblCmpLe.o                        52
    DblDiv.o                         582
    DblMul.o                         426
    DblToS32.o                        54
    DblToU32.o                        34
    S32ToDbl.o                        34
    U32ToDbl.o                        28
    fpinit_M.o                        34
    frexp.o                          112
    ldexp.o                          314
    ------------------------------------------------------
    Total:                         2'312

rt7M_tl.a: [45]
    ABImemclr4.o                       6
    ABImemcpy.o                      166
    ABImemset.o                      102
    ABImemset48.o                     50
    I64DivMod.o                      560
    I64DivZer.o                        2
    cexit.o                           10
    cmain.o                           30
    cstartup_M.o                      28
    data_init.o                       40
    lz77_init_single.o               126
    memchr.o                          88
    strchr.o                          22
    strlen.o                          54
    strncpy.o                        112
    zero_init3.o                      56
    ------------------------------------------------------
    Total:                         1'452

shb_l.a: [46]
    exit.o                            20
    ------------------------------------------------------
    Total:                            20

    Gaps                              42        6
    Linker created                             32    8'192
----------------------------------------------------------
    Grand Total:                  18'174    1'004   10'673


*******************************************************************************
*** ENTRY LIST
***

Entry                       Address   Size  Type      Object
-----                       -------   ----  ----      ------
.iar.init_table$$Base   0x1008'4860          --   Gb  - Linker created -
.iar.init_table$$Limit  0x1008'4880          --   Gb  - Linker created -
?main                   0x1008'48e1         Code  Gb  cmain.o [45]
BusFault_Handler        0x1008'4a65         Code  Wk  startup_cm4.o [25]
CSTACK$$Base             0x807'e000          --   Gb  - Linker created -
CSTACK$$Limit            0x808'0000          --   Gb  - Linker created -
CopyVectorTable         0x1008'4251   0x34  Code  Lc  startup.o [25]
CpuUserInt0_Handler     0x1008'3fb7   0x26  Code  Gb  cy_interrupt_map.o [19]
CpuUserInt10_Handler    0x1008'4a81         Code  Wk  startup_cm4.o [25]
CpuUserInt11_Handler    0x1008'4a85         Code  Wk  startup_cm4.o [25]
CpuUserInt12_Handler    0x1008'4a89         Code  Wk  startup_cm4.o [25]
CpuUserInt13_Handler    0x1008'4a8d         Code  Wk  startup_cm4.o [25]
CpuUserInt14_Handler    0x1008'4a91         Code  Wk  startup_cm4.o [25]
CpuUserInt15_Handler    0x1008'4a95         Code  Wk  startup_cm4.o [25]
CpuUserInt1_Handler     0x1008'3fdd   0x26  Code  Gb  cy_interrupt_map.o [19]
CpuUserInt2_Handler     0x1008'4003   0x26  Code  Gb  cy_interrupt_map.o [19]
CpuUserInt3_Handler     0x1008'4029   0x26  Code  Gb  cy_interrupt_map.o [19]
CpuUserInt4_Handler     0x1008'404f   0x26  Code  Gb  cy_interrupt_map.o [19]
CpuUserInt5_Handler     0x1008'4075   0x26  Code  Gb  cy_interrupt_map.o [19]
CpuUserInt6_Handler     0x1008'409b   0x26  Code  Gb  cy_interrupt_map.o [19]
CpuUserInt7_Handler     0x1008'40c1   0x26  Code  Gb  cy_interrupt_map.o [19]
CpuUserInt8_Handler     0x1008'4a79         Code  Wk  startup_cm4.o [25]
CpuUserInt9_Handler     0x1008'4a7d         Code  Wk  startup_cm4.o [25]
Cy_DefaultUserHandler   0x1008'3fb5    0x2  Code  Gb  cy_interrupt_map.o [19]
Cy_GPIO_ClearInterrupt  0x1008'2a6b    0xe  Code  Lc  cy_gpio.o [11]
Cy_GPIO_Pin_Init        0x1008'2aaf   0x74  Code  Gb  cy_gpio.o [11]
Cy_GPIO_Set             0x1008'1dbf    0xa  Code  Lc  zf_driver_uart.o [42]
Cy_GPIO_SetDriveSel     0x1008'2a4d   0x1e  Code  Lc  cy_gpio.o [11]
Cy_GPIO_SetDrivemode    0x1008'29fd   0x1c  Code  Lc  cy_gpio.o [11]
Cy_GPIO_SetHSIOM        0x1008'2999   0x4c  Code  Lc  cy_gpio.o [11]
Cy_GPIO_SetInterruptEdge
                        0x1008'2a93   0x1c  Code  Lc  cy_gpio.o [11]
Cy_GPIO_SetInterruptMask
                        0x1008'2a79   0x1a  Code  Lc  cy_gpio.o [11]
Cy_GPIO_SetSlewRate     0x1008'2a33   0x1a  Code  Lc  cy_gpio.o [11]
Cy_GPIO_SetVtrip        0x1008'2a19   0x1a  Code  Lc  cy_gpio.o [11]
Cy_GPIO_Write           0x1008'29e5   0x18  Code  Lc  cy_gpio.o [11]
Cy_RestoreIRQ           0x1008'4395         Code  Gb  startup_cm4.o [25]
Cy_SCB_ClearRxInterrupt
                        0x1008'1e21    0xa  Code  Lc  zf_driver_uart.o [42]
Cy_SCB_ClearTxInterrupt
                        0x1008'1e37    0xa  Code  Lc  zf_driver_uart.o [42]
Cy_SCB_GetNumInRxFifo   0x1008'1dcf    0xa  Code  Lc  zf_driver_uart.o [42]
Cy_SCB_GetNumInTxFifo   0x1008'1ddf    0xa  Code  Lc  zf_driver_uart.o [42]
Cy_SCB_GetRxInterruptMask
                        0x1008'1e1b    0x6  Code  Lc  zf_driver_uart.o [42]
Cy_SCB_GetTxInterruptMask
                        0x1008'1e31    0x6  Code  Lc  zf_driver_uart.o [42]
Cy_SCB_GetTxSrValid     0x1008'1de9    0xa  Code  Lc  zf_driver_uart.o [42]
Cy_SCB_IsTxComplete     0x1008'1df3   0x22  Code  Lc  zf_driver_uart.o [42]
Cy_SCB_ReadRxFifo       0x1008'1dc9    0x6  Code  Lc  zf_driver_uart.o [42]
Cy_SCB_SetRxInterruptMask
                        0x1008'1e15    0x6  Code  Lc  zf_driver_uart.o [42]
Cy_SCB_SetTxInterruptMask
                        0x1008'1e2b    0x6  Code  Lc  zf_driver_uart.o [42]
Cy_SCB_UART_DeInit      0x1008'2db5   0x5c  Code  Gb  cy_scb_uart.o [20]
Cy_SCB_UART_Enable      0x1008'1e41    0xa  Code  Lc  zf_driver_uart.o [42]
Cy_SCB_UART_Init        0x1008'2b31  0x284  Code  Gb  cy_scb_uart.o [20]
Cy_SCB_WriteTxFifo      0x1008'1dd9    0x6  Code  Lc  zf_driver_uart.o [42]
Cy_SaveIRQ              0x1008'438d         Code  Gb  startup_cm4.o [25]
Cy_SysClk_CheckDividerExisting
                        0x1008'39ad   0x34  Code  Lc  zf_driver_delay.o [42]
Cy_SysClk_CheckDividerExisting
                        0x1008'1c89   0x34  Code  Lc  zf_driver_uart.o [42]
Cy_SysClk_ClkPathGetSource
                        0x1008'332f   0x54  Code  Gb  cy_sysclk.o [27]
Cy_SysClk_EcoGetStatus  0x1008'3219   0x1a  Code  Lc  cy_sysclk.o [27]
Cy_SysClk_FastClkGetDivider
                        0x1008'3323    0xc  Code  Lc  cy_sysclk.o [27]
Cy_SysClk_FllGetConfiguration
                        0x1008'3383   0x7e  Code  Gb  cy_sysclk.o [27]
Cy_SysClk_FllGetLockStatus
                        0x1008'3233    0xc  Code  Lc  cy_sysclk.o [27]
Cy_SysClk_GetCoreFrequency
                        0x1008'3863    0x8  Code  Gb  cy_sysclk.o [27]
Cy_SysClk_GetEcoFrequency
                        0x1008'34cd   0x32  Code  Gb  cy_sysclk.o [27]
Cy_SysClk_GetExtFrequency
                        0x1008'3501   0x1e  Code  Gb  cy_sysclk.o [27]
Cy_SysClk_GetFastFrequency
                        0x1008'3835   0x2e  Code  Gb  cy_sysclk.o [27]
Cy_SysClk_GetFllInputFrequency
                        0x1008'3629    0xc  Code  Gb  cy_sysclk.o [27]
Cy_SysClk_GetFllOutputFrequency
                        0x1008'3651   0x78  Code  Gb  cy_sysclk.o [27]
Cy_SysClk_GetHfClkFrequency
                        0x1008'37bb   0x7a  Code  Gb  cy_sysclk.o [27]
Cy_SysClk_GetIlo0Frequency
                        0x1008'3521   0x32  Code  Gb  cy_sysclk.o [27]
Cy_SysClk_GetIlo1Frequency
                        0x1008'3553   0x32  Code  Gb  cy_sysclk.o [27]
Cy_SysClk_GetImoFrequency
                        0x1008'349b   0x32  Code  Gb  cy_sysclk.o [27]
Cy_SysClk_GetPathFrequency
                        0x1008'3789   0x32  Code  Gb  cy_sysclk.o [27]
Cy_SysClk_GetPathSourceFrequency
                        0x1008'35c5   0x64  Code  Gb  cy_sysclk.o [27]
Cy_SysClk_GetPllInputFrequency
                        0x1008'3635   0x1c  Code  Gb  cy_sysclk.o [27]
Cy_SysClk_GetPllNo      0x1008'3241   0x14  Code  Lc  cy_sysclk.o [27]
Cy_SysClk_GetPllOutputFrequency
                        0x1008'36c9   0xba  Code  Gb  cy_sysclk.o [27]
Cy_SysClk_GetWcoFrequency
                        0x1008'3585   0x32  Code  Gb  cy_sysclk.o [27]
Cy_SysClk_HfClockGetDivider
                        0x1008'32e1   0x42  Code  Lc  cy_sysclk.o [27]
Cy_SysClk_HfClockGetSource
                        0x1008'328d   0x54  Code  Lc  cy_sysclk.o [27]
Cy_SysClk_InitGetFreqParams
                        0x1008'3481   0x1a  Code  Gb  cy_sysclk.o [27]
Cy_SysClk_PeriphAssignDivider
                        0x1008'3a47   0x38  Code  Lc  zf_driver_delay.o [42]
Cy_SysClk_PeriphAssignDivider
                        0x1008'1d49   0x3a  Code  Lc  zf_driver_uart.o [42]
Cy_SysClk_PeriphEnableDivider
                        0x1008'3a7f   0x3a  Code  Lc  zf_driver_delay.o [42]
Cy_SysClk_PeriphEnableDivider
                        0x1008'1d83   0x3c  Code  Lc  zf_driver_uart.o [42]
Cy_SysClk_PeriphSetDivider
                        0x1008'39e1   0x66  Code  Lc  zf_driver_delay.o [42]
Cy_SysClk_PeriphSetFracDivider
                        0x1008'1cbd   0x8c  Code  Lc  zf_driver_uart.o [42]
Cy_SysClk_PllGetConfiguration
                        0x1008'3415   0x48  Code  Gb  cy_sysclk.o [27]
Cy_SysClk_PllGetLockStatus
                        0x1008'3255   0x28  Code  Lc  cy_sysclk.o [27]
Cy_SysClk_WcoOkay       0x1008'327d    0xe  Code  Lc  cy_sysclk.o [27]
Cy_SysInt_InitIRQ       0x1008'31bd   0x38  Code  Gb  cy_sysint.o [29]
Cy_SysInt_SetSystemIrqVector
                        0x1008'31f5   0x12  Code  Gb  cy_sysint.o [29]
Cy_SysInt_SystemIrqUserTableRamPointer
                         0x802'05fc    0x4  Data  Gb  cy_interrupt_map.o [19]
Cy_SysLib_DelayCycles   0x1008'48c1         Code  Gb  cy_syslib_iar.o [30]
Cy_SysLib_EnterCriticalSection
                        0x1008'48d1         Code  Gb  cy_syslib_iar.o [30]
Cy_SysLib_ExitCriticalSection
                        0x1008'48d9         Code  Gb  cy_syslib_iar.o [30]
Cy_SysLib_FaultHandler  0x1008'3905   0x90  Code  Gb  cy_syslib.o [30]
Cy_SysLib_Halt          0x1008'3901    0x4  Code  Gb  cy_syslib.o [30]
Cy_SysLib_ProcessingFault
                        0x1008'39a9    0x2  Code  Wk  cy_syslib.o [30]
Cy_SysLib_SvcHandler    0x1008'49e9    0xc  Code  Wk  cy_syslib.o [30]
Cy_SystemInitFpuEnable  0x1008'433d   0x1e  Code  Gb  system_tviibe4m_cm4.o [18]
Cy_SystemIrqUserTable    0x802'0000  0x5fc  Data  Gb  cy_interrupt_map.o [19]
Cy_Tcpwm_Counter_Enable
                        0x1008'3d5d    0xa  Code  Gb  cy_tcpwm_counter.o [36]
Cy_Tcpwm_Counter_GetCounter
                        0x1008'3d6b    0x4  Code  Gb  cy_tcpwm_counter.o [36]
Cy_Tcpwm_Counter_Init   0x1008'3bcd  0x17c  Code  Gb  cy_tcpwm_counter.o [36]
Cy_Tcpwm_Counter_SetCounter
                        0x1008'3d67    0x4  Code  Gb  cy_tcpwm_counter.o [36]
Cy_Tcpwm_TriggerStart   0x1008'3d6f    0xc  Code  Gb  cy_tcpwm.o [36]
Cy_u32StartupStackEndAddress
                        0x1008'4778         Data  Gb  startup_cm4.o [25]
Cy_u32StartupStackStartAddress
                        0x1008'4774         Data  Gb  startup_cm4.o [25]
DebugMon_Handler        0x1008'4a6d         Code  Wk  startup_cm4.o [25]
HEAP_STACK$$Base         0x807'e000          --   Gb  - Linker created -
HEAP_STACK$$Limit        0x808'0000          --   Gb  - Linker created -
HardFault_Handler       0x1008'4881         Code  Wk  startup_cm4.o [25]
InitRamEcc              0x1008'4141   0xfe  Code  Lc  startup.o [25]
InitRamEccClearArea     0x1008'423f   0x12  Code  Lc  startup.o [25]
MemManage_Handler       0x1008'4a61         Code  Wk  startup_cm4.o [25]
NMI_Handler             0x1008'4a5d         Code  Wk  startup_cm4.o [25]
PendSV_Handler          0x1008'4a71         Code  Wk  startup_cm4.o [25]
Region$$Table$$Base     0x1008'4860          --   Gb  - Linker created -
Region$$Table$$Limit    0x1008'4880          --   Gb  - Linker created -
Reset_Handler           0x1008'4739         Code  Wk  startup_cm4.o [25]
SVC_Handler             0x1008'4931         Code  Wk  startup_cm4.o [25]
Startup_Init            0x1008'4131   0x10  Code  Gb  startup.o [25]
SysTick_Handler         0x1008'4a75         Code  Wk  startup_cm4.o [25]
SystemCoreClock          0x802'090c    0x4  Data  Gb  system_tviibe4m_cm4.o [18]
SystemCoreClockUpdate   0x1008'42a9   0x94  Code  Gb  system_tviibe4m_cm4.o [18]
SystemInit              0x1008'42a1    0x8  Code  Gb  system_tviibe4m_cm4.o [18]
UsageFault_Handler      0x1008'4a69         Code  Wk  startup_cm4.o [25]
_LC                     0x1008'0081    0x6  Code  Lc  xprintffull_nomb.o [43]
_LitobFullNoMb          0x1008'0d4d  0x114  Code  Lc  xprintffull_nomb.o [43]
_PrintfFullNoMb         0x1008'0087  0xc98  Code  Gb  xprintffull_nomb.o [43]
_Prout                  0x1008'4999   0x16  Code  Gb  xprout.o [43]
_PutcharsFullNoMb       0x1008'0eb9   0x2e  Code  Lc  xprintffull_nomb.o [43]
_SProut                 0x1008'0fc3    0xa  Code  Gb  xsprout.o [43]
__NVIC_ClearPendingIRQ  0x1008'3f99   0x1c  Code  Lc  cy_interrupt_map.o [19]
__NVIC_ClearPendingIRQ  0x1008'2e61   0x1c  Code  Lc  zf_common_interrupt.o [39]
__NVIC_EnableIRQ        0x1008'2e45   0x1c  Code  Lc  zf_common_interrupt.o [39]
__NVIC_SetPriority      0x1008'2e7d   0x24  Code  Lc  zf_common_interrupt.o [39]
__Vectors               0x1008'0000          --   Gb  startup_cm4.o [25]
__Vectors_End           0x1008'0080         Data  Gb  startup_cm4.o [25]
__Vectors_Size {Abs}           0x80          --   Gb  startup_cm4.o [25]
__aeabi_cdcmple         0x1008'11b5         Code  Gb  DblCmpLe.o [44]
__aeabi_cdrcmple        0x1008'11e9         Code  Gb  DblCmpGe.o [44]
__aeabi_d2iz            0x1008'1359         Code  Gb  DblToS32.o [44]
__aeabi_d2uiz           0x1008'184d         Code  Gb  DblToU32.o [44]
__aeabi_ddiv            0x1008'1605         Code  Gb  DblDiv.o [44]
__aeabi_dmul            0x1008'188d         Code  Gb  DblMul.o [44]
__aeabi_dsub            0x1008'1521         Code  Gb  DblAddSub.o [44]
__aeabi_i2d             0x1008'1391         Code  Gb  S32ToDbl.o [44]
__aeabi_ldiv0           0x1008'1c71         Code  Gb  I64DivZer.o [45]
__aeabi_memclr4         0x1008'2929         Code  Gb  ABImemclr4.o [45]
__aeabi_memcpy          0x1008'109d         Code  Gb  ABImemcpy.o [45]
__aeabi_memcpy4         0x1008'10bd         Code  Gb  ABImemcpy.o [45]
__aeabi_memcpy8         0x1008'10bd         Code  Gb  ABImemcpy.o [45]
__aeabi_memset          0x1008'2931         Code  Gb  ABImemset.o [45]
__aeabi_ui2d            0x1008'1871         Code  Gb  U32ToDbl.o [44]
__aeabi_uldivmod        0x1008'1a39         Code  Gb  I64DivMod.o [45]
__cmain                 0x1008'48e1         Code  Gb  cmain.o [45]
__ecc_init_sram_end_address {Abs}
                         0x807'ffff         Data  Gb  <internal module>
__ecc_init_sram_start_address {Abs}
                         0x802'0000         Data  Gb  <internal module>
__exit                  0x1008'1c75   0x14  Code  Gb  exit.o [46]
__iar_Fail_s            0x1008'0fcd   0x1c  Code  Gb  xfail_s.o [43]
__iar_Memchr            0x1008'1045         Code  Gb  memchr.o [45]
__iar_Memset            0x1008'2931         Code  Gb  ABImemset.o [45]
__iar_Memset4_word      0x1008'3169         Code  Gb  ABImemset48.o [45]
__iar_Memset8_word      0x1008'3169         Code  Gb  ABImemset48.o [45]
__iar_Memset_word       0x1008'2939         Code  Gb  ABImemset.o [45]
__iar_Strchr            0x1008'0fad         Code  Gb  strchr.o [45]
__iar_data_init3        0x1008'4815   0x28  Code  Gb  data_init.o [45]
__iar_frexp             0x1008'1151         Code  Gb  frexp.o [44]
__iar_frexpl            0x1008'1151         Code  Gb  frexp.o [44]
__iar_init_vfp          0x1008'483d         Code  Gb  fpinit_M.o [44]
__iar_ldexp64           0x1008'121d         Code  Gb  ldexp.o [44]
__iar_lz77_init_single3
                        0x1008'0f2f   0x7e  Code  Gb  lz77_init_single.o [45]
__iar_program_start     0x1008'494d         Code  Gb  cstartup_M.o [45]
__iar_scalbln64         0x1008'121d         Code  Gb  ldexp.o [44]
__iar_scalbn64          0x1008'121d         Code  Gb  ldexp.o [44]
__iar_softfp___iar_frexp64
                        0x1008'1145         Code  Gb  frexp.o [44]
__iar_softfp_frexp      0x1008'1145         Code  Gb  frexp.o [44]
__iar_softfp_frexpl     0x1008'1145         Code  Gb  frexp.o [44]
__iar_zero_init3        0x1008'477d   0x38  Code  Gb  zero_init3.o [45]
__low_level_init        0x1008'4901         Code  Gb  startup_cm4.o [25]
__ramVectors             0x802'0c00         Data  Gb  startup_cm4.o [25]
__vector_table          0x1008'0000         Data  Gb  startup_cm4.o [25]
__vector_table_0x1c     0x1008'001c         Data  Gb  startup_cm4.o [25]
__write                 0x1008'2815   0x12  Code  Gb  zf_common_debug.o [39]
_call_main              0x1008'48ed         Code  Gb  cmain.o [45]
_exit                   0x1008'4909         Code  Gb  cexit.o [45]
abort                   0x1008'1c69    0x6  Code  Gb  abort.o [43]
assert_interrupt_config
                        0x1008'2ed9    0xc  Code  Gb  zf_common_interrupt.o [39]
clock_init              0x1008'4469   0x16  Code  Gb  zf_common_clock.o [39]
cy_assertFileName        0x802'088c   0x18  Data  Gb  cy_syslib.o [30]
cy_assertLine            0x802'0908    0x4  Data  Gb  cy_syslib.o [30]
cy_delay32kMs            0x802'091c    0x4  Data  Gb  system_tviibe4m_cm4.o [18]
cy_delayFreqHz           0x802'0910    0x4  Data  Gb  system_tviibe4m_cm4.o [18]
cy_delayFreqKhz          0x802'0914    0x4  Data  Gb  system_tviibe4m_cm4.o [18]
cy_delayFreqMhz          0x802'0918    0x4  Data  Gb  system_tviibe4m_cm4.o [18]
cy_faultFrame            0x802'07c4   0x70  Data  Gb  cy_syslib.o [30]
debug_assert_handler    0x1008'2827   0x3c  Code  Gb  zf_common_debug.o [39]
debug_assert_handler::assert_nest_index
                         0x802'0930    0x1  Data  Lc  zf_common_debug.o [39]
debug_delay             0x1008'24f1   0x36  Code  Lc  zf_common_debug.o [39]
debug_info_init         0x1008'28ad   0x18  Code  Gb  zf_common_debug.o [39]
debug_init              0x1008'28c5   0x2a  Code  Gb  zf_common_debug.o [39]
debug_interrupr_handler
                        0x1008'27f5   0x20  Code  Gb  zf_common_debug.o [39]
debug_output            0x1008'2533  0x2c2  Code  Lc  zf_common_debug.o [39]
debug_output_info        0x802'08e4   0x14  Data  Lc  zf_common_debug.o [39]
debug_output_init       0x1008'2883   0x2a  Code  Gb  zf_common_debug.o [39]
debug_output_struct_init
                        0x1008'2863   0x20  Code  Gb  zf_common_debug.o [39]
debug_uart_buffer        0x802'0834   0x40  Data  Gb  zf_common_debug.o [39]
debug_uart_data          0x802'092f    0x1  Data  Gb  zf_common_debug.o [39]
debug_uart_fifo          0x802'08a4   0x18  Data  Gb  zf_common_debug.o [39]
debug_uart_str_output   0x1008'2527    0xc  Code  Lc  zf_common_debug.o [39]
delay_clk                0x802'063a    0x1  Data  Lc  zf_driver_delay.o [42]
dir                      0x802'0638    0x1  Data  Gb  main_cm4.o [38]
duty                     0x802'092d    0x1  Data  Gb  main_cm4.o [38]
exit                    0x1008'4905    0x4  Code  Gb  exit.o [43]
fifo_head_offset        0x1008'2f69   0x1a  Code  Lc  zf_common_fifo.o [39]
fifo_init               0x1008'3127   0x3a  Code  Gb  zf_common_fifo.o [39]
fifo_write_buffer       0x1008'2f83  0x1a4  Code  Gb  zf_common_fifo.o [39]
get_uart_config         0x1008'1ecb  0x1a4  Code  Lc  zf_driver_uart.o [42]
intFreqInitialized       0x802'092c    0x1  Data  Gb  cy_sysclk.o [27]
internalBaseFreqInfo     0x802'0874   0x18  Data  Gb  cy_sysclk.o [27]
interrupt_global_disable
                        0x1008'2eb1   0x14  Code  Gb  zf_common_interrupt.o [39]
interrupt_global_enable
                        0x1008'2ea1   0x10  Code  Gb  zf_common_interrupt.o [39]
interrupt_global_flag    0x802'0924    0x4  Data  Lc  zf_common_interrupt.o [39]
interrupt_init          0x1008'2ef1   0x36  Code  Gb  zf_common_interrupt.o [39]
interrupt_set_priority  0x1008'2ee5    0xc  Code  Gb  zf_common_interrupt.o [39]
ldexp                   0x1008'121d         Code  Gb  ldexp.o [44]
ldexpl                  0x1008'121d         Code  Gb  ldexp.o [44]
main                    0x1008'439d   0xcc  Code  Gb  main_cm4.o [38]
memchr                  0x1008'1045         Code  Gb  memchr.o [45]
motor_value_1            0x802'08bc   0x14  Data  Gb  small_driver_uart_control.o [4]
motor_value_2            0x802'08d0   0x14  Data  Gb  small_driver_uart_control.o [4]
printf                  0x1008'4485   0x28  Code  Gb  printf.o [43]
putchar                 0x1008'48a1   0x20  Code  Gb  putchar.o [43]
pwm_all_channel_close   0x1008'319d   0x1a  Code  Gb  zf_driver_pwm.o [42]
scalbln                 0x1008'121d         Code  Gb  ldexp.o [44]
scalblnl                0x1008'121d         Code  Gb  ldexp.o [44]
scalbn                  0x1008'121d         Code  Gb  ldexp.o [44]
scalbnl                 0x1008'121d         Code  Gb  ldexp.o [44]
scale                   0x1008'0e61   0x46  Code  Lc  xprintffull_nomb.o [43]
scb_module               0x802'061c   0x1c  Data  Gb  zf_driver_uart.o [42]
sec_hand                 0x802'0928    0x4  Data  Lc  xfail_s.o [43]
small_driver_get_speed  0x1008'3e9f   0x46  Code  Gb  small_driver_uart_control.o [4]
small_driver_init       0x1008'3ee5   0x38  Code  Gb  small_driver_uart_control.o [4]
small_driver_set_duty   0x1008'3e41   0x5e  Code  Gb  small_driver_uart_control.o [4]
small_driver_uart_init  0x1008'3f25   0x74  Code  Gb  small_driver_uart_control.o [4]
sprintf                 0x1008'2f29   0x40  Code  Gb  sprintf.o [43]
strchr                  0x1008'0fad         Code  Gb  strchr.o [45]
strlen                  0x1008'100d         Code  Gb  strlen.o [45]
strncpy                 0x1008'3891         Code  Gb  strncpy.o [45]
system_clock             0x802'0920    0x4  Data  Gb  zf_common_clock.o [39]
system_delay_init       0x1008'3b17   0x92  Code  Gb  zf_driver_delay.o [42]
system_delay_ms         0x1008'3ab9   0x5e  Code  Gb  zf_driver_delay.o [42]
timer_ch                 0x802'063b    0x1  Data  Lc  zf_driver_delay.o [42]
uart0_isr               0x1008'46d5   0x12  Code  Gb  cm4_isr.o [38]
uart1_isr               0x1008'46e7    0xa  Code  Gb  cm4_isr.o [38]
uart2_isr               0x1008'46f1    0xa  Code  Gb  cm4_isr.o [38]
uart3_isr               0x1008'46fb    0xa  Code  Gb  cm4_isr.o [38]
uart4_isr               0x1008'4705    0xa  Code  Gb  cm4_isr.o [38]
uart5_isr               0x1008'470f   0x14  Code  Gb  cm4_isr.o [38]
uart6_isr               0x1008'4723   0x14  Code  Gb  cm4_isr.o [38]
uart_context             0x802'063c  0x188  Data  Gb  zf_driver_uart.o [42]
uart_control_callback   0x1008'3d7d   0xc4  Code  Gb  small_driver_uart_control.o [4]
uart_data_buffer         0x802'08f8    0x8  Data  Lc  zf_driver_uart.o [42]
uart_data_refresh        0x802'0900    0x8  Data  Lc  zf_driver_uart.o [42]
uart_init               0x1008'2321  0x186  Code  Gb  zf_driver_uart.o [42]
uart_isr_func            0x802'0600   0x1c  Data  Gb  zf_driver_uart.o [42]
uart_isr_mask           0x1008'1e4b   0x80  Code  Gb  zf_driver_uart.o [42]
uart_query_byte         0x1008'20d7   0x30  Code  Gb  zf_driver_uart.o [42]
uart_rx_interrupt       0x1008'2223   0xfe  Code  Gb  zf_driver_uart.o [42]
uart_tx_interrupt       0x1008'2107  0x11c  Code  Gb  zf_driver_uart.o [42]
uart_write_buffer       0x1008'2097   0x1e  Code  Gb  zf_driver_uart.o [42]
uart_write_byte         0x1008'206f   0x28  Code  Gb  zf_driver_uart.o [42]
uart_write_string       0x1008'20b5   0x22  Code  Gb  zf_driver_uart.o [42]
zf_debug_assert_enable   0x802'0639    0x1  Data  Lc  zf_common_debug.o [39]
zf_debug_init_flag       0x802'092e    0x1  Data  Lc  zf_common_debug.o [39]


[1] = D:\AStudyWorkS\CodeWorksSpaces\IAR940worksspaces\E07_CYT2BL3\project\iar\Debug_m4\Obj\adc_11722776235721520015.dir
[2] = D:\AStudyWorkS\CodeWorksSpaces\IAR940worksspaces\E07_CYT2BL3\project\iar\Debug_m4\Obj\button_4990804375159372270.dir
[3] = D:\AStudyWorkS\CodeWorksSpaces\IAR940worksspaces\E07_CYT2BL3\project\iar\Debug_m4\Obj\canfd_1800690984773873875.dir
[4] = D:\AStudyWorkS\CodeWorksSpaces\IAR940worksspaces\E07_CYT2BL3\project\iar\Debug_m4\Obj\code_17896468042025673432.dir
[5] = D:\AStudyWorkS\CodeWorksSpaces\IAR940worksspaces\E07_CYT2BL3\project\iar\Debug_m4\Obj\cpu_15938736945165268644.dir
[6] = D:\AStudyWorkS\CodeWorksSpaces\IAR940worksspaces\E07_CYT2BL3\project\iar\Debug_m4\Obj\crypto_1190170608956581615.dir
[7] = D:\AStudyWorkS\CodeWorksSpaces\IAR940worksspaces\E07_CYT2BL3\project\iar\Debug_m4\Obj\dma_12106025507578611576.dir
[8] = D:\AStudyWorkS\CodeWorksSpaces\IAR940worksspaces\E07_CYT2BL3\project\iar\Debug_m4\Obj\evtgen_3404189088603873129.dir
[9] = D:\AStudyWorkS\CodeWorksSpaces\IAR940worksspaces\E07_CYT2BL3\project\iar\Debug_m4\Obj\flash_8529866181315662935.dir
[10] = D:\AStudyWorkS\CodeWorksSpaces\IAR940worksspaces\E07_CYT2BL3\project\iar\Debug_m4\Obj\flash_864493325053435817.dir
[11] = D:\AStudyWorkS\CodeWorksSpaces\IAR940worksspaces\E07_CYT2BL3\project\iar\Debug_m4\Obj\gpio_3999404635324069351.dir
[12] = D:\AStudyWorkS\CodeWorksSpaces\IAR940worksspaces\E07_CYT2BL3\project\iar\Debug_m4\Obj\ipc_10145506163450686023.dir
[13] = D:\AStudyWorkS\CodeWorksSpaces\IAR940worksspaces\E07_CYT2BL3\project\iar\Debug_m4\Obj\lin_18429031207028094880.dir
[14] = D:\AStudyWorkS\CodeWorksSpaces\IAR940worksspaces\E07_CYT2BL3\project\iar\Debug_m4\Obj\lvd_6353935867039560245.dir
[15] = D:\AStudyWorkS\CodeWorksSpaces\IAR940worksspaces\E07_CYT2BL3\project\iar\Debug_m4\Obj\mcwdt_4052485907822033969.dir
[16] = D:\AStudyWorkS\CodeWorksSpaces\IAR940worksspaces\E07_CYT2BL3\project\iar\Debug_m4\Obj\mpu_5663187252346826382.dir
[17] = D:\AStudyWorkS\CodeWorksSpaces\IAR940worksspaces\E07_CYT2BL3\project\iar\Debug_m4\Obj\prot_10722960861768657883.dir
[18] = D:\AStudyWorkS\CodeWorksSpaces\IAR940worksspaces\E07_CYT2BL3\project\iar\Debug_m4\Obj\rev_b_4986922561640112550.dir
[19] = D:\AStudyWorkS\CodeWorksSpaces\IAR940worksspaces\E07_CYT2BL3\project\iar\Debug_m4\Obj\rev_b_6162237342861132223.dir
[20] = D:\AStudyWorkS\CodeWorksSpaces\IAR940worksspaces\E07_CYT2BL3\project\iar\Debug_m4\Obj\scb_15490842639181808494.dir
[21] = D:\AStudyWorkS\CodeWorksSpaces\IAR940worksspaces\E07_CYT2BL3\project\iar\Debug_m4\Obj\semihosting_143864889731838620.dir
[22] = D:\AStudyWorkS\CodeWorksSpaces\IAR940worksspaces\E07_CYT2BL3\project\iar\Debug_m4\Obj\smartio_5451710003740070188.dir
[23] = D:\AStudyWorkS\CodeWorksSpaces\IAR940worksspaces\E07_CYT2BL3\project\iar\Debug_m4\Obj\smif_427648126384146252.dir
[24] = D:\AStudyWorkS\CodeWorksSpaces\IAR940worksspaces\E07_CYT2BL3\project\iar\Debug_m4\Obj\srom_13018798572330080582.dir
[25] = D:\AStudyWorkS\CodeWorksSpaces\IAR940worksspaces\E07_CYT2BL3\project\iar\Debug_m4\Obj\startup_479057977785470282.dir
[26] = D:\AStudyWorkS\CodeWorksSpaces\IAR940worksspaces\E07_CYT2BL3\project\iar\Debug_m4\Obj\sw_timer_4215635015939382130.dir
[27] = D:\AStudyWorkS\CodeWorksSpaces\IAR940worksspaces\E07_CYT2BL3\project\iar\Debug_m4\Obj\sysclk_16149231235676103872.dir
[28] = D:\AStudyWorkS\CodeWorksSpaces\IAR940worksspaces\E07_CYT2BL3\project\iar\Debug_m4\Obj\sysflt_12293435975120599261.dir
[29] = D:\AStudyWorkS\CodeWorksSpaces\IAR940worksspaces\E07_CYT2BL3\project\iar\Debug_m4\Obj\sysint_7435970359207984181.dir
[30] = D:\AStudyWorkS\CodeWorksSpaces\IAR940worksspaces\E07_CYT2BL3\project\iar\Debug_m4\Obj\syslib_16330585751512546975.dir
[31] = D:\AStudyWorkS\CodeWorksSpaces\IAR940worksspaces\E07_CYT2BL3\project\iar\Debug_m4\Obj\syspm_10887939769544754770.dir
[32] = D:\AStudyWorkS\CodeWorksSpaces\IAR940worksspaces\E07_CYT2BL3\project\iar\Debug_m4\Obj\sysreset_14586141425677365288.dir
[33] = D:\AStudyWorkS\CodeWorksSpaces\IAR940worksspaces\E07_CYT2BL3\project\iar\Debug_m4\Obj\sysrtc_10747768817563771611.dir
[34] = D:\AStudyWorkS\CodeWorksSpaces\IAR940worksspaces\E07_CYT2BL3\project\iar\Debug_m4\Obj\systick_16016591671695740695.dir
[35] = D:\AStudyWorkS\CodeWorksSpaces\IAR940worksspaces\E07_CYT2BL3\project\iar\Debug_m4\Obj\syswdt_9118657615806274156.dir
[36] = D:\AStudyWorkS\CodeWorksSpaces\IAR940worksspaces\E07_CYT2BL3\project\iar\Debug_m4\Obj\tcpwm_422923530147891246.dir
[37] = D:\AStudyWorkS\CodeWorksSpaces\IAR940worksspaces\E07_CYT2BL3\project\iar\Debug_m4\Obj\trigmux_9729677290734583340.dir
[38] = D:\AStudyWorkS\CodeWorksSpaces\IAR940worksspaces\E07_CYT2BL3\project\iar\Debug_m4\Obj\user_8514941877209965082.dir
[39] = D:\AStudyWorkS\CodeWorksSpaces\IAR940worksspaces\E07_CYT2BL3\project\iar\Debug_m4\Obj\zf_common_1201165462030747823.dir
[40] = D:\AStudyWorkS\CodeWorksSpaces\IAR940worksspaces\E07_CYT2BL3\project\iar\Debug_m4\Obj\zf_components_14936052685886095442.dir
[41] = D:\AStudyWorkS\CodeWorksSpaces\IAR940worksspaces\E07_CYT2BL3\project\iar\Debug_m4\Obj\zf_device_6570275422786408770.dir
[42] = D:\AStudyWorkS\CodeWorksSpaces\IAR940worksspaces\E07_CYT2BL3\project\iar\Debug_m4\Obj\zf_driver_11922370083829174090.dir
[43] = dl7M_tln.a
[44] = m7M_tls.a
[45] = rt7M_tl.a
[46] = shb_l.a
[47] = zf_device_config.a

  18'174 bytes of readonly  code memory
   1'004 bytes of readonly  data memory
  10'673 bytes of readwrite data memory

Errors: none
Warnings: none
