###############################################################################
#
# IAR ELF Linker V9.40.1.364/W64 for ARM                  30/Jan/2026  22:15:52
# Copyright 2007-2023 IAR Systems AB.
#
#    Output file  =
#        D:\AStudyWorkS\CodeWorksSpaces\IAR940worksspaces\Seekfree_CYT2BL3_Double_Foc_Project\project\iar\Debug_m4\Exe\cyt2bl3.out
#    Map file     =
#        D:\AStudyWorkS\CodeWorksSpaces\IAR940worksspaces\Seekfree_CYT2BL3_Double_Foc_Project\project\iar\Debug_m4\List\cyt2bl3.map
#    Command line =
#        -f
#        D:\AStudyWorkS\CodeWorksSpaces\IAR940worksspaces\Seekfree_CYT2BL3_Double_Foc_Project\project\iar\Debug_m4\Exe\cyt2bl3.out.rsp
#        (D:\AStudyWorkS\CodeWorksSpaces\IAR940worksspaces\Seekfree_CYT2BL3_Double_Foc_Project\project\iar\Debug_m4\Obj\user_8514941877209965082.dir\cm4_isr.o
#        D:\AStudyWorkS\CodeWorksSpaces\IAR940worksspaces\Seekfree_CYT2BL3_Double_Foc_Project\project\iar\Debug_m4\Obj\adc_11722776235721520015.dir\cy_adc.o
#        D:\AStudyWorkS\CodeWorksSpaces\IAR940worksspaces\Seekfree_CYT2BL3_Double_Foc_Project\project\iar\Debug_m4\Obj\button_4990804375159372270.dir\cy_button.o
#        D:\AStudyWorkS\CodeWorksSpaces\IAR940worksspaces\Seekfree_CYT2BL3_Double_Foc_Project\project\iar\Debug_m4\Obj\canfd_1800690984773873875.dir\cy_canfd.o
#        D:\AStudyWorkS\CodeWorksSpaces\IAR940worksspaces\Seekfree_CYT2BL3_Double_Foc_Project\project\iar\Debug_m4\Obj\cpu_15938736945165268644.dir\cy_cpu.o
#        D:\AStudyWorkS\CodeWorksSpaces\IAR940worksspaces\Seekfree_CYT2BL3_Double_Foc_Project\project\iar\Debug_m4\Obj\crypto_1190170608956581615.dir\cy_crypto_config.o
#        D:\AStudyWorkS\CodeWorksSpaces\IAR940worksspaces\Seekfree_CYT2BL3_Double_Foc_Project\project\iar\Debug_m4\Obj\evtgen_3404189088603873129.dir\cy_evtgen.o
#        D:\AStudyWorkS\CodeWorksSpaces\IAR940worksspaces\Seekfree_CYT2BL3_Double_Foc_Project\project\iar\Debug_m4\Obj\flash_8529866181315662935.dir\cy_flash.o
#        D:\AStudyWorkS\CodeWorksSpaces\IAR940worksspaces\Seekfree_CYT2BL3_Double_Foc_Project\project\iar\Debug_m4\Obj\gpio_3999404635324069351.dir\cy_gpio.o
#        D:\AStudyWorkS\CodeWorksSpaces\IAR940worksspaces\Seekfree_CYT2BL3_Double_Foc_Project\project\iar\Debug_m4\Obj\rev_b_6162237342861132223.dir\cy_interrupt_map.o
#        D:\AStudyWorkS\CodeWorksSpaces\IAR940worksspaces\Seekfree_CYT2BL3_Double_Foc_Project\project\iar\Debug_m4\Obj\ipc_10145506163450686023.dir\cy_ipc_drv.o
#        D:\AStudyWorkS\CodeWorksSpaces\IAR940worksspaces\Seekfree_CYT2BL3_Double_Foc_Project\project\iar\Debug_m4\Obj\ipc_10145506163450686023.dir\cy_ipc_pipe.o
#        D:\AStudyWorkS\CodeWorksSpaces\IAR940worksspaces\Seekfree_CYT2BL3_Double_Foc_Project\project\iar\Debug_m4\Obj\ipc_10145506163450686023.dir\cy_ipc_sema.o
#        D:\AStudyWorkS\CodeWorksSpaces\IAR940worksspaces\Seekfree_CYT2BL3_Double_Foc_Project\project\iar\Debug_m4\Obj\lin_18429031207028094880.dir\cy_lin.o
#        D:\AStudyWorkS\CodeWorksSpaces\IAR940worksspaces\Seekfree_CYT2BL3_Double_Foc_Project\project\iar\Debug_m4\Obj\lvd_6353935867039560245.dir\cy_lvd.o
#        D:\AStudyWorkS\CodeWorksSpaces\IAR940worksspaces\Seekfree_CYT2BL3_Double_Foc_Project\project\iar\Debug_m4\Obj\mcwdt_4052485907822033969.dir\cy_mcwdt.o
#        D:\AStudyWorkS\CodeWorksSpaces\IAR940worksspaces\Seekfree_CYT2BL3_Double_Foc_Project\project\iar\Debug_m4\Obj\dma_12106025507578611576.dir\cy_mdma.o
#        D:\AStudyWorkS\CodeWorksSpaces\IAR940worksspaces\Seekfree_CYT2BL3_Double_Foc_Project\project\iar\Debug_m4\Obj\mpu_5663187252346826382.dir\cy_mpu.o
#        D:\AStudyWorkS\CodeWorksSpaces\IAR940worksspaces\Seekfree_CYT2BL3_Double_Foc_Project\project\iar\Debug_m4\Obj\flash_864493325053435817.dir\cy_mw_flash.o
#        D:\AStudyWorkS\CodeWorksSpaces\IAR940worksspaces\Seekfree_CYT2BL3_Double_Foc_Project\project\iar\Debug_m4\Obj\dma_12106025507578611576.dir\cy_pdma.o
#        D:\AStudyWorkS\CodeWorksSpaces\IAR940worksspaces\Seekfree_CYT2BL3_Double_Foc_Project\project\iar\Debug_m4\Obj\prot_10722960861768657883.dir\cy_prot.o
#        D:\AStudyWorkS\CodeWorksSpaces\IAR940worksspaces\Seekfree_CYT2BL3_Double_Foc_Project\project\iar\Debug_m4\Obj\scb_15490842639181808494.dir\cy_scb_common.o
#        D:\AStudyWorkS\CodeWorksSpaces\IAR940worksspaces\Seekfree_CYT2BL3_Double_Foc_Project\project\iar\Debug_m4\Obj\scb_15490842639181808494.dir\cy_scb_ezi2c.o
#        D:\AStudyWorkS\CodeWorksSpaces\IAR940worksspaces\Seekfree_CYT2BL3_Double_Foc_Project\project\iar\Debug_m4\Obj\scb_15490842639181808494.dir\cy_scb_i2c.o
#        D:\AStudyWorkS\CodeWorksSpaces\IAR940worksspaces\Seekfree_CYT2BL3_Double_Foc_Project\project\iar\Debug_m4\Obj\scb_15490842639181808494.dir\cy_scb_spi.o
#        D:\AStudyWorkS\CodeWorksSpaces\IAR940worksspaces\Seekfree_CYT2BL3_Double_Foc_Project\project\iar\Debug_m4\Obj\scb_15490842639181808494.dir\cy_scb_uart.o
#        D:\AStudyWorkS\CodeWorksSpaces\IAR940worksspaces\Seekfree_CYT2BL3_Double_Foc_Project\project\iar\Debug_m4\Obj\semihosting_143864889731838620.dir\cy_semihosting.o
#        D:\AStudyWorkS\CodeWorksSpaces\IAR940worksspaces\Seekfree_CYT2BL3_Double_Foc_Project\project\iar\Debug_m4\Obj\smartio_5451710003740070188.dir\cy_smartio.o
#        D:\AStudyWorkS\CodeWorksSpaces\IAR940worksspaces\Seekfree_CYT2BL3_Double_Foc_Project\project\iar\Debug_m4\Obj\smif_427648126384146252.dir\cy_smif.o
#        D:\AStudyWorkS\CodeWorksSpaces\IAR940worksspaces\Seekfree_CYT2BL3_Double_Foc_Project\project\iar\Debug_m4\Obj\smif_427648126384146252.dir\cy_smif_memslot.o
#        D:\AStudyWorkS\CodeWorksSpaces\IAR940worksspaces\Seekfree_CYT2BL3_Double_Foc_Project\project\iar\Debug_m4\Obj\smif_427648126384146252.dir\cy_smif_ver_specific.o
#        D:\AStudyWorkS\CodeWorksSpaces\IAR940worksspaces\Seekfree_CYT2BL3_Double_Foc_Project\project\iar\Debug_m4\Obj\srom_13018798572330080582.dir\cy_srom.o
#        D:\AStudyWorkS\CodeWorksSpaces\IAR940worksspaces\Seekfree_CYT2BL3_Double_Foc_Project\project\iar\Debug_m4\Obj\sw_timer_4215635015939382130.dir\cy_sw_tmr.o
#        D:\AStudyWorkS\CodeWorksSpaces\IAR940worksspaces\Seekfree_CYT2BL3_Double_Foc_Project\project\iar\Debug_m4\Obj\sysclk_16149231235676103872.dir\cy_sysclk.o
#        D:\AStudyWorkS\CodeWorksSpaces\IAR940worksspaces\Seekfree_CYT2BL3_Double_Foc_Project\project\iar\Debug_m4\Obj\sysflt_12293435975120599261.dir\cy_sysflt.o
#        D:\AStudyWorkS\CodeWorksSpaces\IAR940worksspaces\Seekfree_CYT2BL3_Double_Foc_Project\project\iar\Debug_m4\Obj\sysint_7435970359207984181.dir\cy_sysint.o
#        D:\AStudyWorkS\CodeWorksSpaces\IAR940worksspaces\Seekfree_CYT2BL3_Double_Foc_Project\project\iar\Debug_m4\Obj\syslib_16330585751512546975.dir\cy_syslib.o
#        D:\AStudyWorkS\CodeWorksSpaces\IAR940worksspaces\Seekfree_CYT2BL3_Double_Foc_Project\project\iar\Debug_m4\Obj\syslib_16330585751512546975.dir\cy_syslib_iar.o
#        D:\AStudyWorkS\CodeWorksSpaces\IAR940worksspaces\Seekfree_CYT2BL3_Double_Foc_Project\project\iar\Debug_m4\Obj\syspm_10887939769544754770.dir\cy_syspm.o
#        D:\AStudyWorkS\CodeWorksSpaces\IAR940worksspaces\Seekfree_CYT2BL3_Double_Foc_Project\project\iar\Debug_m4\Obj\sysreset_14586141425677365288.dir\cy_sysreset.o
#        D:\AStudyWorkS\CodeWorksSpaces\IAR940worksspaces\Seekfree_CYT2BL3_Double_Foc_Project\project\iar\Debug_m4\Obj\sysrtc_10747768817563771611.dir\cy_sysrtc.o
#        D:\AStudyWorkS\CodeWorksSpaces\IAR940worksspaces\Seekfree_CYT2BL3_Double_Foc_Project\project\iar\Debug_m4\Obj\systick_16016591671695740695.dir\cy_systick.o
#        D:\AStudyWorkS\CodeWorksSpaces\IAR940worksspaces\Seekfree_CYT2BL3_Double_Foc_Project\project\iar\Debug_m4\Obj\syswdt_9118657615806274156.dir\cy_syswdt.o
#        D:\AStudyWorkS\CodeWorksSpaces\IAR940worksspaces\Seekfree_CYT2BL3_Double_Foc_Project\project\iar\Debug_m4\Obj\tcpwm_422923530147891246.dir\cy_tcpwm.o
#        D:\AStudyWorkS\CodeWorksSpaces\IAR940worksspaces\Seekfree_CYT2BL3_Double_Foc_Project\project\iar\Debug_m4\Obj\tcpwm_422923530147891246.dir\cy_tcpwm_counter.o
#        D:\AStudyWorkS\CodeWorksSpaces\IAR940worksspaces\Seekfree_CYT2BL3_Double_Foc_Project\project\iar\Debug_m4\Obj\tcpwm_422923530147891246.dir\cy_tcpwm_pwm.o
#        D:\AStudyWorkS\CodeWorksSpaces\IAR940worksspaces\Seekfree_CYT2BL3_Double_Foc_Project\project\iar\Debug_m4\Obj\tcpwm_422923530147891246.dir\cy_tcpwm_quaddec.o
#        D:\AStudyWorkS\CodeWorksSpaces\IAR940worksspaces\Seekfree_CYT2BL3_Double_Foc_Project\project\iar\Debug_m4\Obj\tcpwm_422923530147891246.dir\cy_tcpwm_sr.o
#        D:\AStudyWorkS\CodeWorksSpaces\IAR940worksspaces\Seekfree_CYT2BL3_Double_Foc_Project\project\iar\Debug_m4\Obj\trigmux_9729677290734583340.dir\cy_trigmux.o
#        D:\AStudyWorkS\CodeWorksSpaces\IAR940worksspaces\Seekfree_CYT2BL3_Double_Foc_Project\project\iar\Debug_m4\Obj\code_17896468042025673432.dir\driver_adc.o
#        D:\AStudyWorkS\CodeWorksSpaces\IAR940worksspaces\Seekfree_CYT2BL3_Double_Foc_Project\project\iar\Debug_m4\Obj\code_17896468042025673432.dir\driver_gpio.o
#        D:\AStudyWorkS\CodeWorksSpaces\IAR940worksspaces\Seekfree_CYT2BL3_Double_Foc_Project\project\iar\Debug_m4\Obj\code_17896468042025673432.dir\fast_foc.o
#        D:\AStudyWorkS\CodeWorksSpaces\IAR940worksspaces\Seekfree_CYT2BL3_Double_Foc_Project\project\iar\Debug_m4\Obj\code_17896468042025673432.dir\hall_gather.o
#        D:\AStudyWorkS\CodeWorksSpaces\IAR940worksspaces\Seekfree_CYT2BL3_Double_Foc_Project\project\iar\Debug_m4\Obj\user_8514941877209965082.dir\main_cm4.o
#        D:\AStudyWorkS\CodeWorksSpaces\IAR940worksspaces\Seekfree_CYT2BL3_Double_Foc_Project\project\iar\Debug_m4\Obj\code_17896468042025673432.dir\motor_control.o
#        D:\AStudyWorkS\CodeWorksSpaces\IAR940worksspaces\Seekfree_CYT2BL3_Double_Foc_Project\project\iar\Debug_m4\Obj\code_17896468042025673432.dir\motor_driver_uart_control.o
#        D:\AStudyWorkS\CodeWorksSpaces\IAR940worksspaces\Seekfree_CYT2BL3_Double_Foc_Project\project\iar\Debug_m4\Obj\code_17896468042025673432.dir\motor_flash.o
#        D:\AStudyWorkS\CodeWorksSpaces\IAR940worksspaces\Seekfree_CYT2BL3_Double_Foc_Project\project\iar\Debug_m4\Obj\code_17896468042025673432.dir\motor_voice.o
#        D:\AStudyWorkS\CodeWorksSpaces\IAR940worksspaces\Seekfree_CYT2BL3_Double_Foc_Project\project\iar\Debug_m4\Obj\code_17896468042025673432.dir\pwm_output.o
#        D:\AStudyWorkS\CodeWorksSpaces\IAR940worksspaces\Seekfree_CYT2BL3_Double_Foc_Project\project\iar\Debug_m4\Obj\zf_components_14936052685886095442.dir\seekfree_assistant.o
#        D:\AStudyWorkS\CodeWorksSpaces\IAR940worksspaces\Seekfree_CYT2BL3_Double_Foc_Project\project\iar\Debug_m4\Obj\zf_components_14936052685886095442.dir\seekfree_assistant_interface.o
#        D:\AStudyWorkS\CodeWorksSpaces\IAR940worksspaces\Seekfree_CYT2BL3_Double_Foc_Project\project\iar\Debug_m4\Obj\code_17896468042025673432.dir\sensorless_control.o
#        D:\AStudyWorkS\CodeWorksSpaces\IAR940worksspaces\Seekfree_CYT2BL3_Double_Foc_Project\project\iar\Debug_m4\Obj\startup_479057977785470282.dir\startup.o
#        D:\AStudyWorkS\CodeWorksSpaces\IAR940worksspaces\Seekfree_CYT2BL3_Double_Foc_Project\project\iar\Debug_m4\Obj\startup_479057977785470282.dir\startup_cm4.o
#        D:\AStudyWorkS\CodeWorksSpaces\IAR940worksspaces\Seekfree_CYT2BL3_Double_Foc_Project\project\iar\Debug_m4\Obj\rev_b_4986922561640112550.dir\system_tviibe4m_cm4.o
#        D:\AStudyWorkS\CodeWorksSpaces\IAR940worksspaces\Seekfree_CYT2BL3_Double_Foc_Project\project\iar\Debug_m4\Obj\code_17896468042025673432.dir\user_pwm_in.o
#        D:\AStudyWorkS\CodeWorksSpaces\IAR940worksspaces\Seekfree_CYT2BL3_Double_Foc_Project\project\iar\Debug_m4\Obj\zf_common_1201165462030747823.dir\zf_common_clock.o
#        D:\AStudyWorkS\CodeWorksSpaces\IAR940worksspaces\Seekfree_CYT2BL3_Double_Foc_Project\project\iar\Debug_m4\Obj\zf_common_1201165462030747823.dir\zf_common_debug.o
#        D:\AStudyWorkS\CodeWorksSpaces\IAR940worksspaces\Seekfree_CYT2BL3_Double_Foc_Project\project\iar\Debug_m4\Obj\zf_common_1201165462030747823.dir\zf_common_fifo.o
#        D:\AStudyWorkS\CodeWorksSpaces\IAR940worksspaces\Seekfree_CYT2BL3_Double_Foc_Project\project\iar\Debug_m4\Obj\zf_common_1201165462030747823.dir\zf_common_font.o
#        D:\AStudyWorkS\CodeWorksSpaces\IAR940worksspaces\Seekfree_CYT2BL3_Double_Foc_Project\project\iar\Debug_m4\Obj\zf_common_1201165462030747823.dir\zf_common_function.o
#        D:\AStudyWorkS\CodeWorksSpaces\IAR940worksspaces\Seekfree_CYT2BL3_Double_Foc_Project\project\iar\Debug_m4\Obj\zf_common_1201165462030747823.dir\zf_common_interrupt.o
#        D:\AStudyWorkS\CodeWorksSpaces\IAR940worksspaces\Seekfree_CYT2BL3_Double_Foc_Project\project\iar\Debug_m4\Obj\zf_device_6570275422786408770.dir\zf_device_absolute_encoder.o
#        D:\AStudyWorkS\CodeWorksSpaces\IAR940worksspaces\Seekfree_CYT2BL3_Double_Foc_Project\project\iar\Debug_m4\Obj\zf_device_6570275422786408770.dir\zf_device_ble6a20.o
#        D:\AStudyWorkS\CodeWorksSpaces\IAR940worksspaces\Seekfree_CYT2BL3_Double_Foc_Project\project\iar\Debug_m4\Obj\zf_device_6570275422786408770.dir\zf_device_bluetooth_ch9141.o
#        D:\AStudyWorkS\CodeWorksSpaces\IAR940worksspaces\Seekfree_CYT2BL3_Double_Foc_Project\project\iar\Debug_m4\Obj\zf_device_6570275422786408770.dir\zf_device_dl1a.o
#        D:\AStudyWorkS\CodeWorksSpaces\IAR940worksspaces\Seekfree_CYT2BL3_Double_Foc_Project\project\iar\Debug_m4\Obj\zf_device_6570275422786408770.dir\zf_device_dl1b.o
#        D:\AStudyWorkS\CodeWorksSpaces\IAR940worksspaces\Seekfree_CYT2BL3_Double_Foc_Project\project\iar\Debug_m4\Obj\zf_device_6570275422786408770.dir\zf_device_gnss.o
#        D:\AStudyWorkS\CodeWorksSpaces\IAR940worksspaces\Seekfree_CYT2BL3_Double_Foc_Project\project\iar\Debug_m4\Obj\zf_device_6570275422786408770.dir\zf_device_icm20602.o
#        D:\AStudyWorkS\CodeWorksSpaces\IAR940worksspaces\Seekfree_CYT2BL3_Double_Foc_Project\project\iar\Debug_m4\Obj\zf_device_6570275422786408770.dir\zf_device_imu660ra.o
#        D:\AStudyWorkS\CodeWorksSpaces\IAR940worksspaces\Seekfree_CYT2BL3_Double_Foc_Project\project\iar\Debug_m4\Obj\zf_device_6570275422786408770.dir\zf_device_imu963ra.o
#        D:\AStudyWorkS\CodeWorksSpaces\IAR940worksspaces\Seekfree_CYT2BL3_Double_Foc_Project\project\iar\Debug_m4\Obj\zf_device_6570275422786408770.dir\zf_device_ips114.o
#        D:\AStudyWorkS\CodeWorksSpaces\IAR940worksspaces\Seekfree_CYT2BL3_Double_Foc_Project\project\iar\Debug_m4\Obj\zf_device_6570275422786408770.dir\zf_device_ips200.o
#        D:\AStudyWorkS\CodeWorksSpaces\IAR940worksspaces\Seekfree_CYT2BL3_Double_Foc_Project\project\iar\Debug_m4\Obj\zf_device_6570275422786408770.dir\zf_device_key.o
#        D:\AStudyWorkS\CodeWorksSpaces\IAR940worksspaces\Seekfree_CYT2BL3_Double_Foc_Project\project\iar\Debug_m4\Obj\zf_device_6570275422786408770.dir\zf_device_menc15a.o
#        D:\AStudyWorkS\CodeWorksSpaces\IAR940worksspaces\Seekfree_CYT2BL3_Double_Foc_Project\project\iar\Debug_m4\Obj\zf_device_6570275422786408770.dir\zf_device_mpu6050.o
#        D:\AStudyWorkS\CodeWorksSpaces\IAR940worksspaces\Seekfree_CYT2BL3_Double_Foc_Project\project\iar\Debug_m4\Obj\zf_device_6570275422786408770.dir\zf_device_mt9v03x.o
#        D:\AStudyWorkS\CodeWorksSpaces\IAR940worksspaces\Seekfree_CYT2BL3_Double_Foc_Project\project\iar\Debug_m4\Obj\zf_device_6570275422786408770.dir\zf_device_oled.o
#        D:\AStudyWorkS\CodeWorksSpaces\IAR940worksspaces\Seekfree_CYT2BL3_Double_Foc_Project\project\iar\Debug_m4\Obj\zf_device_6570275422786408770.dir\zf_device_tft180.o
#        D:\AStudyWorkS\CodeWorksSpaces\IAR940worksspaces\Seekfree_CYT2BL3_Double_Foc_Project\project\iar\Debug_m4\Obj\zf_device_6570275422786408770.dir\zf_device_tsl1401.o
#        D:\AStudyWorkS\CodeWorksSpaces\IAR940worksspaces\Seekfree_CYT2BL3_Double_Foc_Project\project\iar\Debug_m4\Obj\zf_device_6570275422786408770.dir\zf_device_type.o
#        D:\AStudyWorkS\CodeWorksSpaces\IAR940worksspaces\Seekfree_CYT2BL3_Double_Foc_Project\project\iar\Debug_m4\Obj\zf_device_6570275422786408770.dir\zf_device_uart_receiver.o
#        D:\AStudyWorkS\CodeWorksSpaces\IAR940worksspaces\Seekfree_CYT2BL3_Double_Foc_Project\project\iar\Debug_m4\Obj\zf_device_6570275422786408770.dir\zf_device_virtual_oscilloscope.o
#        D:\AStudyWorkS\CodeWorksSpaces\IAR940worksspaces\Seekfree_CYT2BL3_Double_Foc_Project\project\iar\Debug_m4\Obj\zf_device_6570275422786408770.dir\zf_device_wifi_uart.o
#        D:\AStudyWorkS\CodeWorksSpaces\IAR940worksspaces\Seekfree_CYT2BL3_Double_Foc_Project\project\iar\Debug_m4\Obj\zf_device_6570275422786408770.dir\zf_device_wireless_uart.o
#        D:\AStudyWorkS\CodeWorksSpaces\IAR940worksspaces\Seekfree_CYT2BL3_Double_Foc_Project\project\iar\Debug_m4\Obj\zf_driver_11922370083829174090.dir\zf_driver_adc.o
#        D:\AStudyWorkS\CodeWorksSpaces\IAR940worksspaces\Seekfree_CYT2BL3_Double_Foc_Project\project\iar\Debug_m4\Obj\zf_driver_11922370083829174090.dir\zf_driver_delay.o
#        D:\AStudyWorkS\CodeWorksSpaces\IAR940worksspaces\Seekfree_CYT2BL3_Double_Foc_Project\project\iar\Debug_m4\Obj\zf_driver_11922370083829174090.dir\zf_driver_encoder.o
#        D:\AStudyWorkS\CodeWorksSpaces\IAR940worksspaces\Seekfree_CYT2BL3_Double_Foc_Project\project\iar\Debug_m4\Obj\zf_driver_11922370083829174090.dir\zf_driver_exti.o
#        D:\AStudyWorkS\CodeWorksSpaces\IAR940worksspaces\Seekfree_CYT2BL3_Double_Foc_Project\project\iar\Debug_m4\Obj\zf_driver_11922370083829174090.dir\zf_driver_flash.o
#        D:\AStudyWorkS\CodeWorksSpaces\IAR940worksspaces\Seekfree_CYT2BL3_Double_Foc_Project\project\iar\Debug_m4\Obj\zf_driver_11922370083829174090.dir\zf_driver_gpio.o
#        D:\AStudyWorkS\CodeWorksSpaces\IAR940worksspaces\Seekfree_CYT2BL3_Double_Foc_Project\project\iar\Debug_m4\Obj\zf_driver_11922370083829174090.dir\zf_driver_pit.o
#        D:\AStudyWorkS\CodeWorksSpaces\IAR940worksspaces\Seekfree_CYT2BL3_Double_Foc_Project\project\iar\Debug_m4\Obj\zf_driver_11922370083829174090.dir\zf_driver_pwm.o
#        D:\AStudyWorkS\CodeWorksSpaces\IAR940worksspaces\Seekfree_CYT2BL3_Double_Foc_Project\project\iar\Debug_m4\Obj\zf_driver_11922370083829174090.dir\zf_driver_soft_iic.o
#        D:\AStudyWorkS\CodeWorksSpaces\IAR940worksspaces\Seekfree_CYT2BL3_Double_Foc_Project\project\iar\Debug_m4\Obj\zf_driver_11922370083829174090.dir\zf_driver_soft_spi.o
#        D:\AStudyWorkS\CodeWorksSpaces\IAR940worksspaces\Seekfree_CYT2BL3_Double_Foc_Project\project\iar\Debug_m4\Obj\zf_driver_11922370083829174090.dir\zf_driver_spi.o
#        D:\AStudyWorkS\CodeWorksSpaces\IAR940worksspaces\Seekfree_CYT2BL3_Double_Foc_Project\project\iar\Debug_m4\Obj\zf_driver_11922370083829174090.dir\zf_driver_timer.o
#        D:\AStudyWorkS\CodeWorksSpaces\IAR940worksspaces\Seekfree_CYT2BL3_Double_Foc_Project\project\iar\Debug_m4\Obj\zf_driver_11922370083829174090.dir\zf_driver_uart.o
#        --no_out_extension -o
#        D:\AStudyWorkS\CodeWorksSpaces\IAR940worksspaces\Seekfree_CYT2BL3_Double_Foc_Project\project\iar\Debug_m4\Exe\cyt2bl3.out
#        --config_def _CORE_cm4_=0 --config_def _LINK_flash_=0 --map
#        D:\AStudyWorkS\CodeWorksSpaces\IAR940worksspaces\Seekfree_CYT2BL3_Double_Foc_Project\project\iar\Debug_m4\List\cyt2bl3.map
#        --config
#        D:\AStudyWorkS\CodeWorksSpaces\IAR940worksspaces\Seekfree_CYT2BL3_Double_Foc_Project\project\iar\project_config\..\icf\linker_directives_tviibe4m.icf
#        --semihosting
#        D:\AStudyWorkS\CodeWorksSpaces\IAR940worksspaces\Seekfree_CYT2BL3_Double_Foc_Project\project\iar\project_config\..\..\..\libraries\zf_device\zf_device_config.a
#        --entry __iar_program_start --vfe --text_out locale --cpu=Cortex-M4
#        --fpu=VFPv4_sp) --dependencies=n
#        D:\AStudyWorkS\CodeWorksSpaces\IAR940worksspaces\Seekfree_CYT2BL3_Double_Foc_Project\project\iar\Debug_m4\Exe\cyt2bl3.out.iar_deps
#
###############################################################################

*******************************************************************************
*** RUNTIME MODEL ATTRIBUTES
***

CppFlavor       = *
__CPP_Runtime   = 1
__SystemLibrary = DLib
__dlib_version  = 6


*******************************************************************************
*** HEAP SELECTION
***

The basic heap was selected because --advanced_heap
was not specified and the application did not appear to
be primarily optimized for speed.


*******************************************************************************
*** PLACEMENT SUMMARY
***

"A0":  place at start of [from 0x1008'0000 to 0x1040'ffff] { section .intvec };
"P1":  place in [from 0x1008'0000 to 0x1040'ffff] { ro };
"P2":  place in [from 0x802'0000 to 0x807'ffff] { rw };
define block HEAP with size = 1K, alignment = 8 { };
define block CSTACK with size = 8K, alignment = 8 { };
define block HEAP_STACK { block HEAP, last block CSTACK };
"A1":  place at end of [from 0x802'0000 to 0x807'ffff] { block HEAP_STACK };
do not initialize { section .intvec_ram };
initialize by copy { rw };

No sections matched the following patterns:

  ro section .sflash_app_prot  in "P6"
  ro section .sflash_nar       in "P4"
  ro section .sflash_pkey      in "P5"
  ro section .sflash_toc2      in "P7"
  ro section .sflash_uf_rows   in "P3"
  ro section .work_flash       in "P8"
  section .global_ram_data     in "P9"


  Section            Kind         Address      Size  Object
  -------            ----         -------      ----  ------
"P2", part 1 of 3:                            0x6a1
  P2-1                         0x802'0000     0x6a1  <Init block>
    .data            inited    0x802'0000     0x5fc  cy_interrupt_map.o [19]
    .data            inited    0x802'05fc       0x4  cy_interrupt_map.o [19]
    .data            inited    0x802'0600       0x8  hall_gather.o [4]
    .data            inited    0x802'0608       0x8  hall_gather.o [4]
    .data            inited    0x802'0610       0x4  sensorless_control.o [4]
    .data            inited    0x802'0614       0x4  sensorless_control.o [4]
    .data            inited    0x802'0618       0x4  sensorless_control.o [4]
    .data            inited    0x802'061c       0xc  zf_driver_adc.o [42]
    .data            inited    0x802'0628      0x3c  zf_driver_pit.o [42]
    .data            inited    0x802'0664      0x10  zf_driver_spi.o [42]
    .data            inited    0x802'0674      0x14  zf_driver_uart.o [42]
    .data            inited    0x802'0688      0x14  zf_driver_uart.o [42]
    .data            inited    0x802'069c       0x1  driver_gpio.o [4]
    .data            inited    0x802'069d       0x1  driver_gpio.o [4]
    .data            inited    0x802'069e       0x1  zf_common_debug.o [39]
    .data            inited    0x802'069f       0x1  zf_driver_delay.o [42]
    .data            inited    0x802'06a0       0x1  zf_driver_delay.o [42]
                             - 0x802'06a1     0x6a1

"P2", part 2 of 3:                           0x12cc
  .bss               zero      0x802'06a4     0x800  zf_driver_flash.o [42]
  .bss               zero      0x802'0ea4     0x234  motor_control.o [4]
  .bss               zero      0x802'10d8     0x234  motor_control.o [4]
  .bss               zero      0x802'130c     0x140  zf_driver_uart.o [42]
  .bss               zero      0x802'144c     0x118  zf_driver_uart.o [42]
  .bss               zero      0x802'1564      0x80  motor_driver_uart_control.o [4]
  .bss               zero      0x802'15e4      0x80  motor_driver_uart_control.o [4]
  .bss               zero      0x802'1664      0x78  zf_driver_uart.o [42]
  .bss               zero      0x802'16dc      0x70  cy_syslib.o [30]
  .bss               zero      0x802'174c      0x48  zf_driver_adc.o [42]
  .bss               zero      0x802'1794      0x40  zf_common_debug.o [39]
  .bss               zero      0x802'17d4      0x28  fast_foc.o [4]
  .bss               zero      0x802'17fc      0x28  fast_foc.o [4]
  .bss               zero      0x802'1824      0x1c  driver_adc.o [4]
  .bss               zero      0x802'1840      0x18  cy_sysclk.o [27]
  .bss               zero      0x802'1858      0x18  cy_syslib.o [30]
  .bss               zero      0x802'1870      0x18  motor_driver_uart_control.o [4]
  .bss               zero      0x802'1888      0x18  zf_common_debug.o [39]
  .bss               zero      0x802'18a0      0x14  motor_driver_uart_control.o [4]
  .bss               zero      0x802'18b4      0x14  zf_common_debug.o [39]
  .bss               zero      0x802'18e0      0x10  cy_srom.o [24]
  .bss               zero      0x802'18f0      0x10  zf_device_key.o [41]
  .bss               zero      0x802'1900       0x4  cy_srom.o [24]
  .bss               zero      0x802'1904       0x4  cy_srom.o [24]
  .bss               zero      0x802'1908       0x4  cy_syslib.o [30]
  .bss               zero      0x802'190c       0x4  driver_adc.o [4]
  .bss               zero      0x802'1910       0x4  driver_adc.o [4]
  .bss               zero      0x802'1914       0x4  driver_gpio.o [4]
  .bss               zero      0x802'1918       0x4  hall_gather.o [4]
  .bss               zero      0x802'191c       0x4  hall_gather.o [4]
  .bss               zero      0x802'1920       0x4  motor_control.o [4]
  .bss               zero      0x802'1924       0x4  motor_control.o [4]
  .bss               zero      0x802'1928       0x4  system_tviibe4m_cm4.o [18]
  .bss               zero      0x802'192c       0x4  system_tviibe4m_cm4.o [18]
  .bss               zero      0x802'1930       0x4  system_tviibe4m_cm4.o [18]
  .bss               zero      0x802'1934       0x4  system_tviibe4m_cm4.o [18]
  .bss               zero      0x802'1938       0x4  system_tviibe4m_cm4.o [18]
  .bss               zero      0x802'193c       0x4  zf_common_clock.o [39]
  .bss               zero      0x802'1940       0x4  zf_common_interrupt.o [39]
  .bss               zero      0x802'1944       0x4  zf_device_key.o [41]
  .bss               zero      0x802'1948       0x4  zf_device_key.o [41]
  .bss               zero      0x802'194c       0x4  zf_device_menc15a.o [41]
  .bss               zero      0x802'1950       0x4  zf_device_menc15a.o [41]
  .bss               zero      0x802'1954       0x4  zf_driver_spi.o [42]
  .bss               zero      0x802'1958       0x4  zf_driver_spi.o [42]
  .bss               zero      0x802'195c       0x4  zf_driver_timer.o [42]
  .bss               zero      0x802'1960       0x4  xfail_s.o [43]
  .bss               zero      0x802'1964       0x2  motor_driver_uart_control.o [4]
  .bss               zero      0x802'1966       0x1  cy_mw_flash.o [10]
  .bss               zero      0x802'1967       0x1  cy_mw_flash.o [10]
  .bss               zero      0x802'1968       0x1  cy_sysclk.o [27]
  .bss               zero      0x802'1969       0x1  motor_control.o [4]
  .bss               zero      0x802'196a       0x1  motor_control.o [4]
  .bss               zero      0x802'196b       0x1  zf_common_debug.o [39]
  .bss               zero      0x802'196c       0x1  zf_common_debug.o [39]
  .bss               zero      0x802'196d       0x1  zf_common_debug.o [39]
  .bss               zero      0x802'196e       0x1  zf_driver_flash.o [42]
  .bss               zero      0x802'196f       0x1  zf_driver_flash.o [42]
                             - 0x802'1970    0x12cc

"P2", part 3 of 3:                             0x80
  .intvec_ram        uninit    0x802'1c00      0x80  startup_cm4.o [25]
                             - 0x802'1c80      0x80

"A1":                                        0x2000
  HEAP_STACK                   0x807'e000    0x2000  <Block>
    CSTACK                     0x807'e000    0x2000  <Block>
      CSTACK         uninit    0x807'e000    0x2000  <Block tail>
                             - 0x808'0000    0x2000

"A0":                                          0x80
  .intvec            ro code  0x1008'0000      0x80  startup_cm4.o [25]
                            - 0x1008'0080      0x80

"P1":                                      0x1'5c26
  .rodata            const    0x1008'0080    0x4924  fast_foc.o [4]
  .rodata            const    0x1008'49a4    0x42c0  motor_voice.o [4]
  .text              ro code  0x1008'8c64    0x1d1c  sensorless_control.o [4]
  .text              ro code  0x1008'a980     0x6d0  zf_driver_pwm.o [42]
  .text              ro code  0x1008'b050     0x13c  zf_driver_gpio.o [42]
  .text              ro code  0x1008'b18c     0x160  fast_foc.o [4]
  .text              ro code  0x1008'b2ec     0xbf0  pwm_output.o [4]
  .text              ro code  0x1008'bedc      0xc8  zf_driver_exti.o [42]
  .text              ro code  0x1008'bfa4     0x1cc  cy_tcpwm_counter.o [36]
  .text              ro code  0x1008'c170       0xc  cy_tcpwm.o [36]
  .text              ro code  0x1008'c17c     0x234  zf_driver_timer.o [42]
  .text              ro code  0x1008'c3b0      0x48  FltToDbl.o [44]
  .text              ro code  0x1008'c3f8     0x1aa  DblMul.o [44]
  .text              ro code  0x1008'c5a2      0x7e  lz77_init_single.o [45]
  .text              ro code  0x1008'c620      0x34  DblCmpLe.o [44]
  .text              ro code  0x1008'c654      0x34  DblCmpGe.o [44]
  .text              ro code  0x1008'c688     0x25e  DblAddSub.o [44]
  .text              ro code  0x1008'c8e6       0xa  xsprout.o [43]
  .text              ro code  0x1008'c8f0      0x68  DblToFlt.o [44]
  .text              ro code  0x1008'c958     0x2f8  motor_voice.o [4]
  .text              ro code  0x1008'cc50      0x66  ABImemset.o [45]
  .text              ro code  0x1008'ccb8     0x198  cy_gpio.o [11]
  .text              ro code  0x1008'ce50      0xe2  zf_common_interrupt.o [39]
  .text              ro code  0x1008'cf34     0x310  zf_driver_pit.o [42]
  .text              ro code  0x1008'd244     0x438  zf_common_debug.o [39]
  .text              ro code  0x1008'd67c     0x256  cy_tcpwm_pwm.o [36]
  .text              ro code  0x1008'd8d4      0x5c  cy_sysint.o [29]
  .text              ro code  0x1008'd930     0x274  zf_driver_delay.o [42]
  .text              ro code  0x1008'dba4     0x864  zf_driver_uart.o [42]
  .text              ro code  0x1008'e408      0x36  strlen.o [45]
  .text              ro code  0x1008'e440      0x40  sprintf.o [43]
  .text              ro code  0x1008'e480     0x518  zf_common_fifo.o [39]
  .text              ro code  0x1008'e998      0xe0  cm4_isr.o [38]
  .text              ro code  0x1008'ea78       0x6  ABImemclr4.o [45]
  .text              ro code  0x1008'ea80     0x230  I64DivMod.o [45]
  .text              ro code  0x1008'ecb0     0x314  cy_scb_uart.o [20]
  .text              ro code  0x1008'efc4     0xd12  xprintflarge_nomb.o [43]
  .text              ro code  0x1008'fcd8      0xa6  ABImemcpy.o [45]
  .text              ro code  0x1008'fd80     0x564  motor_driver_uart_control.o [4]
  .text              ro code  0x1009'02e4      0x32  ABImemset48.o [45]
  .text              ro code  0x1009'0318       0x2  I64DivZer.o [45]
  .text              ro code  0x1009'031c      0x16  strchr.o [45]
  .text              ro code  0x1009'0334      0x40  xfail_s.o [43]
  .text              ro code  0x1009'0374      0x58  memchr.o [45]
  .text              ro code  0x1009'03cc      0x70  frexp.o [44]
  .text              ro code  0x1009'043c     0x246  DblDiv.o [44]
  .text              ro code  0x1009'0684      0x22  DblToU32.o [44]
  .text              ro code  0x1009'06a8      0x1c  U32ToDbl.o [44]
  .text              ro code  0x1009'06c4      0x2c  strstr.o [43]
  .text              ro code  0x1009'06f0      0x64  zf_common_function.o [39]
  .text              ro code  0x1009'0754    0x1070  motor_control.o [4]
  .text              ro code  0x1009'17c4       0x6  abort.o [43]
  .text              ro code  0x1009'17cc     0x120  zf_device_menc15a.o [41]
  .text              ro code  0x1009'18ec     0x7c8  hall_gather.o [4]
  .text              ro code  0x1009'20b4      0x28  printf.o [43]
  .text              ro code  0x1009'20dc      0x62  round.o [44]
  .text              ro code  0x1009'2140      0x36  DblToS32.o [44]
  .text              ro code  0x1009'2178      0x9c  motor_flash.o [4]
  .text              ro code  0x1009'2214      0x14  exit.o [46]
  .text              ro code  0x1009'2228     0x7f4  zf_driver_spi.o [42]
  .text              ro code  0x1009'2a1c     0x1dc  zf_driver_flash.o [42]
  .text              ro code  0x1009'2bf8     0x1f0  cy_scb_spi.o [20]
  .text              ro code  0x1009'2de8     0x2dc  cy_mw_flash.o [10]
  .text              ro code  0x1009'30c4     0x2ec  cy_srom.o [24]
  .text              ro code  0x1009'33b0      0x70  strncpy.o [45]
  .text              ro code  0x1009'3420      0xac  cy_syslib.o [30]
  .text              ro code  0x1009'34cc     0x4d0  cy_flash.o [9]
  .text              ro code  0x1009'399c      0x60  cy_ipc_drv.o [12]
  .text              ro code  0x1009'39fc      0x14  cy_syslib.o [30]
  .text              ro code  0x1009'3a10     0x678  cy_sysclk.o [27]
  .text              ro code  0x1009'4088     0x470  zf_driver_adc.o [42]
  .text              ro code  0x1009'44f8     0x2dc  cy_adc.o [1]
  .text              ro code  0x1009'47d4     0x170  startup.o [25]
  .text              ro code  0x1009'4944      0xec  system_tviibe4m_cm4.o [18]
  .text              ro code  0x1009'4a30       0x8  startup_cm4.o [25]
  .text              ro code  0x1009'4a38       0x6  startup_cm4.o [25]
  .text              ro code  0x1009'4a40     0x14c  cy_interrupt_map.o [19]
  .text              ro code  0x1009'4b8c     0x144  driver_adc.o [4]
  .text              ro code  0x1009'4cd0     0x11e  driver_gpio.o [4]
  .text              ro code  0x1009'4df0     0x110  zf_device_key.o [41]
  .rodata            const    0x1009'4f00      0x90  system_tviibe4m_cm4.o [18]
  .rodata            const    0x1009'4f90      0x8c  cy_sysclk.o [27]
  .rodata            const    0x1009'501c      0x8c  cy_sysclk.o [27]
  .rodata            const    0x1009'50a8      0x88  cy_mw_flash.o [10]
  .rodata            const    0x1009'5130      0x88  cy_srom.o [24]
  .rodata            const    0x1009'51b8      0x80  zf_common_function.o [39]
  .rodata            const    0x1009'5238      0x7c  zf_common_fifo.o [39]
  .rodata            const    0x1009'52b4      0x7c  zf_device_key.o [41]
  .rodata            const    0x1009'5330      0x7c  zf_driver_adc.o [42]
  .rodata            const    0x1009'53ac      0x7c  zf_driver_flash.o [42]
  .rodata            const    0x1009'5428      0x7c  zf_driver_pwm.o [42]
  .rodata            const    0x1009'54a4      0x7c  zf_driver_spi.o [42]
  .rodata            const    0x1009'5520      0x7c  zf_driver_uart.o [42]
  .text              ro code  0x1009'559c      0x44  startup_cm4.o [25]
  .text              ro code  0x1009'55e0      0x40  main_cm4.o [38]
  .text              ro code  0x1009'5620      0x1c  zf_common_clock.o [39]
  .text              ro code  0x1009'563c      0x38  zero_init3.o [45]
  .rodata            const    0x1009'5674      0x30  motor_control.o [4]
  .rodata            const    0x1009'56a4      0x30  motor_control.o [4]
  .rodata            const    0x1009'56d4      0x30  motor_control.o [4]
  .rodata            const    0x1009'5704      0x28  motor_control.o [4]
  .rodata            const    0x1009'572c      0x28  motor_control.o [4]
  .rodata            const    0x1009'5754      0x28  motor_control.o [4]
  .text              ro code  0x1009'577c      0x28  data_init.o [45]
  .rodata            const    0x1009'57a4      0x24  motor_control.o [4]
  .text              ro code  0x1009'57c8      0x22  fpinit_M.o [44]
  .iar.init_table    const    0x1009'57ec      0x20  - Linker created -
  .text              ro code  0x1009'580c      0x20  startup_cm4.o [25]
  .text              ro code  0x1009'582c      0x20  putchar.o [43]
  .text              ro code  0x1009'5850      0x1e  cy_syslib_iar.o [30]
  .text              ro code  0x1009'5870      0x1e  cmain.o [45]
  .text              ro code  0x1009'5890       0x4  startup_cm4.o [25]
  .text              ro code  0x1009'5894       0x4  exit.o [43]
  .text              ro code  0x1009'5898       0xa  cexit.o [45]
  .rodata            const    0x1009'58a4      0x1c  zf_common_debug.o [39]
  .text              ro code  0x1009'58c0      0x1c  startup_cm4.o [25]
  .text              ro code  0x1009'58dc      0x1c  cstartup_M.o [45]
  .rodata            const    0x1009'58f8      0x18  system_tviibe4m_cm4.o [18]
  .rodata            const    0x1009'5910      0x18  zf_common_debug.o [39]
  .text              ro code  0x1009'5928      0x16  xprout.o [43]
  .rodata            const    0x1009'5940      0x14  cy_flash.o [9]
  .rodata            const    0x1009'5954      0x10  motor_control.o [4]
  .rodata            const    0x1009'5964      0x10  motor_driver_uart_control.o [4]
  .rodata            const    0x1009'5974      0x10  zf_common_debug.o [39]
  .rodata            const    0x1009'5984      0x10  zf_common_debug.o [39]
  .rodata            const    0x1009'5994       0xc  motor_control.o [4]
  .rodata            const    0x1009'59a0       0xc  motor_control.o [4]
  .rodata            const    0x1009'59ac       0xc  motor_control.o [4]
  .rodata            const    0x1009'59b8       0xc  motor_driver_uart_control.o [4]
  .rodata            const    0x1009'59c4       0xc  motor_driver_uart_control.o [4]
  .rodata            const    0x1009'59d0       0xc  motor_driver_uart_control.o [4]
  .rodata            const    0x1009'59dc       0xc  motor_driver_uart_control.o [4]
  .rodata            const    0x1009'59e8       0xc  motor_driver_uart_control.o [4]
  .rodata            const    0x1009'59f4       0xc  motor_driver_uart_control.o [4]
  .rodata            const    0x1009'5a00       0xc  motor_driver_uart_control.o [4]
  .rodata            const    0x1009'5a0c       0xc  motor_driver_uart_control.o [4]
  .rodata            const    0x1009'5a18       0xc  motor_driver_uart_control.o [4]
  .rodata            const    0x1009'5a24       0xc  zf_common_debug.o [39]
  .rodata            const    0x1009'5a30       0xc  zf_common_debug.o [39]
  .text              ro code  0x1009'5a3c       0xc  cy_syslib.o [30]
  .rodata            const    0x1009'5a48       0x8  cy_mw_flash.o [10]
  .rodata            const    0x1009'5a50       0x8  cy_srom.o [24]
  .rodata            const    0x1009'5a58       0x8  motor_control.o [4]
  .rodata            const    0x1009'5a60       0x8  motor_control.o [4]
  .rodata            const    0x1009'5a68       0x8  motor_control.o [4]
  .rodata            const    0x1009'5a70       0x8  startup.o [25]
  .rodata            const    0x1009'5a78       0x4  cy_adc.o [1]
  .rodata            const    0x1009'5a7c       0x4  cy_adc.o [1]
  .rodata            const    0x1009'5a80       0x4  cy_adc.o [1]
  .rodata            const    0x1009'5a84       0x4  cy_adc.o [1]
  .rodata            const    0x1009'5a88       0x4  cy_adc.o [1]
  .rodata            const    0x1009'5a8c       0x4  cy_adc.o [1]
  .rodata            const    0x1009'5a90       0x4  cy_adc.o [1]
  .rodata            const    0x1009'5a94       0x4  cy_adc.o [1]
  .rodata            const    0x1009'5a98       0x4  cy_interrupt_map.o [19]
  .rodata            const    0x1009'5a9c       0x4  cy_interrupt_map.o [19]
  .rodata            const    0x1009'5aa0       0x4  cy_interrupt_map.o [19]
  .rodata            const    0x1009'5aa4       0x4  cy_interrupt_map.o [19]
  .rodata            const    0x1009'5aa8       0x4  cy_interrupt_map.o [19]
  .rodata            const    0x1009'5aac       0x4  cy_ipc_drv.o [12]
  .rodata            const    0x1009'5ab0       0x4  cy_scb_spi.o [20]
  .rodata            const    0x1009'5ab4       0x4  cy_scb_spi.o [20]
  .rodata            const    0x1009'5ab8       0x4  cy_scb_spi.o [20]
  .rodata            const    0x1009'5abc       0x4  cy_scb_spi.o [20]
  .rodata            const    0x1009'5ac0       0x4  cy_scb_uart.o [20]
  .rodata            const    0x1009'5ac4       0x4  cy_scb_uart.o [20]
  .rodata            const    0x1009'5ac8       0x4  cy_scb_uart.o [20]
  .rodata            const    0x1009'5acc       0x4  cy_scb_uart.o [20]
  .rodata            const    0x1009'5ad0       0x4  cy_scb_uart.o [20]
  .rodata            const    0x1009'5ad4       0x4  cy_scb_uart.o [20]
  .rodata            const    0x1009'5ad8       0x4  cy_scb_uart.o [20]
  .rodata            const    0x1009'5adc       0x4  cy_scb_uart.o [20]
  .rodata            const    0x1009'5ae0       0x4  cy_scb_uart.o [20]
  .rodata            const    0x1009'5ae4       0x4  cy_scb_uart.o [20]
  .rodata            const    0x1009'5ae8       0x4  cy_srom.o [24]
  .rodata            const    0x1009'5aec       0x4  cy_srom.o [24]
  .rodata            const    0x1009'5af0       0x4  cy_sysint.o [29]
  .rodata            const    0x1009'5af4       0x4  cy_tcpwm_counter.o [36]
  .rodata            const    0x1009'5af8       0x4  cy_tcpwm_counter.o [36]
  .rodata            const    0x1009'5afc       0x4  cy_tcpwm_counter.o [36]
  .rodata            const    0x1009'5b00       0x4  cy_tcpwm_counter.o [36]
  .rodata            const    0x1009'5b04       0x4  cy_tcpwm_counter.o [36]
  .rodata            const    0x1009'5b08       0x4  cy_tcpwm_pwm.o [36]
  .rodata            const    0x1009'5b0c       0x4  cy_tcpwm_pwm.o [36]
  .rodata            const    0x1009'5b10       0x4  cy_tcpwm_pwm.o [36]
  .rodata            const    0x1009'5b14       0x4  cy_tcpwm_pwm.o [36]
  .rodata            const    0x1009'5b18       0x4  cy_tcpwm_pwm.o [36]
  .rodata            const    0x1009'5b1c       0x4  cy_tcpwm_pwm.o [36]
  .rodata            const    0x1009'5b20       0x4  cy_tcpwm_pwm.o [36]
  .rodata            const    0x1009'5b24       0x4  zf_device_key.o [41]
  .text              ro code  0x1009'5b28       0x4  startup_cm4.o [25]
  .text              ro code  0x1009'5b2c       0x4  startup_cm4.o [25]
  .text              ro code  0x1009'5b30       0x4  startup_cm4.o [25]
  .text              ro code  0x1009'5b34       0x4  startup_cm4.o [25]
  .text              ro code  0x1009'5b38       0x4  startup_cm4.o [25]
  .text              ro code  0x1009'5b3c       0x4  startup_cm4.o [25]
  .text              ro code  0x1009'5b40       0x4  startup_cm4.o [25]
  .text              ro code  0x1009'5b44       0x4  startup_cm4.o [25]
  .text              ro code  0x1009'5b48       0x4  startup_cm4.o [25]
  .text              ro code  0x1009'5b4c       0x4  startup_cm4.o [25]
  .text              ro code  0x1009'5b50       0x4  startup_cm4.o [25]
  .text              ro code  0x1009'5b54       0x4  startup_cm4.o [25]
  .text              ro code  0x1009'5b58       0x4  startup_cm4.o [25]
  .text              ro code  0x1009'5b5c       0x4  startup_cm4.o [25]
  .text              ro code  0x1009'5b60       0x4  startup_cm4.o [25]
  .rodata            const    0x1009'5b64       0x0  zero_init3.o [45]
  .rodata            const    0x1009'5b64       0x0  lz77_init_single.o [45]
  Initializer bytes  const    0x1009'5b64      0x9e  <for P2-1>
                            - 0x1009'5c02  0x1'5b82

Unused ranges:

         From           To       Size
         ----           --       ----
   0x802'06a1   0x802'06a3        0x3
   0x802'1970   0x802'1bff      0x290
   0x802'1c80   0x807'dfff   0x5'c380
  0x1009'5ca6  0x1040'ffff  0x37'a35a


*******************************************************************************
*** INIT TABLE
***

          Address      Size
          -------      ----
Zero (__iar_zero_init3)
    1 destination range, total size 0x12cc:
           0x802'06a4  0x12cc

Copy/lz77 (__iar_lz77_init_single3)
    1 source range, total size 0x9e (9% of destination):
          0x1009'5b64    0x9e
    1 destination range, total size 0x6a1:
           0x802'0000   0x6a1



*******************************************************************************
*** MODULE SUMMARY
***

    Module                       ro code  ro data  rw data
    ------                       -------  -------  -------
command line/config:
    ------------------------------------------------------
    Total:

D:\AStudyWorkS\CodeWorksSpaces\IAR940worksspaces\Seekfree_CYT2BL3_Double_Foc_Project\project\iar\Debug_m4\Obj\adc_11722776235721520015.dir: [1]
    cy_adc.o                         732       32
    ------------------------------------------------------
    Total:                           732       32

D:\AStudyWorkS\CodeWorksSpaces\IAR940worksspaces\Seekfree_CYT2BL3_Double_Foc_Project\project\iar\Debug_m4\Obj\button_4990804375159372270.dir: [2]
    ------------------------------------------------------
    Total:

D:\AStudyWorkS\CodeWorksSpaces\IAR940worksspaces\Seekfree_CYT2BL3_Double_Foc_Project\project\iar\Debug_m4\Obj\canfd_1800690984773873875.dir: [3]
    ------------------------------------------------------
    Total:

D:\AStudyWorkS\CodeWorksSpaces\IAR940worksspaces\Seekfree_CYT2BL3_Double_Foc_Project\project\iar\Debug_m4\Obj\code_17896468042025673432.dir: [4]
    driver_adc.o                     324                36
    driver_gpio.o                    286                 6
    fast_foc.o                       352   18'724       80
    hall_gather.o                  1'992        1       24
    motor_control.o                4'208      376    1'138
    motor_driver_uart_control.o    1'380      124      302
    motor_flash.o                    156
    motor_voice.o                    760   17'088
    pwm_output.o                   3'056
    sensorless_control.o           7'452        1       12
    ------------------------------------------------------
    Total:                        19'966   36'314    1'598

D:\AStudyWorkS\CodeWorksSpaces\IAR940worksspaces\Seekfree_CYT2BL3_Double_Foc_Project\project\iar\Debug_m4\Obj\cpu_15938736945165268644.dir: [5]
    ------------------------------------------------------
    Total:

D:\AStudyWorkS\CodeWorksSpaces\IAR940worksspaces\Seekfree_CYT2BL3_Double_Foc_Project\project\iar\Debug_m4\Obj\crypto_1190170608956581615.dir: [6]
    ------------------------------------------------------
    Total:

D:\AStudyWorkS\CodeWorksSpaces\IAR940worksspaces\Seekfree_CYT2BL3_Double_Foc_Project\project\iar\Debug_m4\Obj\dma_12106025507578611576.dir: [7]
    ------------------------------------------------------
    Total:

D:\AStudyWorkS\CodeWorksSpaces\IAR940worksspaces\Seekfree_CYT2BL3_Double_Foc_Project\project\iar\Debug_m4\Obj\evtgen_3404189088603873129.dir: [8]
    ------------------------------------------------------
    Total:

D:\AStudyWorkS\CodeWorksSpaces\IAR940worksspaces\Seekfree_CYT2BL3_Double_Foc_Project\project\iar\Debug_m4\Obj\flash_8529866181315662935.dir: [9]
    cy_flash.o                     1'232       20
    ------------------------------------------------------
    Total:                         1'232       20

D:\AStudyWorkS\CodeWorksSpaces\IAR940worksspaces\Seekfree_CYT2BL3_Double_Foc_Project\project\iar\Debug_m4\Obj\flash_864493325053435817.dir: [10]
    cy_mw_flash.o                    732      144        2
    ------------------------------------------------------
    Total:                           732      144        2

D:\AStudyWorkS\CodeWorksSpaces\IAR940worksspaces\Seekfree_CYT2BL3_Double_Foc_Project\project\iar\Debug_m4\Obj\gpio_3999404635324069351.dir: [11]
    cy_gpio.o                        408
    ------------------------------------------------------
    Total:                           408

D:\AStudyWorkS\CodeWorksSpaces\IAR940worksspaces\Seekfree_CYT2BL3_Double_Foc_Project\project\iar\Debug_m4\Obj\ipc_10145506163450686023.dir: [12]
    cy_ipc_drv.o                      96        4
    ------------------------------------------------------
    Total:                            96        4

D:\AStudyWorkS\CodeWorksSpaces\IAR940worksspaces\Seekfree_CYT2BL3_Double_Foc_Project\project\iar\Debug_m4\Obj\lin_18429031207028094880.dir: [13]
    ------------------------------------------------------
    Total:

D:\AStudyWorkS\CodeWorksSpaces\IAR940worksspaces\Seekfree_CYT2BL3_Double_Foc_Project\project\iar\Debug_m4\Obj\lvd_6353935867039560245.dir: [14]
    ------------------------------------------------------
    Total:

D:\AStudyWorkS\CodeWorksSpaces\IAR940worksspaces\Seekfree_CYT2BL3_Double_Foc_Project\project\iar\Debug_m4\Obj\mcwdt_4052485907822033969.dir: [15]
    ------------------------------------------------------
    Total:

D:\AStudyWorkS\CodeWorksSpaces\IAR940worksspaces\Seekfree_CYT2BL3_Double_Foc_Project\project\iar\Debug_m4\Obj\mpu_5663187252346826382.dir: [16]
    ------------------------------------------------------
    Total:

D:\AStudyWorkS\CodeWorksSpaces\IAR940worksspaces\Seekfree_CYT2BL3_Double_Foc_Project\project\iar\Debug_m4\Obj\prot_10722960861768657883.dir: [17]
    ------------------------------------------------------
    Total:

D:\AStudyWorkS\CodeWorksSpaces\IAR940worksspaces\Seekfree_CYT2BL3_Double_Foc_Project\project\iar\Debug_m4\Obj\rev_b_4986922561640112550.dir: [18]
    system_tviibe4m_cm4.o            236      168       20
    ------------------------------------------------------
    Total:                           236      168       20

D:\AStudyWorkS\CodeWorksSpaces\IAR940worksspaces\Seekfree_CYT2BL3_Double_Foc_Project\project\iar\Debug_m4\Obj\rev_b_6162237342861132223.dir: [19]
    cy_interrupt_map.o               332      163    1'536
    ------------------------------------------------------
    Total:                           332      163    1'536

D:\AStudyWorkS\CodeWorksSpaces\IAR940worksspaces\Seekfree_CYT2BL3_Double_Foc_Project\project\iar\Debug_m4\Obj\scb_15490842639181808494.dir: [20]
    cy_scb_spi.o                     496       16
    cy_scb_uart.o                    788       40
    ------------------------------------------------------
    Total:                         1'284       56

D:\AStudyWorkS\CodeWorksSpaces\IAR940worksspaces\Seekfree_CYT2BL3_Double_Foc_Project\project\iar\Debug_m4\Obj\semihosting_143864889731838620.dir: [21]
    ------------------------------------------------------
    Total:

D:\AStudyWorkS\CodeWorksSpaces\IAR940worksspaces\Seekfree_CYT2BL3_Double_Foc_Project\project\iar\Debug_m4\Obj\smartio_5451710003740070188.dir: [22]
    ------------------------------------------------------
    Total:

D:\AStudyWorkS\CodeWorksSpaces\IAR940worksspaces\Seekfree_CYT2BL3_Double_Foc_Project\project\iar\Debug_m4\Obj\smif_427648126384146252.dir: [23]
    ------------------------------------------------------
    Total:

D:\AStudyWorkS\CodeWorksSpaces\IAR940worksspaces\Seekfree_CYT2BL3_Double_Foc_Project\project\iar\Debug_m4\Obj\srom_13018798572330080582.dir: [24]
    cy_srom.o                        748      152       24
    ------------------------------------------------------
    Total:                           748      152       24

D:\AStudyWorkS\CodeWorksSpaces\IAR940worksspaces\Seekfree_CYT2BL3_Double_Foc_Project\project\iar\Debug_m4\Obj\startup_479057977785470282.dir: [25]
    startup.o                        368        8
    startup_cm4.o                    334               128
    ------------------------------------------------------
    Total:                           702        8      128

D:\AStudyWorkS\CodeWorksSpaces\IAR940worksspaces\Seekfree_CYT2BL3_Double_Foc_Project\project\iar\Debug_m4\Obj\sw_timer_4215635015939382130.dir: [26]
    ------------------------------------------------------
    Total:

D:\AStudyWorkS\CodeWorksSpaces\IAR940worksspaces\Seekfree_CYT2BL3_Double_Foc_Project\project\iar\Debug_m4\Obj\sysclk_16149231235676103872.dir: [27]
    cy_sysclk.o                    1'656      280       25
    ------------------------------------------------------
    Total:                         1'656      280       25

D:\AStudyWorkS\CodeWorksSpaces\IAR940worksspaces\Seekfree_CYT2BL3_Double_Foc_Project\project\iar\Debug_m4\Obj\sysflt_12293435975120599261.dir: [28]
    ------------------------------------------------------
    Total:

D:\AStudyWorkS\CodeWorksSpaces\IAR940worksspaces\Seekfree_CYT2BL3_Double_Foc_Project\project\iar\Debug_m4\Obj\sysint_7435970359207984181.dir: [29]
    cy_sysint.o                       92        4
    ------------------------------------------------------
    Total:                            92        4

D:\AStudyWorkS\CodeWorksSpaces\IAR940worksspaces\Seekfree_CYT2BL3_Double_Foc_Project\project\iar\Debug_m4\Obj\syslib_16330585751512546975.dir: [30]
    cy_syslib.o                      204               140
    cy_syslib_iar.o                   30
    ------------------------------------------------------
    Total:                           234               140

D:\AStudyWorkS\CodeWorksSpaces\IAR940worksspaces\Seekfree_CYT2BL3_Double_Foc_Project\project\iar\Debug_m4\Obj\syspm_10887939769544754770.dir: [31]
    ------------------------------------------------------
    Total:

D:\AStudyWorkS\CodeWorksSpaces\IAR940worksspaces\Seekfree_CYT2BL3_Double_Foc_Project\project\iar\Debug_m4\Obj\sysreset_14586141425677365288.dir: [32]
    ------------------------------------------------------
    Total:

D:\AStudyWorkS\CodeWorksSpaces\IAR940worksspaces\Seekfree_CYT2BL3_Double_Foc_Project\project\iar\Debug_m4\Obj\sysrtc_10747768817563771611.dir: [33]
    ------------------------------------------------------
    Total:

D:\AStudyWorkS\CodeWorksSpaces\IAR940worksspaces\Seekfree_CYT2BL3_Double_Foc_Project\project\iar\Debug_m4\Obj\systick_16016591671695740695.dir: [34]
    ------------------------------------------------------
    Total:

D:\AStudyWorkS\CodeWorksSpaces\IAR940worksspaces\Seekfree_CYT2BL3_Double_Foc_Project\project\iar\Debug_m4\Obj\syswdt_9118657615806274156.dir: [35]
    ------------------------------------------------------
    Total:

D:\AStudyWorkS\CodeWorksSpaces\IAR940worksspaces\Seekfree_CYT2BL3_Double_Foc_Project\project\iar\Debug_m4\Obj\tcpwm_422923530147891246.dir: [36]
    cy_tcpwm.o                        12
    cy_tcpwm_counter.o               460       20
    cy_tcpwm_pwm.o                   598       28
    ------------------------------------------------------
    Total:                         1'070       48

D:\AStudyWorkS\CodeWorksSpaces\IAR940worksspaces\Seekfree_CYT2BL3_Double_Foc_Project\project\iar\Debug_m4\Obj\trigmux_9729677290734583340.dir: [37]
    ------------------------------------------------------
    Total:

D:\AStudyWorkS\CodeWorksSpaces\IAR940worksspaces\Seekfree_CYT2BL3_Double_Foc_Project\project\iar\Debug_m4\Obj\user_8514941877209965082.dir: [38]
    cm4_isr.o                        224
    main_cm4.o                        64
    ------------------------------------------------------
    Total:                           288

D:\AStudyWorkS\CodeWorksSpaces\IAR940worksspaces\Seekfree_CYT2BL3_Double_Foc_Project\project\iar\Debug_m4\Obj\zf_common_1201165462030747823.dir: [39]
    zf_common_clock.o                 28                 4
    zf_common_debug.o              1'080      108      112
    zf_common_fifo.o               1'304      124
    zf_common_function.o             100      128
    zf_common_interrupt.o            226                 4
    ------------------------------------------------------
    Total:                         2'738      360      120

D:\AStudyWorkS\CodeWorksSpaces\IAR940worksspaces\Seekfree_CYT2BL3_Double_Foc_Project\project\iar\Debug_m4\Obj\zf_components_14936052685886095442.dir: [40]
    ------------------------------------------------------
    Total:

D:\AStudyWorkS\CodeWorksSpaces\IAR940worksspaces\Seekfree_CYT2BL3_Double_Foc_Project\project\iar\Debug_m4\Obj\zf_device_6570275422786408770.dir: [41]
    zf_device_key.o                  272      128       24
    zf_device_menc15a.o              288                 8
    ------------------------------------------------------
    Total:                           560      128       32

D:\AStudyWorkS\CodeWorksSpaces\IAR940worksspaces\Seekfree_CYT2BL3_Double_Foc_Project\project\iar\Debug_m4\Obj\zf_driver_11922370083829174090.dir: [42]
    zf_driver_adc.o                1'136      125       84
    zf_driver_delay.o                628        1        2
    zf_driver_exti.o                 200
    zf_driver_flash.o                476      124    2'050
    zf_driver_gpio.o                 316
    zf_driver_pit.o                  784        6       60
    zf_driver_pwm.o                1'744      124
    zf_driver_spi.o                2'036      125       24
    zf_driver_timer.o                564                 4
    zf_driver_uart.o               2'148      128      760
    ------------------------------------------------------
    Total:                        10'032      633    2'984

dl7M_tln.a: [43]
    abort.o                            6
    exit.o                             4
    printf.o                          40
    putchar.o                         32
    sprintf.o                         64
    strstr.o                          44
    xfail_s.o                         64                 4
    xprintflarge_nomb.o            3'346
    xprout.o                          22
    xsprout.o                         10
    ------------------------------------------------------
    Total:                         3'632                 4

m7M_tls.a: [44]
    DblAddSub.o                      606
    DblCmpGe.o                        52
    DblCmpLe.o                        52
    DblDiv.o                         582
    DblMul.o                         426
    DblToFlt.o                       104
    DblToS32.o                        54
    DblToU32.o                        34
    FltToDbl.o                        72
    U32ToDbl.o                        28
    fpinit_M.o                        34
    frexp.o                          112
    round.o                           98
    ------------------------------------------------------
    Total:                         2'254

rt7M_tl.a: [45]
    ABImemclr4.o                       6
    ABImemcpy.o                      166
    ABImemset.o                      102
    ABImemset48.o                     50
    I64DivMod.o                      560
    I64DivZer.o                        2
    cexit.o                           10
    cmain.o                           30
    cstartup_M.o                      28
    data_init.o                       40
    lz77_init_single.o               126
    memchr.o                          88
    strchr.o                          22
    strlen.o                          54
    strncpy.o                        112
    zero_init3.o                      56
    ------------------------------------------------------
    Total:                         1'452

shb_l.a: [46]
    exit.o                            20
    ------------------------------------------------------
    Total:                            20

    Gaps                              42        6       24
    Linker created                             32    8'192
----------------------------------------------------------
    Grand Total:                  50'538   38'552   14'829


*******************************************************************************
*** ENTRY LIST
***

Entry                       Address    Size  Type      Object
-----                       -------    ----  ----      ------
.iar.init_table$$Base   0x1009'57ec           --   Gb  - Linker created -
.iar.init_table$$Limit  0x1009'580c           --   Gb  - Linker created -
?main                   0x1009'5871          Code  Gb  cmain.o [45]
BusFault_Handler        0x1009'5b31          Code  Wk  startup_cm4.o [25]
CSTACK$$Base             0x807'e000           --   Gb  - Linker created -
CSTACK$$Limit            0x808'0000           --   Gb  - Linker created -
CopyVectorTable         0x1009'48f5    0x34  Code  Lc  startup.o [25]
CpuUserInt0_Handler     0x1009'4a5f    0x26  Code  Gb  cy_interrupt_map.o [19]
CpuUserInt10_Handler    0x1009'5b4d          Code  Wk  startup_cm4.o [25]
CpuUserInt11_Handler    0x1009'5b51          Code  Wk  startup_cm4.o [25]
CpuUserInt12_Handler    0x1009'5b55          Code  Wk  startup_cm4.o [25]
CpuUserInt13_Handler    0x1009'5b59          Code  Wk  startup_cm4.o [25]
CpuUserInt14_Handler    0x1009'5b5d          Code  Wk  startup_cm4.o [25]
CpuUserInt15_Handler    0x1009'5b61          Code  Wk  startup_cm4.o [25]
CpuUserInt1_Handler     0x1009'4a85    0x26  Code  Gb  cy_interrupt_map.o [19]
CpuUserInt2_Handler     0x1009'4aab    0x26  Code  Gb  cy_interrupt_map.o [19]
CpuUserInt3_Handler     0x1009'4ad1     0xe  Code  Gb  cy_interrupt_map.o [19]
CpuUserInt4_Handler     0x1009'4adf     0xe  Code  Gb  cy_interrupt_map.o [19]
CpuUserInt5_Handler     0x1009'4aed    0x26  Code  Gb  cy_interrupt_map.o [19]
CpuUserInt6_Handler     0x1009'4b13    0x26  Code  Gb  cy_interrupt_map.o [19]
CpuUserInt7_Handler     0x1009'4b39    0x1e  Code  Gb  cy_interrupt_map.o [19]
CpuUserInt8_Handler     0x1009'5b45          Code  Wk  startup_cm4.o [25]
CpuUserInt9_Handler     0x1009'5b49          Code  Wk  startup_cm4.o [25]
Cy_Adc_Channel_DeInit   0x1009'46e3    0x2c  Code  Gb  cy_adc.o [1]
Cy_Adc_Channel_Disable  0x1009'471b     0xc  Code  Gb  cy_adc.o [1]
Cy_Adc_Channel_Enable   0x1009'470f     0xc  Code  Gb  cy_adc.o [1]
Cy_Adc_Channel_Init     0x1009'4587   0x15c  Code  Gb  cy_adc.o [1]
Cy_Adc_Channel_SetInterruptMask
                        0x1009'4733    0x7c  Code  Gb  cy_adc.o [1]
Cy_Adc_Channel_SoftwareTrigger
                        0x1009'4727     0xc  Code  Gb  cy_adc.o [1]
Cy_Adc_Init             0x1009'44f9    0x8e  Code  Gb  cy_adc.o [1]
Cy_DefaultUserHandler   0x1009'4a5d     0x2  Code  Gb  cy_interrupt_map.o [19]
Cy_FlashHandler         0x1009'2e5b    0x34  Code  Lc  cy_mw_flash.o [10]
Cy_FlashInit            0x1009'2e8f    0x3c  Code  Gb  cy_mw_flash.o [10]
Cy_FlashSectorErase     0x1009'2ecb    0x7e  Code  Gb  cy_mw_flash.o [10]
Cy_FlashWriteWork       0x1009'2fd5    0xbc  Code  Gb  cy_mw_flash.o [10]
Cy_Flash_BlankCheck     0x1009'387b    0xb4  Code  Gb  cy_flash.o [9]
Cy_Flash_BoundsCheck    0x1009'3729    0x24  Code  Gb  cy_flash.o [9]
Cy_Flash_CallSromApiForFlashWrite
                        0x1009'3501    0x6a  Code  Lc  cy_flash.o [9]
Cy_Flash_EraseSector    0x1009'380b    0x70  Code  Gb  cy_flash.o [9]
Cy_Flash_IsWorkSmallSector
                        0x1009'367f    0x40  Code  Gb  cy_flash.o [9]
Cy_Flash_MainBoundsCheck
                        0x1009'36bf    0x6a  Code  Gb  cy_flash.o [9]
Cy_Flash_ProcessOpcode  0x1009'374d    0xbe  Code  Gb  cy_flash.o [9]
Cy_Flash_ProgramRow     0x1009'356b    0xaa  Code  Gb  cy_flash.o [9]
Cy_Flash_WorkBoundsCheck
                        0x1009'3615    0x6a  Code  Gb  cy_flash.o [9]
Cy_Flashc_GetMainBankMode
                        0x1009'34dd    0x10  Code  Lc  cy_flash.o [9]
Cy_Flashc_GetWorkBankMode
                        0x1009'34cd    0x10  Code  Lc  cy_flash.o [9]
Cy_Flashc_InvalidateFlashCacheBuffer
                        0x1009'34ed    0x14  Code  Lc  cy_flash.o [9]
Cy_Flashc_InvalidateFlashCacheBuffer
                        0x1009'2e2f    0x14  Code  Lc  cy_mw_flash.o [10]
Cy_Flashc_MainWriteEnable
                        0x1009'2e43     0xc  Code  Lc  cy_mw_flash.o [10]
Cy_Flashc_WorkWriteEnable
                        0x1009'2e4f     0xc  Code  Lc  cy_mw_flash.o [10]
Cy_GPIO_ClearInterrupt  0x1008'cd8b     0xe  Code  Lc  cy_gpio.o [11]
Cy_GPIO_ClearInterrupt  0x1008'bedd     0xe  Code  Lc  zf_driver_exti.o [42]
Cy_GPIO_Clr             0x1008'b065     0xa  Code  Lc  zf_driver_gpio.o [42]
Cy_GPIO_GetInterruptStatusMasked
                        0x1008'bf05     0xa  Code  Lc  zf_driver_exti.o [42]
Cy_GPIO_Inv             0x1008'b06f     0xa  Code  Lc  zf_driver_gpio.o [42]
Cy_GPIO_Pin_Init        0x1008'cdcf    0x74  Code  Gb  cy_gpio.o [11]
Cy_GPIO_Read            0x1008'b051     0xa  Code  Lc  zf_driver_gpio.o [42]
Cy_GPIO_Set             0x1008'b05b     0xa  Code  Lc  zf_driver_gpio.o [42]
Cy_GPIO_Set             0x1008'dcdb     0xa  Code  Lc  zf_driver_uart.o [42]
Cy_GPIO_SetDriveSel     0x1008'cd6d    0x1e  Code  Lc  cy_gpio.o [11]
Cy_GPIO_SetDrivemode    0x1008'cd1d    0x1c  Code  Lc  cy_gpio.o [11]
Cy_GPIO_SetHSIOM        0x1008'ccb9    0x4c  Code  Lc  cy_gpio.o [11]
Cy_GPIO_SetInterruptEdge
                        0x1008'cdb3    0x1c  Code  Lc  cy_gpio.o [11]
Cy_GPIO_SetInterruptMask
                        0x1008'cd99    0x1a  Code  Lc  cy_gpio.o [11]
Cy_GPIO_SetInterruptMask
                        0x1008'beeb    0x1a  Code  Lc  zf_driver_exti.o [42]
Cy_GPIO_SetSlewRate     0x1008'cd53    0x1a  Code  Lc  cy_gpio.o [11]
Cy_GPIO_SetVtrip        0x1008'cd39    0x1a  Code  Lc  cy_gpio.o [11]
Cy_GPIO_Write           0x1008'cd05    0x18  Code  Lc  cy_gpio.o [11]
Cy_IPC_Drv_AcquireNotify
                        0x1009'399d     0xc  Code  Lc  cy_ipc_drv.o [12]
Cy_IPC_Drv_ClearInterrupt
                        0x1009'310f    0x14  Code  Lc  cy_srom.o [24]
Cy_IPC_Drv_GetInterruptStatusMasked
                        0x1009'310b     0x4  Code  Lc  cy_srom.o [24]
Cy_IPC_Drv_GetIntrBaseAddr
                        0x1009'30c5    0x34  Code  Lc  cy_srom.o [24]
Cy_IPC_Drv_IsLockAcquired
                        0x1009'3123     0x8  Code  Lc  cy_srom.o [24]
Cy_IPC_Drv_LockAcquire  0x1009'39b1    0x10  Code  Gb  cy_ipc_drv.o [12]
Cy_IPC_Drv_SendMsgWord_2
                        0x1009'39c1    0x34  Code  Gb  cy_ipc_drv.o [12]
Cy_IPC_Drv_SetInterruptMask
                        0x1009'30f9    0x12  Code  Lc  cy_srom.o [24]
Cy_IPC_Drv_WriteData1Value
                        0x1009'39ad     0x4  Code  Lc  cy_ipc_drv.o [12]
Cy_IPC_Drv_WriteDataValue
                        0x1009'39a9     0x4  Code  Lc  cy_ipc_drv.o [12]
Cy_RestoreIRQ           0x1009'4a39          Code  Gb  startup_cm4.o [25]
Cy_SCB_ClearRxFifo      0x1009'2233    0x1e  Code  Lc  zf_driver_spi.o [42]
Cy_SCB_ClearRxInterrupt
                        0x1008'dd3d     0xa  Code  Lc  zf_driver_uart.o [42]
Cy_SCB_ClearTxInterrupt
                        0x1008'dd53     0xa  Code  Lc  zf_driver_uart.o [42]
Cy_SCB_GetNumInRxFifo   0x1009'2229     0xa  Code  Lc  zf_driver_spi.o [42]
Cy_SCB_GetNumInRxFifo   0x1008'dceb     0xa  Code  Lc  zf_driver_uart.o [42]
Cy_SCB_GetNumInTxFifo   0x1009'2257     0xa  Code  Lc  zf_driver_spi.o [42]
Cy_SCB_GetNumInTxFifo   0x1008'dcfb     0xa  Code  Lc  zf_driver_uart.o [42]
Cy_SCB_GetRxInterruptMask
                        0x1008'dd37     0x6  Code  Lc  zf_driver_uart.o [42]
Cy_SCB_GetTxInterruptMask
                        0x1008'dd4d     0x6  Code  Lc  zf_driver_uart.o [42]
Cy_SCB_GetTxSrValid     0x1009'2261     0xa  Code  Lc  zf_driver_spi.o [42]
Cy_SCB_GetTxSrValid     0x1008'dd05     0xa  Code  Lc  zf_driver_uart.o [42]
Cy_SCB_IsTxComplete     0x1009'226b    0x22  Code  Lc  zf_driver_spi.o [42]
Cy_SCB_IsTxComplete     0x1008'dd0f    0x22  Code  Lc  zf_driver_uart.o [42]
Cy_SCB_ReadRxFifo       0x1008'dce5     0x6  Code  Lc  zf_driver_uart.o [42]
Cy_SCB_SPI_ClearRxFifo  0x1009'22ab     0x8  Code  Lc  zf_driver_spi.o [42]
Cy_SCB_SPI_Enable       0x1009'228d     0xa  Code  Lc  zf_driver_spi.o [42]
Cy_SCB_SPI_GetNumInRxFifo
                        0x1009'22a3     0x8  Code  Lc  zf_driver_spi.o [42]
Cy_SCB_SPI_Init         0x1009'2bf9   0x1d8  Code  Gb  cy_scb_spi.o [20]
Cy_SCB_SPI_SetActiveSlaveSelect
                        0x1009'2297     0xc  Code  Lc  zf_driver_spi.o [42]
Cy_SCB_SetRxInterruptMask
                        0x1008'dd31     0x6  Code  Lc  zf_driver_uart.o [42]
Cy_SCB_SetTxInterruptMask
                        0x1008'dd47     0x6  Code  Lc  zf_driver_uart.o [42]
Cy_SCB_UART_DeInit      0x1008'ef35    0x5c  Code  Gb  cy_scb_uart.o [20]
Cy_SCB_UART_Enable      0x1008'dd5d     0xa  Code  Lc  zf_driver_uart.o [42]
Cy_SCB_UART_Init        0x1008'ecb1   0x284  Code  Gb  cy_scb_uart.o [20]
Cy_SCB_WriteTxFifo      0x1009'2251     0x6  Code  Lc  zf_driver_spi.o [42]
Cy_SCB_WriteTxFifo      0x1008'dcf5     0x6  Code  Lc  zf_driver_uart.o [42]
Cy_SaveIRQ              0x1009'4a31          Code  Gb  startup_cm4.o [25]
Cy_Srom_CallApi         0x1009'312b    0xb8  Code  Gb  cy_srom.o [24]
Cy_Srom_CallApi_NonBlock
                        0x1009'31e3    0x66  Code  Gb  cy_srom.o [24]
Cy_Srom_ConvertRespToStatus
                        0x1009'32af    0x1e  Code  Gb  cy_srom.o [24]
Cy_Srom_GetApiResponse  0x1009'3279    0x36  Code  Gb  cy_srom.o [24]
Cy_Srom_GetResponseType
                        0x1009'3249    0x30  Code  Gb  cy_srom.o [24]
Cy_Srom_ISR_ResponseIPC
                        0x1009'3329    0x58  Code  Lc  cy_srom.o [24]
Cy_Srom_SetResponseHandler
                        0x1009'32cd    0x5a  Code  Gb  cy_srom.o [24]
Cy_SysClk_CheckDividerExisting
                        0x1008'b351    0x34  Code  Lc  pwm_output.o [4]
Cy_SysClk_CheckDividerExisting
                        0x1008'8c65    0x34  Code  Lc  sensorless_control.o [4]
Cy_SysClk_CheckDividerExisting
                        0x1009'4089    0x34  Code  Lc  zf_driver_adc.o [42]
Cy_SysClk_CheckDividerExisting
                        0x1008'd931    0x34  Code  Lc  zf_driver_delay.o [42]
Cy_SysClk_CheckDividerExisting
                        0x1008'cf35    0x34  Code  Lc  zf_driver_pit.o [42]
Cy_SysClk_CheckDividerExisting
                        0x1008'a981    0x34  Code  Lc  zf_driver_pwm.o [42]
Cy_SysClk_CheckDividerExisting
                        0x1009'22b3    0x34  Code  Lc  zf_driver_spi.o [42]
Cy_SysClk_CheckDividerExisting
                        0x1008'c17d    0x34  Code  Lc  zf_driver_timer.o [42]
Cy_SysClk_CheckDividerExisting
                        0x1008'dba5    0x34  Code  Lc  zf_driver_uart.o [42]
Cy_SysClk_ClkPathGetSource
                        0x1009'3b27    0x54  Code  Gb  cy_sysclk.o [27]
Cy_SysClk_EcoGetStatus  0x1009'3a11    0x1a  Code  Lc  cy_sysclk.o [27]
Cy_SysClk_FastClkGetDivider
                        0x1009'3b1b     0xc  Code  Lc  cy_sysclk.o [27]
Cy_SysClk_FllGetConfiguration
                        0x1009'3b7b    0x7e  Code  Gb  cy_sysclk.o [27]
Cy_SysClk_FllGetLockStatus
                        0x1009'3a2b     0xc  Code  Lc  cy_sysclk.o [27]
Cy_SysClk_GetCoreFrequency
                        0x1009'405b     0x8  Code  Gb  cy_sysclk.o [27]
Cy_SysClk_GetEcoFrequency
                        0x1009'3cc5    0x32  Code  Gb  cy_sysclk.o [27]
Cy_SysClk_GetExtFrequency
                        0x1009'3cf9    0x1e  Code  Gb  cy_sysclk.o [27]
Cy_SysClk_GetFastFrequency
                        0x1009'402d    0x2e  Code  Gb  cy_sysclk.o [27]
Cy_SysClk_GetFllInputFrequency
                        0x1009'3e21     0xc  Code  Gb  cy_sysclk.o [27]
Cy_SysClk_GetFllOutputFrequency
                        0x1009'3e49    0x78  Code  Gb  cy_sysclk.o [27]
Cy_SysClk_GetHfClkFrequency
                        0x1009'3fb3    0x7a  Code  Gb  cy_sysclk.o [27]
Cy_SysClk_GetIlo0Frequency
                        0x1009'3d19    0x32  Code  Gb  cy_sysclk.o [27]
Cy_SysClk_GetIlo1Frequency
                        0x1009'3d4b    0x32  Code  Gb  cy_sysclk.o [27]
Cy_SysClk_GetImoFrequency
                        0x1009'3c93    0x32  Code  Gb  cy_sysclk.o [27]
Cy_SysClk_GetPathFrequency
                        0x1009'3f81    0x32  Code  Gb  cy_sysclk.o [27]
Cy_SysClk_GetPathSourceFrequency
                        0x1009'3dbd    0x64  Code  Gb  cy_sysclk.o [27]
Cy_SysClk_GetPllInputFrequency
                        0x1009'3e2d    0x1c  Code  Gb  cy_sysclk.o [27]
Cy_SysClk_GetPllNo      0x1009'3a39    0x14  Code  Lc  cy_sysclk.o [27]
Cy_SysClk_GetPllOutputFrequency
                        0x1009'3ec1    0xba  Code  Gb  cy_sysclk.o [27]
Cy_SysClk_GetWcoFrequency
                        0x1009'3d7d    0x32  Code  Gb  cy_sysclk.o [27]
Cy_SysClk_HfClockGetDivider
                        0x1009'3ad9    0x42  Code  Lc  cy_sysclk.o [27]
Cy_SysClk_HfClockGetSource
                        0x1009'3a85    0x54  Code  Lc  cy_sysclk.o [27]
Cy_SysClk_InitGetFreqParams
                        0x1009'3c79    0x1a  Code  Gb  cy_sysclk.o [27]
Cy_SysClk_PeriphAssignDivider
                        0x1008'b3ef    0x3a  Code  Lc  pwm_output.o [4]
Cy_SysClk_PeriphAssignDivider
                        0x1008'8d03    0x3a  Code  Lc  sensorless_control.o [4]
Cy_SysClk_PeriphAssignDivider
                        0x1009'4127    0x3a  Code  Lc  zf_driver_adc.o [42]
Cy_SysClk_PeriphAssignDivider
                        0x1008'd9cb    0x38  Code  Lc  zf_driver_delay.o [42]
Cy_SysClk_PeriphAssignDivider
                        0x1008'cfd1    0x38  Code  Lc  zf_driver_pit.o [42]
Cy_SysClk_PeriphAssignDivider
                        0x1008'aa1f    0x3a  Code  Lc  zf_driver_pwm.o [42]
Cy_SysClk_PeriphAssignDivider
                        0x1009'2373    0x3a  Code  Lc  zf_driver_spi.o [42]
Cy_SysClk_PeriphAssignDivider
                        0x1008'c217    0x38  Code  Lc  zf_driver_timer.o [42]
Cy_SysClk_PeriphAssignDivider
                        0x1008'dc65    0x3a  Code  Lc  zf_driver_uart.o [42]
Cy_SysClk_PeriphEnableDivider
                        0x1008'b429    0x3c  Code  Lc  pwm_output.o [4]
Cy_SysClk_PeriphEnableDivider
                        0x1008'8d3d    0x3c  Code  Lc  sensorless_control.o [4]
Cy_SysClk_PeriphEnableDivider
                        0x1009'4161    0x3c  Code  Lc  zf_driver_adc.o [42]
Cy_SysClk_PeriphEnableDivider
                        0x1008'da03    0x3a  Code  Lc  zf_driver_delay.o [42]
Cy_SysClk_PeriphEnableDivider
                        0x1008'd009    0x3a  Code  Lc  zf_driver_pit.o [42]
Cy_SysClk_PeriphEnableDivider
                        0x1008'aa59    0x3c  Code  Lc  zf_driver_pwm.o [42]
Cy_SysClk_PeriphEnableDivider
                        0x1009'23ad    0x3c  Code  Lc  zf_driver_spi.o [42]
Cy_SysClk_PeriphEnableDivider
                        0x1008'c24f    0x3a  Code  Lc  zf_driver_timer.o [42]
Cy_SysClk_PeriphEnableDivider
                        0x1008'dc9f    0x3c  Code  Lc  zf_driver_uart.o [42]
Cy_SysClk_PeriphSetDivider
                        0x1008'b385    0x6a  Code  Lc  pwm_output.o [4]
Cy_SysClk_PeriphSetDivider
                        0x1008'8c99    0x6a  Code  Lc  sensorless_control.o [4]
Cy_SysClk_PeriphSetDivider
                        0x1009'40bd    0x6a  Code  Lc  zf_driver_adc.o [42]
Cy_SysClk_PeriphSetDivider
                        0x1008'd965    0x66  Code  Lc  zf_driver_delay.o [42]
Cy_SysClk_PeriphSetDivider
                        0x1008'cf69    0x68  Code  Lc  zf_driver_pit.o [42]
Cy_SysClk_PeriphSetDivider
                        0x1008'a9b5    0x6a  Code  Lc  zf_driver_pwm.o [42]
Cy_SysClk_PeriphSetDivider
                        0x1008'c1b1    0x66  Code  Lc  zf_driver_timer.o [42]
Cy_SysClk_PeriphSetFracDivider
                        0x1009'22e7    0x8c  Code  Lc  zf_driver_spi.o [42]
Cy_SysClk_PeriphSetFracDivider
                        0x1008'dbd9    0x8c  Code  Lc  zf_driver_uart.o [42]
Cy_SysClk_PllGetConfiguration
                        0x1009'3c0d    0x48  Code  Gb  cy_sysclk.o [27]
Cy_SysClk_PllGetLockStatus
                        0x1009'3a4d    0x28  Code  Lc  cy_sysclk.o [27]
Cy_SysClk_WcoOkay       0x1009'3a75     0xe  Code  Lc  cy_sysclk.o [27]
Cy_SysInt_InitIRQ       0x1008'd8d5    0x38  Code  Gb  cy_sysint.o [29]
Cy_SysInt_SetSystemIrqVector
                        0x1008'd90d    0x12  Code  Gb  cy_sysint.o [29]
Cy_SysInt_SystemIrqUserTableRamPointer
                         0x802'05fc     0x4  Data  Gb  cy_interrupt_map.o [19]
Cy_SysLib_CleanCoreDCacheByAddr
                        0x1009'34cb     0x2  Code  Gb  cy_syslib.o [30]
Cy_SysLib_DelayCycles   0x1009'5851          Code  Gb  cy_syslib_iar.o [30]
Cy_SysLib_EnterCriticalSection
                        0x1009'5861          Code  Gb  cy_syslib_iar.o [30]
Cy_SysLib_ExitCriticalSection
                        0x1009'5869          Code  Gb  cy_syslib_iar.o [30]
Cy_SysLib_FaultHandler  0x1009'3425    0x90  Code  Gb  cy_syslib.o [30]
Cy_SysLib_Halt          0x1009'3421     0x4  Code  Gb  cy_syslib.o [30]
Cy_SysLib_InvalidateCoreDCacheByAddr
                        0x1009'34c9     0x2  Code  Gb  cy_syslib.o [30]
Cy_SysLib_ProcessingFault
                        0x1009'39fd    0x14  Code  Wk  cy_syslib.o [30]
Cy_SysLib_SvcHandler    0x1009'5a3d     0xc  Code  Wk  cy_syslib.o [30]
Cy_SystemInitFpuEnable  0x1009'49e1    0x1e  Code  Gb  system_tviibe4m_cm4.o [18]
Cy_SystemIrqUserTable    0x802'0000   0x5fc  Data  Gb  cy_interrupt_map.o [19]
Cy_Tcpwm_Counter_ClearTC_Intr
                        0x1008'c161    0x10  Code  Gb  cy_tcpwm_counter.o [36]
Cy_Tcpwm_Counter_Disable
                        0x1008'c13f     0xa  Code  Gb  cy_tcpwm_counter.o [36]
Cy_Tcpwm_Counter_Enable
                        0x1008'c135     0xa  Code  Gb  cy_tcpwm_counter.o [36]
Cy_Tcpwm_Counter_GetCounter
                        0x1008'c14d     0x4  Code  Gb  cy_tcpwm_counter.o [36]
Cy_Tcpwm_Counter_Init   0x1008'bfa5   0x17c  Code  Gb  cy_tcpwm_counter.o [36]
Cy_Tcpwm_Counter_SetCounter
                        0x1008'c149     0x4  Code  Gb  cy_tcpwm_counter.o [36]
Cy_Tcpwm_Counter_SetPeriod
                        0x1008'c151     0x4  Code  Gb  cy_tcpwm_counter.o [36]
Cy_Tcpwm_Counter_SetTC_IntrMask
                        0x1008'c155     0xc  Code  Gb  cy_tcpwm_counter.o [36]
Cy_Tcpwm_Pwm_DeInit     0x1008'd881    0x3e  Code  Gb  cy_tcpwm_pwm.o [36]
Cy_Tcpwm_Pwm_Disable    0x1008'd8c9     0xa  Code  Gb  cy_tcpwm_pwm.o [36]
Cy_Tcpwm_Pwm_Enable     0x1008'd8bf     0xa  Code  Gb  cy_tcpwm_pwm.o [36]
Cy_Tcpwm_Pwm_Init       0x1008'd67d   0x1e8  Code  Gb  cy_tcpwm_pwm.o [36]
Cy_Tcpwm_TriggerStart   0x1008'c171     0xc  Code  Gb  cy_tcpwm.o [36]
Cy_WorkFlashBlankCheck  0x1009'2f49    0x8c  Code  Gb  cy_mw_flash.o [10]
Cy_u32StartupStackEndAddress
                        0x1009'55dc          Data  Gb  startup_cm4.o [25]
Cy_u32StartupStackStartAddress
                        0x1009'55d8          Data  Gb  startup_cm4.o [25]
DebugMon_Handler        0x1009'5b39          Code  Wk  startup_cm4.o [25]
HEAP_STACK$$Base         0x807'e000           --   Gb  - Linker created -
HEAP_STACK$$Limit        0x808'0000           --   Gb  - Linker created -
HardFault_Handler       0x1009'580d          Code  Wk  startup_cm4.o [25]
InitRamEcc              0x1009'47e5    0xfe  Code  Lc  startup.o [25]
InitRamEccClearArea     0x1009'48e3    0x12  Code  Lc  startup.o [25]
MemManage_Handler       0x1009'5b2d          Code  Wk  startup_cm4.o [25]
NMI_Handler             0x1009'5b29          Code  Wk  startup_cm4.o [25]
PendSV_Handler          0x1009'5b3d          Code  Wk  startup_cm4.o [25]
Region$$Table$$Base     0x1009'57ec           --   Gb  - Linker created -
Region$$Table$$Limit    0x1009'580c           --   Gb  - Linker created -
Reset_Handler           0x1009'559d          Code  Wk  startup_cm4.o [25]
SVC_Handler             0x1009'58c1          Code  Wk  startup_cm4.o [25]
Startup_Init            0x1009'47d5    0x10  Code  Gb  startup.o [25]
SysTick_Handler         0x1009'5b41          Code  Wk  startup_cm4.o [25]
SystemCoreClock          0x802'1928     0x4  Data  Gb  system_tviibe4m_cm4.o [18]
SystemCoreClockUpdate   0x1009'494d    0x94  Code  Gb  system_tviibe4m_cm4.o [18]
SystemInit              0x1009'4945     0x8  Code  Gb  system_tviibe4m_cm4.o [18]
UsageFault_Handler      0x1009'5b35          Code  Wk  startup_cm4.o [25]
_LC                     0x1008'efc5     0x6  Code  Lc  xprintflarge_nomb.o [43]
_LitobLargeNoMb         0x1008'facf   0x114  Code  Lc  xprintflarge_nomb.o [43]
_PrintfLargeNoMb        0x1008'efcb   0xafe  Code  Gb  xprintflarge_nomb.o [43]
_Prout                  0x1009'5929    0x16  Code  Gb  xprout.o [43]
_PutcharsLargeNoMb      0x1008'fc3d    0x2e  Code  Lc  xprintflarge_nomb.o [43]
_SProut                 0x1008'c8e7     0xa  Code  Gb  xsprout.o [43]
__NVIC_ClearPendingIRQ  0x1009'4a41    0x1c  Code  Lc  cy_interrupt_map.o [19]
__NVIC_ClearPendingIRQ  0x1008'b30b    0x1e  Code  Lc  pwm_output.o [4]
__NVIC_ClearPendingIRQ  0x1008'ce6d    0x1c  Code  Lc  zf_common_interrupt.o [39]
__NVIC_EnableIRQ        0x1009'2de9    0x1e  Code  Lc  cy_mw_flash.o [10]
__NVIC_EnableIRQ        0x1008'b2ed    0x1e  Code  Lc  pwm_output.o [4]
[...]
magnetic_encoder_get_offset
                        0x1009'17cd    0x38  Code  Lc  zf_device_menc15a.o [41]
main                    0x1009'55e1    0x40  Code  Gb  main_cm4.o [38]
memchr                  0x1009'0375          Code  Gb  memchr.o [45]
menc15a_absolute_data    0x802'194c     0x4  Data  Gb  zf_device_menc15a.o [41]
menc15a_absolute_offset_data
                         0x802'1950     0x4  Data  Gb  zf_device_menc15a.o [41]
menc15a_get_absolute_data
                        0x1009'1805    0x78  Code  Gb  zf_device_menc15a.o [41]
menc15a_init            0x1009'187d    0x52  Code  Gb  zf_device_menc15a.o [41]
motor_bldc_control_init
                        0x1009'1451    0x1c  Code  Gb  motor_control.o [4]
motor_both_zero_calibration
                        0x1009'0f21   0x3dc  Code  Gb  motor_control.o [4]
motor_commutation       0x1008'93c3   0x194  Code  Gb  sensorless_control.o [4]
motor_control_init      0x1009'1489    0x60  Code  Gb  motor_control.o [4]
motor_direction_calculate
                        0x1009'19bd    0x4a  Code  Gb  hall_gather.o [4]
motor_driver_control_callback
                        0x1009'0243    0x3e  Code  Gb  motor_driver_uart_control.o [4]
motor_driver_control_loop
                        0x1009'005f   0x1a6  Code  Gb  motor_driver_uart_control.o [4]
motor_driver_fifo        0x802'1870    0x18  Data  Gb  motor_driver_uart_control.o [4]
motor_driver_fifo_clear
                        0x1008'fd81    0x14  Code  Gb  motor_driver_uart_control.o [4]
motor_driver_parse_statement
                        0x1008'fd95   0x2ca  Code  Gb  motor_driver_uart_control.o [4]
motor_driver_send_speed
                        0x1009'0205    0x3e  Code  Gb  motor_driver_uart_control.o [4]
motor_driver_uart_init  0x1009'0281    0x26  Code  Gb  motor_driver_uart_control.o [4]
motor_flash_init        0x1009'2209     0xc  Code  Gb  motor_flash.o [4]
motor_flash_read        0x1009'2179    0x3c  Code  Gb  motor_flash.o [4]
motor_flash_write       0x1009'21b5    0x46  Code  Gb  motor_flash.o [4]
motor_foc_control_init  0x1009'13d1    0x78  Code  Gb  motor_control.o [4]
motor_left               0x802'0ea4   0x234  Data  Gb  motor_control.o [4]
motor_left_channel_set  0x1008'b713    0x7a  Code  Gb  pwm_output.o [4]
motor_left_duty_set     0x1008'b677    0x9c  Code  Gb  pwm_output.o [4]
motor_left_foc_driver    0x802'17d4    0x28  Data  Gb  fast_foc.o [4]
motor_left_hall_callback
                        0x1009'1d05    0xc6  Code  Gb  hall_gather.o [4]
motor_left_hall_callback::left_protect_count
                         0x802'1918     0x4  Data  Lc  hall_gather.o [4]
motor_left_hall_isr     0x1009'1c45    0xba  Code  Gb  hall_gather.o [4]
motor_left_hall_output  0x1009'1a09   0x11a  Code  Gb  hall_gather.o [4]
motor_left_output_init  0x1008'b465   0x212  Code  Gb  pwm_output.o [4]
motor_left_phase_check  0x1008'b78d   0x110  Code  Gb  pwm_output.o [4]
motor_left_sensorless_delay_isr
                        0x1008'957d    0x58  Code  Gb  sensorless_control.o [4]
motor_left_sensorless_delay_output
                        0x1008'9557    0x24  Code  Gb  sensorless_control.o [4]
motor_left_sensorless_pwm_output
                        0x1008'9123   0x14e  Code  Gb  sensorless_control.o [4]
motor_left_update_isr   0x1009'0755   0x3d0  Code  Gb  motor_control.o [4]
motor_left_update_isr::left_protect_count
                         0x802'1920     0x4  Data  Lc  motor_control.o [4]
motor_left_update_isr::left_speed_count
                         0x802'1969     0x1  Data  Lc  motor_control.o [4]
motor_next_step         0x1008'90a5    0x7e  Code  Gb  sensorless_control.o [4]
motor_right              0x802'10d8   0x234  Data  Gb  motor_control.o [4]
motor_right_channel_set
                        0x1008'bb2f    0x68  Code  Gb  pwm_output.o [4]
motor_right_duty_set    0x1008'baa5    0x8a  Code  Gb  pwm_output.o [4]
motor_right_foc_driver   0x802'17fc    0x28  Data  Gb  fast_foc.o [4]
motor_right_hall_callback
                        0x1009'1e83    0xc6  Code  Gb  hall_gather.o [4]
motor_right_hall_callback::right_protect_count
                         0x802'191c     0x4  Data  Lc  hall_gather.o [4]
motor_right_hall_isr    0x1009'1dcd    0xb6  Code  Gb  hall_gather.o [4]
motor_right_hall_output
                        0x1009'1b25   0x120  Code  Gb  hall_gather.o [4]
motor_right_output_init
                        0x1008'b89d   0x208  Code  Gb  pwm_output.o [4]
motor_right_phase_check
                        0x1008'bb97   0x112  Code  Gb  pwm_output.o [4]
motor_right_sensorless_delay_isr
                        0x1008'9701    0x58  Code  Gb  sensorless_control.o [4]
motor_right_sensorless_delay_output
                        0x1008'96dd    0x24  Code  Gb  sensorless_control.o [4]
motor_right_sensorless_pwm_output
                        0x1008'9271   0x152  Code  Gb  sensorless_control.o [4]
motor_right_update_isr  0x1009'0b39   0x3d4  Code  Gb  motor_control.o [4]
motor_right_update_isr::right_protect_count
                         0x802'1924     0x4  Data  Lc  motor_control.o [4]
motor_right_update_isr::right_speed_count
                         0x802'196a     0x1  Data  Lc  motor_control.o [4]
motor_sensorless_control_init
                        0x1009'146d    0x1c  Code  Gb  motor_control.o [4]
motor_value              0x802'18a0    0x14  Data  Gb  motor_driver_uart_control.o [4]
motor_voice_output      0x1008'c959   0x2f8  Code  Gb  motor_voice.o [4]
motor_zero_calibration  0x1009'1301    0xcc  Code  Gb  motor_control.o [4]
pit0_ch0_isr            0x1008'e999     0xa  Code  Gb  cm4_isr.o [38]
pit0_ch10_isr           0x1008'e9b7     0xa  Code  Gb  cm4_isr.o [38]
pit0_ch11_isr           0x1008'e9c1     0xa  Code  Gb  cm4_isr.o [38]
pit0_ch12_isr           0x1008'e9cb     0xa  Code  Gb  cm4_isr.o [38]
pit0_ch13_isr           0x1008'e9d5     0xa  Code  Gb  cm4_isr.o [38]
pit0_ch14_isr           0x1008'e9df     0xa  Code  Gb  cm4_isr.o [38]
pit0_ch15_isr           0x1008'e9e9     0xa  Code  Gb  cm4_isr.o [38]
pit0_ch16_isr           0x1008'e9f3     0xa  Code  Gb  cm4_isr.o [38]
pit0_ch17_isr           0x1008'e9fd     0xa  Code  Gb  cm4_isr.o [38]
pit0_ch18_isr           0x1008'ea07     0xa  Code  Gb  cm4_isr.o [38]
pit0_ch19_isr           0x1008'ea11     0xa  Code  Gb  cm4_isr.o [38]
pit0_ch1_isr            0x1008'e9a3     0xa  Code  Gb  cm4_isr.o [38]
pit0_ch20_isr           0x1008'ea1b     0xa  Code  Gb  cm4_isr.o [38]
pit0_ch21_isr           0x1008'ea25     0xa  Code  Gb  cm4_isr.o [38]
pit0_ch2_isr            0x1008'e9ad     0xa  Code  Gb  cm4_isr.o [38]
pit_init                0x1008'd06d   0x1bc  Code  Gb  zf_driver_pit.o [42]
pit_isr_flag_clear      0x1008'd043    0x2a  Code  Gb  zf_driver_pit.o [42]
pit_isr_func             0x802'0628    0x3c  Data  Gb  zf_driver_pit.o [42]
printf                  0x1009'20b5    0x28  Code  Gb  printf.o [43]
programSizeBytesLut     0x1009'5940    0x14  Data  Lc  cy_flash.o [9]
putchar                 0x1009'582d    0x20  Code  Gb  putchar.o [43]
pwm_all_channel_close   0x1008'ada3    0x1a  Code  Gb  zf_driver_pwm.o [42]
pwm_init                0x1008'ae7d   0x1b4  Code  Gb  zf_driver_pwm.o [42]
pwm_set_duty            0x1008'adbd    0xc0  Code  Gb  zf_driver_pwm.o [42]
read_buffer              0x802'15e4    0x80  Data  Gb  motor_driver_uart_control.o [4]
receive_enter_flag       0x802'1964     0x2  Data  Gb  motor_driver_uart_control.o [4]
right_mos_close         0x1008'bec5    0x18  Code  Gb  pwm_output.o [4]
right_mos_q1q4_open     0x1008'be1d    0x1c  Code  Gb  pwm_output.o [4]
right_mos_q1q6_open     0x1008'be39    0x1c  Code  Gb  pwm_output.o [4]
right_mos_q3q2_open     0x1008'be55    0x1c  Code  Gb  pwm_output.o [4]
right_mos_q3q6_open     0x1008'be71    0x1c  Code  Gb  pwm_output.o [4]
right_mos_q5q2_open     0x1008'be8d    0x1c  Code  Gb  pwm_output.o [4]
right_mos_q5q4_open     0x1008'bea9    0x1c  Code  Gb  pwm_output.o [4]
round                   0x1009'20ed          Code  Gb  round.o [44]
roundl                  0x1009'20ed          Code  Gb  round.o [44]
sar_adc                  0x802'061c     0xc  Data  Lc  zf_driver_adc.o [42]
scale                   0x1008'fbe3    0x46  Code  Lc  xprintflarge_nomb.o [43]
scanner_period           0x802'1944     0x4  Data  Lc  zf_device_key.o [41]
scb_module               0x802'0688    0x14  Data  Gb  zf_driver_uart.o [42]
sec_hand                 0x802'1960     0x4  Data  Lc  xfail_s.o [43]
sensorless_motor_isr    0x1008'98d9   0xdfc  Code  Gb  sensorless_control.o [4]
sensorless_motor_left_trig_isr
                        0x1008'95d5   0x108  Code  Gb  sensorless_control.o [4]
sensorless_motor_right_trig_isr
                        0x1008'9759   0x108  Code  Gb  sensorless_control.o [4]
sensorless_motor_trig_disable
                        0x1008'905b    0x4a  Code  Gb  sensorless_control.o [4]
sensorless_motor_trig_enable
                        0x1008'9011    0x4a  Code  Gb  sensorless_control.o [4]
sensorless_pwm_output_init
                        0x1008'8d79    0xa2  Code  Gb  sensorless_control.o [4]
sensorless_start_check  0x1008'a6f9    0x18  Code  Gb  sensorless_control.o [4]
sensorless_start_sine   0x1008'8e1b   0x1f6  Code  Gb  sensorless_control.o [4]
sensorless_start_sine::location_time_use
                         0x802'0610     0x4  Data  Lc  sensorless_control.o [4]
sensorless_start_sine::sine_duty
                         0x802'0618     0x4  Data  Lc  sensorless_control.o [4]
sensorless_start_sine::traction_time_use
                         0x802'0614     0x4  Data  Lc  sensorless_control.o [4]
sensorless_trig_init    0x1008'a711   0x240  Code  Gb  sensorless_control.o [4]
spi_get_clk_hsiom       0x1009'2491    0x28  Code  Lc  zf_driver_spi.o [42]
spi_get_clk_pin         0x1009'23e9    0x28  Code  Lc  zf_driver_spi.o [42]
spi_get_cs_hsiom        0x1009'250d    0x2c  Code  Lc  zf_driver_spi.o [42]
spi_get_cs_pin          0x1009'2465    0x2c  Code  Lc  zf_driver_spi.o [42]
spi_get_miso_hsiom      0x1009'24e1    0x2c  Code  Lc  zf_driver_spi.o [42]
spi_get_miso_pin        0x1009'2439    0x2c  Code  Lc  zf_driver_spi.o [42]
spi_get_module_clock    0x1009'2539    0x26  Code  Lc  zf_driver_spi.o [42]
spi_get_mosi_hsiom      0x1009'24b9    0x28  Code  Lc  zf_driver_spi.o [42]
spi_get_mosi_pin        0x1009'2411    0x28  Code  Lc  zf_driver_spi.o [42]
spi_init                0x1009'27c5   0x242  Code  Gb  zf_driver_spi.o [42]
spi_module               0x802'0664    0x10  Data  Gb  zf_driver_spi.o [42]
spi_read_16bit_register
                        0x1009'26d1    0xe2  Code  Gb  zf_driver_spi.o [42]
sprintf                 0x1008'e441    0x40  Code  Gb  sprintf.o [43]
strchr                  0x1009'031d          Code  Gb  strchr.o [45]
strlen                  0x1008'e409          Code  Gb  strlen.o [45]
strncpy                 0x1009'33b1          Code  Gb  strncpy.o [45]
strstr                  0x1009'06c5    0x2c  Code  Gb  strstr.o [43]
switch_transition_length
                        0x1009'255f   0x15e  Code  Lc  zf_driver_spi.o [42]
switch_transition_length::now_length
                         0x802'1958     0x4  Data  Lc  zf_driver_spi.o [42]
system_clock             0x802'193c     0x4  Data  Gb  zf_common_clock.o [39]
system_delay_init       0x1008'daf1    0x92  Code  Gb  zf_driver_delay.o [42]
system_delay_ms         0x1008'da93    0x5e  Code  Gb  zf_driver_delay.o [42]
system_delay_us         0x1008'da3d    0x56  Code  Gb  zf_driver_delay.o [42]
timer_ch                 0x802'06a0     0x1  Data  Lc  zf_driver_delay.o [42]
timer_clear             0x1008'c2df    0x16  Code  Gb  zf_driver_timer.o [42]
timer_get               0x1008'c2b1    0x2e  Code  Gb  zf_driver_timer.o [42]
timer_init              0x1008'c2f5    0xa4  Code  Gb  zf_driver_timer.o [42]
timer_start             0x1008'c289    0x28  Code  Gb  zf_driver_timer.o [42]
uart0_isr               0x1008'ea2f    0x12  Code  Gb  cm4_isr.o [38]
uart1_isr               0x1008'ea41     0xa  Code  Gb  cm4_isr.o [38]
uart2_isr               0x1008'ea4b    0x14  Code  Gb  cm4_isr.o [38]
uart3_isr               0x1008'ea65     0xa  Code  Gb  cm4_isr.o [38]
uart4_isr               0x1008'ea6f     0xa  Code  Gb  cm4_isr.o [38]
uart_context             0x802'144c   0x118  Data  Gb  zf_driver_uart.o [42]
uart_data_buffer_interior
                         0x802'130c   0x140  Data  Lc  zf_driver_uart.o [42]
uart_data_fifo_interior
                         0x802'1664    0x78  Data  Lc  zf_driver_uart.o [42]
uart_init               0x1008'e221   0x1a8  Code  Gb  zf_driver_uart.o [42]
uart_isr_func            0x802'0674    0x14  Data  Gb  zf_driver_uart.o [42]
uart_isr_function       0x1008'ddf5    0x38  Code  Gb  zf_driver_uart.o [42]
uart_isr_mask           0x1008'dd67    0x8e  Code  Gb  zf_driver_uart.o [42]
uart_query_byte         0x1008'dfcd    0x3a  Code  Gb  zf_driver_uart.o [42]
uart_rx_interrupt       0x1008'e123    0xfe  Code  Gb  zf_driver_uart.o [42]
uart_tx_interrupt       0x1008'e007   0x11c  Code  Gb  zf_driver_uart.o [42]
uart_write_buffer       0x1008'df8d    0x1e  Code  Gb  zf_driver_uart.o [42]
uart_write_byte         0x1008'df65    0x28  Code  Gb  zf_driver_uart.o [42]
uart_write_string       0x1008'dfab    0x22  Code  Gb  zf_driver_uart.o [42]
voice_data              0x1008'49a4  0x42c0  Data  Gb  motor_voice.o [4]
zf_debug_assert_enable   0x802'069e     0x1  Data  Lc  zf_common_debug.o [39]
zf_debug_init_flag       0x802'196b     0x1  Data  Lc  zf_common_debug.o [39]


[1] = D:\AStudyWorkS\CodeWorksSpaces\IAR940worksspaces\Seekfree_CYT2BL3_Double_Foc_Project\project\iar\Debug_m4\Obj\adc_11722776235721520015.dir
[2] = D:\AStudyWorkS\CodeWorksSpaces\IAR940worksspaces\Seekfree_CYT2BL3_Double_Foc_Project\project\iar\Debug_m4\Obj\button_4990804375159372270.dir
[3] = D:\AStudyWorkS\CodeWorksSpaces\IAR940worksspaces\Seekfree_CYT2BL3_Double_Foc_Project\project\iar\Debug_m4\Obj\canfd_1800690984773873875.dir
[4] = D:\AStudyWorkS\CodeWorksSpaces\IAR940worksspaces\Seekfree_CYT2BL3_Double_Foc_Project\project\iar\Debug_m4\Obj\code_17896468042025673432.dir
[5] = D:\AStudyWorkS\CodeWorksSpaces\IAR940worksspaces\Seekfree_CYT2BL3_Double_Foc_Project\project\iar\Debug_m4\Obj\cpu_15938736945165268644.dir
[6] = D:\AStudyWorkS\CodeWorksSpaces\IAR940worksspaces\Seekfree_CYT2BL3_Double_Foc_Project\project\iar\Debug_m4\Obj\crypto_1190170608956581615.dir
[7] = D:\AStudyWorkS\CodeWorksSpaces\IAR940worksspaces\Seekfree_CYT2BL3_Double_Foc_Project\project\iar\Debug_m4\Obj\dma_12106025507578611576.dir
[8] = D:\AStudyWorkS\CodeWorksSpaces\IAR940worksspaces\Seekfree_CYT2BL3_Double_Foc_Project\project\iar\Debug_m4\Obj\evtgen_3404189088603873129.dir
[9] = D:\AStudyWorkS\CodeWorksSpaces\IAR940worksspaces\Seekfree_CYT2BL3_Double_Foc_Project\project\iar\Debug_m4\Obj\flash_8529866181315662935.dir
[10] = D:\AStudyWorkS\CodeWorksSpaces\IAR940worksspaces\Seekfree_CYT2BL3_Double_Foc_Project\project\iar\Debug_m4\Obj\flash_864493325053435817.dir
[11] = D:\AStudyWorkS\CodeWorksSpaces\IAR940worksspaces\Seekfree_CYT2BL3_Double_Foc_Project\project\iar\Debug_m4\Obj\gpio_3999404635324069351.dir
[12] = D:\AStudyWorkS\CodeWorksSpaces\IAR940worksspaces\Seekfree_CYT2BL3_Double_Foc_Project\project\iar\Debug_m4\Obj\ipc_10145506163450686023.dir
[13] = D:\AStudyWorkS\CodeWorksSpaces\IAR940worksspaces\Seekfree_CYT2BL3_Double_Foc_Project\project\iar\Debug_m4\Obj\lin_18429031207028094880.dir
[14] = D:\AStudyWorkS\CodeWorksSpaces\IAR940worksspaces\Seekfree_CYT2BL3_Double_Foc_Project\project\iar\Debug_m4\Obj\lvd_6353935867039560245.dir
[15] = D:\AStudyWorkS\CodeWorksSpaces\IAR940worksspaces\Seekfree_CYT2BL3_Double_Foc_Project\project\iar\Debug_m4\Obj\mcwdt_4052485907822033969.dir
[16] = D:\AStudyWorkS\CodeWorksSpaces\IAR940worksspaces\Seekfree_CYT2BL3_Double_Foc_Project\project\iar\Debug_m4\Obj\mpu_5663187252346826382.dir
[17] = D:\AStudyWorkS\CodeWorksSpaces\IAR940worksspaces\Seekfree_CYT2BL3_Double_Foc_Project\project\iar\Debug_m4\Obj\prot_10722960861768657883.dir
[18] = D:\AStudyWorkS\CodeWorksSpaces\IAR940worksspaces\Seekfree_CYT2BL3_Double_Foc_Project\project\iar\Debug_m4\Obj\rev_b_4986922561640112550.dir
[19] = D:\AStudyWorkS\CodeWorksSpaces\IAR940worksspaces\Seekfree_CYT2BL3_Double_Foc_Project\project\iar\Debug_m4\Obj\rev_b_6162237342861132223.dir
[20] = D:\AStudyWorkS\CodeWorksSpaces\IAR940worksspaces\Seekfree_CYT2BL3_Double_Foc_Project\project\iar\Debug_m4\Obj\scb_15490842639181808494.dir
[21] = D:\AStudyWorkS\CodeWorksSpaces\IAR940worksspaces\Seekfree_CYT2BL3_Double_Foc_Project\project\iar\Debug_m4\Obj\semihosting_143864889731838620.dir
[22] = D:\AStudyWorkS\CodeWorksSpaces\IAR940worksspaces\Seekfree_CYT2BL3_Double_Foc_Project\project\iar\Debug_m4\Obj\smartio_5451710003740070188.dir
[23] = D:\AStudyWorkS\CodeWorksSpaces\IAR940worksspaces\Seekfree_CYT2BL3_Double_Foc_Project\project\iar\Debug_m4\Obj\smif_427648126384146252.dir
[24] = D:\AStudyWorkS\CodeWorksSpaces\IAR940worksspaces\Seekfree_CYT2BL3_Double_Foc_Project\project\iar\Debug_m4\Obj\srom_13018798572330080582.dir
[25] = D:\AStudyWorkS\CodeWorksSpaces\IAR940worksspaces\Seekfree_CYT2BL3_Double_Foc_Project\project\iar\Debug_m4\Obj\startup_479057977785470282.dir
[26] = D:\AStudyWorkS\CodeWorksSpaces\IAR940worksspaces\Seekfree_CYT2BL3_Double_Foc_Project\project\iar\Debug_m4\Obj\sw_timer_4215635015939382130.dir
[27] = D:\AStudyWorkS\CodeWorksSpaces\IAR940worksspaces\Seekfree_CYT2BL3_Double_Foc_Project\project\iar\Debug_m4\Obj\sysclk_16149231235676103872.dir
[28] = D:\AStudyWorkS\CodeWorksSpaces\IAR940worksspaces\Seekfree_CYT2BL3_Double_Foc_Project\project\iar\Debug_m4\Obj\sysflt_12293435975120599261.dir
[29] = D:\AStudyWorkS\CodeWorksSpaces\IAR940worksspaces\Seekfree_CYT2BL3_Double_Foc_Project\project\iar\Debug_m4\Obj\sysint_7435970359207984181.dir
[30] = D:\AStudyWorkS\CodeWorksSpaces\IAR940worksspaces\Seekfree_CYT2BL3_Double_Foc_Project\project\iar\Debug_m4\Obj\syslib_16330585751512546975.dir
[31] = D:\AStudyWorkS\CodeWorksSpaces\IAR940worksspaces\Seekfree_CYT2BL3_Double_Foc_Project\project\iar\Debug_m4\Obj\syspm_10887939769544754770.dir
[32] = D:\AStudyWorkS\CodeWorksSpaces\IAR940worksspaces\Seekfree_CYT2BL3_Double_Foc_Project\project\iar\Debug_m4\Obj\sysreset_14586141425677365288.dir
[33] = D:\AStudyWorkS\CodeWorksSpaces\IAR940worksspaces\Seekfree_CYT2BL3_Double_Foc_Project\project\iar\Debug_m4\Obj\sysrtc_10747768817563771611.dir
[34] = D:\AStudyWorkS\CodeWorksSpaces\IAR940worksspaces\Seekfree_CYT2BL3_Double_Foc_Project\project\iar\Debug_m4\Obj\systick_16016591671695740695.dir
[35] = D:\AStudyWorkS\CodeWorksSpaces\IAR940worksspaces\Seekfree_CYT2BL3_Double_Foc_Project\project\iar\Debug_m4\Obj\syswdt_9118657615806274156.dir
[36] = D:\AStudyWorkS\CodeWorksSpaces\IAR940worksspaces\Seekfree_CYT2BL3_Double_Foc_Project\project\iar\Debug_m4\Obj\tcpwm_422923530147891246.dir
[37] = D:\AStudyWorkS\CodeWorksSpaces\IAR940worksspaces\Seekfree_CYT2BL3_Double_Foc_Project\project\iar\Debug_m4\Obj\trigmux_9729677290734583340.dir
[38] = D:\AStudyWorkS\CodeWorksSpaces\IAR940worksspaces\Seekfree_CYT2BL3_Double_Foc_Project\project\iar\Debug_m4\Obj\user_8514941877209965082.dir
[39] = D:\AStudyWorkS\CodeWorksSpaces\IAR940worksspaces\Seekfree_CYT2BL3_Double_Foc_Project\project\iar\Debug_m4\Obj\zf_common_1201165462030747823.dir
[40] = D:\AStudyWorkS\CodeWorksSpaces\IAR940worksspaces\Seekfree_CYT2BL3_Double_Foc_Project\project\iar\Debug_m4\Obj\zf_components_14936052685886095442.dir
[41] = D:\AStudyWorkS\CodeWorksSpaces\IAR940worksspaces\Seekfree_CYT2BL3_Double_Foc_Project\project\iar\Debug_m4\Obj\zf_device_6570275422786408770.dir
[42] = D:\AStudyWorkS\CodeWorksSpaces\IAR940worksspaces\Seekfree_CYT2BL3_Double_Foc_Project\project\iar\Debug_m4\Obj\zf_driver_11922370083829174090.dir
[43] = dl7M_tln.a
[44] = m7M_tls.a
[45] = rt7M_tl.a
[46] = shb_l.a
[47] = zf_device_config.a

  50'538 bytes of readonly  code memory
  38'552 bytes of readonly  data memory
  14'829 bytes of readwrite data memory

Errors: none
Warnings: none
